=====================================================================
== C:\SERVICES\ni10839481_1_SHARE\ftproot\dayzstandalone\DayZServer_x64.exe
== "C:\SERVICES\ni10839481_1_SHARE\ftproot\dayzstandalone\DayZServer_x64.exe" -ip=85.190.162.236 -port=11200 -cpuCount=4 -limitFPS=100 -config=serverDZ.cfg "-mod=@Namalsk Survival;@Namalsk Island;@Zens Zombie Door Bangers;@Ear-Plugs;@Code Lock" -profiles=C:\SERVICES\ni10839481_1_SHARE\ftproot\dayzstandalone/config -BEPath=C:\SERVICES\ni10839481_1_SHARE\ftproot\dayzstandalone\battleye -noFilePatching -nologs -adminlog -freezecheck
=====================================================================
Exe timestamp: 2025/04/04 00:49:20
Current time:  2025/04/29 12:41:39
Version 1.27.159674
=====================================================================

12:41:39.398 [Inputs] Loading inputs default "bin/constants.xml"
12:41:39.406 [Inputs] Loading inputs default "bin/specific.xml"
12:41:39.408 [Inputs] Loading inputs default "EarPlugs/data/inputs.xml"
12:41:39.411 [Inputs] Loading inputs default "nst/ns_dayz/scripts/Data/Inputs.xml"
12:41:39.413 [Inputs] Loading inputs cfg "C:\SERVICES\ni10839481_1_SHARE\ftproot\dayzstandalone/config\Users\Survivor\Server.core.xml"
12:41:39.425 [Inputs] Exporting inputs cfg "C:\SERVICES\ni10839481_1_SHARE\ftproot\dayzstandalone/config\Users\Survivor\Server.core.xml"
12:42:06.88 Hostname of server: "Aid Station | Namalsk"
12:42:18.436 [CE][Hive] :: Initializing OFFLINE
12:42:18.437 [StorageDirs] :: Selected storage directory: C:\SERVICES\ni10839481_1_SHARE\ftproot\dayzstandalone\mpmissions\regular.namalsk\storage_1\
12:42:18.440 [CE][Hive] :: Loading core data ... 
12:42:18.444 [CE][CoreData] :: 8 root classes, 0 defaults, 0 updaters...
12:42:27.145 [CE] :: WARNING :: Preset map "headsFirefighter" is EMPTY.
12:42:27.148 [CE][TypeSetup] :: 599 classes setuped...
12:42:27.786 [CE][RegisterBind] :: 0 classes binded...
12:42:27.787 [CE][RegisterConfig] :: 5794 config classes registered, 0 sub-counters...
12:42:27.787 [CE][Hive] :: Loading map data ... 
12:42:27.857 [CE][LoadPrototype] :: loaded 256 prototypes
12:42:27.857   404 containers, 7415 points
12:42:27.857   1 dispatches, 1 proxies
12:42:27.857 !!! [CE][LoadPrototype] 1 groups have wrong points...
12:42:27.857 [CE][LoadPrototype] :: last group name: land_frozen_person...
12:42:27.868 [CE][LoadPrototype] :: loaded 0 prototypes
12:42:27.868   38 containers, 66 points
12:42:27.868   0 dispatches, 0 proxies
12:42:27.868 [CE][LoadPrototype] :: last group name: StoneLoc38...
12:42:27.968 [CE][LoadMap] "Group" :: loaded 1445 groups, groups failed: 0, largest group range: 36.4
12:42:27.974 [CE][LoadMap] "Dirt" :: loaded 0 groups, groups failed: 0, largest group range: 36.4
12:42:27.979 [CE][Links] found 472 total links between groups, of 1445
12:42:27.979 [CE][LoadClusters] "Cluster" :: Loading files...
12:42:27.998 [CE][LoadClusters] :: file: "mapgroupcluster.xml", 1 types, 2418 instances
12:42:28.02 [CE][Storage] ver:21 stamp:63543, valid:yes, name:"C:\SERVICES\ni10839481_1_SHARE\ftproot\dayzstandalone\mpmissions\regular.namalsk\storage_1\data\types.bin"
12:42:28.05 [CE][Storage] ver:21 stamp:63478, valid:yes, name:"C:\SERVICES\ni10839481_1_SHARE\ftproot\dayzstandalone\mpmissions\regular.namalsk\storage_1\data\types.001"
12:42:28.25 [CE][Storage] ver:21 stamp:63476, valid:yes, name:"C:\SERVICES\ni10839481_1_SHARE\ftproot\dayzstandalone\mpmissions\regular.namalsk\storage_1\data\types.002"
12:42:28.25 [CE][Storage] Restoring file "C:\SERVICES\ni10839481_1_SHARE\ftproot\dayzstandalone\mpmissions\regular.namalsk\storage_1\data\types.bin".
12:42:28.97 [CE][offlineDB] :: Loaded 23 dynamic events 177 total types.
12:42:28.141 !!! [CE][offlineDB] :: Type 'ChristmasTree' will be ignored. (Not spawnable. (Scope is not public?))
12:42:28.171 [CE][DE][SPAWNS] :: Total positions: 711
12:42:28.171 [CE][DE][GROUPS] :: Total eventgroups defined: 0, Eventgroups in use: 0
12:42:28.173 [CE][Storage] ver:25 stamp:63543, valid:yes, name:"C:\SERVICES\ni10839481_1_SHARE\ftproot\dayzstandalone\mpmissions\regular.namalsk\storage_1\data\events.bin"
12:42:28.174 [CE][Storage] ver:25 stamp:63478, valid:yes, name:"C:\SERVICES\ni10839481_1_SHARE\ftproot\dayzstandalone\mpmissions\regular.namalsk\storage_1\data\events.001"
12:42:28.176 [CE][Storage] ver:25 stamp:63476, valid:yes, name:"C:\SERVICES\ni10839481_1_SHARE\ftproot\dayzstandalone\mpmissions\regular.namalsk\storage_1\data\events.002"
12:42:28.176 [CE][Storage] Restoring file "C:\SERVICES\ni10839481_1_SHARE\ftproot\dayzstandalone\mpmissions\regular.namalsk\storage_1\data\events.bin".
12:42:28.176 [CE][DynamicEvent] Load  Events:[23] Primary spawners: 23 Secondary spawners: 0
12:42:28.178 [CE][Storage] ver:25 stamp:63543, valid:yes, name:"C:\SERVICES\ni10839481_1_SHARE\ftproot\dayzstandalone\mpmissions\regular.namalsk\storage_1\data\dynamic_000.bin"
12:42:28.180 [CE][Storage] ver:25 stamp:63478, valid:yes, name:"C:\SERVICES\ni10839481_1_SHARE\ftproot\dayzstandalone\mpmissions\regular.namalsk\storage_1\data\dynamic_000.001"
12:42:28.182 [CE][Storage] ver:25 stamp:63476, valid:yes, name:"C:\SERVICES\ni10839481_1_SHARE\ftproot\dayzstandalone\mpmissions\regular.namalsk\storage_1\data\dynamic_000.002"
12:42:28.182 [CE][Storage] Restoring file "C:\SERVICES\ni10839481_1_SHARE\ftproot\dayzstandalone\mpmissions\regular.namalsk\storage_1\data\dynamic_000.bin" 0 items.
12:42:28.182   0 items loaded. (0 failed)
12:42:28.184 [CE][Storage] ver:25 stamp:63543, valid:yes, name:"C:\SERVICES\ni10839481_1_SHARE\ftproot\dayzstandalone\mpmissions\regular.namalsk\storage_1\data\dynamic_001.bin"
12:42:28.186 [CE][Storage] ver:25 stamp:63478, valid:yes, name:"C:\SERVICES\ni10839481_1_SHARE\ftproot\dayzstandalone\mpmissions\regular.namalsk\storage_1\data\dynamic_001.001"
12:42:28.188 [CE][Storage] ver:25 stamp:63476, valid:yes, name:"C:\SERVICES\ni10839481_1_SHARE\ftproot\dayzstandalone\mpmissions\regular.namalsk\storage_1\data\dynamic_001.002"
12:42:28.188 [CE][Storage] Restoring file "C:\SERVICES\ni10839481_1_SHARE\ftproot\dayzstandalone\mpmissions\regular.namalsk\storage_1\data\dynamic_001.bin" 38 items.
12:42:28.352   38 items loaded. (0 failed)
12:42:28.354 [CE][Storage] ver:25 stamp:63543, valid:yes, name:"C:\SERVICES\ni10839481_1_SHARE\ftproot\dayzstandalone\mpmissions\regular.namalsk\storage_1\data\dynamic_002.bin"
12:42:28.355 [CE][Storage] ver:25 stamp:63478, valid:yes, name:"C:\SERVICES\ni10839481_1_SHARE\ftproot\dayzstandalone\mpmissions\regular.namalsk\storage_1\data\dynamic_002.001"
12:42:28.357 [CE][Storage] ver:25 stamp:63476, valid:yes, name:"C:\SERVICES\ni10839481_1_SHARE\ftproot\dayzstandalone\mpmissions\regular.namalsk\storage_1\data\dynamic_002.002"
12:42:28.357 [CE][Storage] Restoring file "C:\SERVICES\ni10839481_1_SHARE\ftproot\dayzstandalone\mpmissions\regular.namalsk\storage_1\data\dynamic_002.bin" 66 items.
12:42:28.513   66 items loaded. (0 failed)
12:42:28.515 [CE][Storage] ver:25 stamp:63543, valid:yes, name:"C:\SERVICES\ni10839481_1_SHARE\ftproot\dayzstandalone\mpmissions\regular.namalsk\storage_1\data\dynamic_003.bin"
12:42:28.518 [CE][Storage] ver:25 stamp:63478, valid:yes, name:"C:\SERVICES\ni10839481_1_SHARE\ftproot\dayzstandalone\mpmissions\regular.namalsk\storage_1\data\dynamic_003.001"
12:42:28.520 [CE][Storage] ver:25 stamp:63476, valid:yes, name:"C:\SERVICES\ni10839481_1_SHARE\ftproot\dayzstandalone\mpmissions\regular.namalsk\storage_1\data\dynamic_003.002"
12:42:28.520 [CE][Storage] Restoring file "C:\SERVICES\ni10839481_1_SHARE\ftproot\dayzstandalone\mpmissions\regular.namalsk\storage_1\data\dynamic_003.bin" 761 items.
12:42:29.829   761 items loaded. (0 failed)
12:42:29.834 [CE][Storage] ver:25 stamp:63543, valid:yes, name:"C:\SERVICES\ni10839481_1_SHARE\ftproot\dayzstandalone\mpmissions\regular.namalsk\storage_1\data\dynamic_004.bin"
12:42:29.836 [CE][Storage] ver:25 stamp:63478, valid:yes, name:"C:\SERVICES\ni10839481_1_SHARE\ftproot\dayzstandalone\mpmissions\regular.namalsk\storage_1\data\dynamic_004.001"
12:42:29.839 [CE][Storage] ver:25 stamp:63476, valid:yes, name:"C:\SERVICES\ni10839481_1_SHARE\ftproot\dayzstandalone\mpmissions\regular.namalsk\storage_1\data\dynamic_004.002"
12:42:29.839 [CE][Storage] Restoring file "C:\SERVICES\ni10839481_1_SHARE\ftproot\dayzstandalone\mpmissions\regular.namalsk\storage_1\data\dynamic_004.bin" 1605 items.
12:42:31.197   1605 items loaded. (0 failed)
12:42:31.199 [CE][Storage] ver:25 stamp:63543, valid:yes, name:"C:\SERVICES\ni10839481_1_SHARE\ftproot\dayzstandalone\mpmissions\regular.namalsk\storage_1\data\dynamic_005.bin"
12:42:31.201 [CE][Storage] ver:25 stamp:63478, valid:yes, name:"C:\SERVICES\ni10839481_1_SHARE\ftproot\dayzstandalone\mpmissions\regular.namalsk\storage_1\data\dynamic_005.001"
12:42:31.203 [CE][Storage] ver:25 stamp:63476, valid:yes, name:"C:\SERVICES\ni10839481_1_SHARE\ftproot\dayzstandalone\mpmissions\regular.namalsk\storage_1\data\dynamic_005.002"
12:42:31.204 [CE][Storage] Restoring file "C:\SERVICES\ni10839481_1_SHARE\ftproot\dayzstandalone\mpmissions\regular.namalsk\storage_1\data\dynamic_005.bin" 775 items.
12:42:33.674   775 items loaded. (0 failed)
12:42:33.676 [CE][Storage] ver:25 stamp:63543, valid:yes, name:"C:\SERVICES\ni10839481_1_SHARE\ftproot\dayzstandalone\mpmissions\regular.namalsk\storage_1\data\dynamic_006.bin"
12:42:33.678 [CE][Storage] ver:25 stamp:63478, valid:yes, name:"C:\SERVICES\ni10839481_1_SHARE\ftproot\dayzstandalone\mpmissions\regular.namalsk\storage_1\data\dynamic_006.001"
12:42:33.680 [CE][Storage] ver:25 stamp:63476, valid:yes, name:"C:\SERVICES\ni10839481_1_SHARE\ftproot\dayzstandalone\mpmissions\regular.namalsk\storage_1\data\dynamic_006.002"
12:42:33.680 [CE][Storage] Restoring file "C:\SERVICES\ni10839481_1_SHARE\ftproot\dayzstandalone\mpmissions\regular.namalsk\storage_1\data\dynamic_006.bin" 1726 items.
12:42:34.781   1726 items loaded. (0 failed)
12:42:34.788 [CE][Storage] ver:25 stamp:63543, valid:yes, name:"C:\SERVICES\ni10839481_1_SHARE\ftproot\dayzstandalone\mpmissions\regular.namalsk\storage_1\data\dynamic_007.bin"
12:42:34.796 [CE][Storage] ver:25 stamp:63478, valid:yes, name:"C:\SERVICES\ni10839481_1_SHARE\ftproot\dayzstandalone\mpmissions\regular.namalsk\storage_1\data\dynamic_007.001"
12:42:34.804 [CE][Storage] ver:25 stamp:63476, valid:yes, name:"C:\SERVICES\ni10839481_1_SHARE\ftproot\dayzstandalone\mpmissions\regular.namalsk\storage_1\data\dynamic_007.002"
12:42:34.804 [CE][Storage] Restoring file "C:\SERVICES\ni10839481_1_SHARE\ftproot\dayzstandalone\mpmissions\regular.namalsk\storage_1\data\dynamic_007.bin" 598 items.
12:42:35.268   598 items loaded. (0 failed)
12:42:35.290 [CE][Storage] ver:25 stamp:63543, valid:yes, name:"C:\SERVICES\ni10839481_1_SHARE\ftproot\dayzstandalone\mpmissions\regular.namalsk\storage_1\data\dynamic_008.bin"
12:42:35.293 [CE][Storage] ver:25 stamp:63478, valid:yes, name:"C:\SERVICES\ni10839481_1_SHARE\ftproot\dayzstandalone\mpmissions\regular.namalsk\storage_1\data\dynamic_008.001"
12:42:35.295 [CE][Storage] ver:25 stamp:63476, valid:yes, name:"C:\SERVICES\ni10839481_1_SHARE\ftproot\dayzstandalone\mpmissions\regular.namalsk\storage_1\data\dynamic_008.002"
12:42:35.295 [CE][Storage] Restoring file "C:\SERVICES\ni10839481_1_SHARE\ftproot\dayzstandalone\mpmissions\regular.namalsk\storage_1\data\dynamic_008.bin" 127 items.
12:42:35.377   127 items loaded. (0 failed)
12:42:35.384 [CE][Storage] ver:25 stamp:63543, valid:yes, name:"C:\SERVICES\ni10839481_1_SHARE\ftproot\dayzstandalone\mpmissions\regular.namalsk\storage_1\data\dynamic_009.bin"
12:42:35.393 [CE][Storage] ver:25 stamp:63478, valid:yes, name:"C:\SERVICES\ni10839481_1_SHARE\ftproot\dayzstandalone\mpmissions\regular.namalsk\storage_1\data\dynamic_009.001"
12:42:35.401 [CE][Storage] ver:25 stamp:63476, valid:yes, name:"C:\SERVICES\ni10839481_1_SHARE\ftproot\dayzstandalone\mpmissions\regular.namalsk\storage_1\data\dynamic_009.002"
12:42:35.402 [CE][Storage] Restoring file "C:\SERVICES\ni10839481_1_SHARE\ftproot\dayzstandalone\mpmissions\regular.namalsk\storage_1\data\dynamic_009.bin" 0 items.
12:42:35.402   0 items loaded. (0 failed)
12:42:35.410 [CE][Storage] ver:25 stamp:63543, valid:yes, name:"C:\SERVICES\ni10839481_1_SHARE\ftproot\dayzstandalone\mpmissions\regular.namalsk\storage_1\data\dynamic_010.bin"
12:42:35.420 [CE][Storage] ver:25 stamp:63478, valid:yes, name:"C:\SERVICES\ni10839481_1_SHARE\ftproot\dayzstandalone\mpmissions\regular.namalsk\storage_1\data\dynamic_010.001"
12:42:35.429 [CE][Storage] ver:25 stamp:63476, valid:yes, name:"C:\SERVICES\ni10839481_1_SHARE\ftproot\dayzstandalone\mpmissions\regular.namalsk\storage_1\data\dynamic_010.002"
12:42:35.429 [CE][Storage] Restoring file "C:\SERVICES\ni10839481_1_SHARE\ftproot\dayzstandalone\mpmissions\regular.namalsk\storage_1\data\dynamic_010.bin" 33 items.
12:42:35.453   33 items loaded. (0 failed)
12:42:35.463 [CE][Storage] ver:25 stamp:63543, valid:yes, name:"C:\SERVICES\ni10839481_1_SHARE\ftproot\dayzstandalone\mpmissions\regular.namalsk\storage_1\data\dynamic_011.bin"
12:42:35.473 [CE][Storage] ver:25 stamp:63478, valid:yes, name:"C:\SERVICES\ni10839481_1_SHARE\ftproot\dayzstandalone\mpmissions\regular.namalsk\storage_1\data\dynamic_011.001"
12:42:35.482 [CE][Storage] ver:25 stamp:63476, valid:yes, name:"C:\SERVICES\ni10839481_1_SHARE\ftproot\dayzstandalone\mpmissions\regular.namalsk\storage_1\data\dynamic_011.002"
12:42:35.485 [CE][Storage] Restoring file "C:\SERVICES\ni10839481_1_SHARE\ftproot\dayzstandalone\mpmissions\regular.namalsk\storage_1\data\dynamic_011.bin" 50 items.
12:42:35.529   50 items loaded. (0 failed)
12:42:35.541 [CE][Storage] ver:26 stamp:63543, valid:yes, name:"C:\SERVICES\ni10839481_1_SHARE\ftproot\dayzstandalone\mpmissions\regular.namalsk\storage_1\data\building.bin"
12:42:35.555 [CE][Storage] ver:26 stamp:63478, valid:yes, name:"C:\SERVICES\ni10839481_1_SHARE\ftproot\dayzstandalone\mpmissions\regular.namalsk\storage_1\data\building.001"
12:42:35.571 [CE][Storage] ver:26 stamp:63476, valid:yes, name:"C:\SERVICES\ni10839481_1_SHARE\ftproot\dayzstandalone\mpmissions\regular.namalsk\storage_1\data\building.002"
12:42:35.571 [CE][Storage] Restoring file "C:\SERVICES\ni10839481_1_SHARE\ftproot\dayzstandalone\mpmissions\regular.namalsk\storage_1\data\building.bin" 0 items.
12:42:35.571   0 items loaded. (0 failed)
12:42:35.588 [CE][Storage] ver:25 stamp:63543, valid:yes, name:"C:\SERVICES\ni10839481_1_SHARE\ftproot\dayzstandalone\mpmissions\regular.namalsk\storage_1\data\vehicles.bin"
12:42:35.594 [CE][Storage] ver:25 stamp:63478, valid:yes, name:"C:\SERVICES\ni10839481_1_SHARE\ftproot\dayzstandalone\mpmissions\regular.namalsk\storage_1\data\vehicles.001"
12:42:35.596 [CE][Storage] ver:25 stamp:63476, valid:yes, name:"C:\SERVICES\ni10839481_1_SHARE\ftproot\dayzstandalone\mpmissions\regular.namalsk\storage_1\data\vehicles.002"
12:42:35.596 [CE][Storage] Restoring file "C:\SERVICES\ni10839481_1_SHARE\ftproot\dayzstandalone\mpmissions\regular.namalsk\storage_1\data\vehicles.bin" 56 items.
12:42:35.985   56 items loaded. (0 failed)
12:42:36.20 [CE][Hive] :: Storage load took:7.84 seconds, recovery stamp:63543
12:42:36.21   entity: 9079, building: 0
12:42:36.21   no lifetime: 14
12:42:36.21   pathgraph's: 371
12:42:36.57 [CE][Hive] :: Initializing ... 
12:42:36.128 [CE][InitializeMap] :: initialized: 0
12:42:36.128 [CE][Hive] :: Initializing spawners ... 
12:42:36.128 [CE][LootRespawner] (PRIDummy) :: Initially (re)spawned:0, Nominal:6458, Total in Map: 5904 at 0 (sec)
12:42:36.128   tests:0, repeats:0 fails:0, overtime:0
12:42:40.03 [CE][DynEvent] :: 23 types
12:42:40.03 [00] Loot
12:42:40.03   Primary Spawner: "Loot", active: yes, repeat: 2
12:42:40.03 [01] StaticMedDrop
12:42:40.03   Primary Spawner: "Static", active: yes, repeat: 1
12:42:40.03 [02] StaticLifeboat
12:42:40.03   Primary Spawner: "Static", active: yes, repeat: 1
12:42:40.03 [03] ItemWoodenPlanks
12:42:40.03   Primary Spawner: "Item", active: yes, repeat: 1
12:42:40.03 [04] TrajectoryStones
12:42:40.03   Primary Spawner: "Trajectory", active: yes, repeat: 1
12:42:40.03 [05] InfectedSanta
12:42:40.04   Primary Spawner: "Infected", active: yes, repeat: 1
12:42:40.04 [06] InfectedArmy
12:42:40.04   Primary Spawner: "Infected", active: yes, repeat: 1
12:42:40.04 [07] InfectedIndustrial
12:42:40.04   Primary Spawner: "Infected", active: yes, repeat: 1
12:42:40.04 [08] InfectedCivil
12:42:40.04   Primary Spawner: "Infected", active: yes, repeat: 1
12:42:40.04 [09] InfectedMedic
12:42:40.04   Primary Spawner: "Infected", active: yes, repeat: 1
12:42:40.04 [10] AnimalGoat
12:42:40.04   Primary Spawner: "Animal", active: yes, repeat: 1
12:42:40.04 [11] AnimalSheep
12:42:40.04   Primary Spawner: "Animal", active: yes, repeat: 1
12:42:40.04 [12] AnimalReindeer
12:42:40.04   Primary Spawner: "Animal", active: yes, repeat: 1
12:42:40.04 [13] AnimalWildBoar
12:42:40.04   Primary Spawner: "Animal", active: yes, repeat: 1
12:42:40.04 [14] AnimalWolf
12:42:40.04   Primary Spawner: "Animal", active: yes, repeat: 1
12:42:40.04 [15] AnimalBrownBear
12:42:40.04   Primary Spawner: "Animal", active: yes, repeat: 1
12:42:40.04 [16] AnimalPolarBear
12:42:40.04   Primary Spawner: "Animal", active: yes, repeat: 1
12:42:40.04 [17] AmbientFox
12:42:40.04   Primary Spawner: "Ambient", active: yes, repeat: 1
12:42:40.04 [18] AmbientHare
12:42:40.04   Primary Spawner: "Ambient", active: yes, repeat: 1
12:42:40.04 [19] VehicleRubberBoats
12:42:40.04   Primary Spawner: "Vehicle", active: yes, repeat: 1
12:42:40.04 [20] VehicleCivilianCars
12:42:40.04   Primary Spawner: "Vehicle", active: yes, repeat: 1
12:42:40.04 [21] VehicleTrucks
12:42:40.04   Primary Spawner: "Vehicle", active: yes, repeat: 1
12:42:40.04 [22] VehicleMilitary
12:42:40.04   Primary Spawner: "Vehicle", active: yes, repeat: 1
12:42:40.04 [CE][Hive] :: Initializing of spawners done.
12:42:40.22 [CE][Hive] :: Init sequence finished.
12:42:40.22 Player connect enabled
12:42:40.818 [IdleMode] Entering IN - save processed
19:27:03.108 [Shutdown] Shutting down in 5400 seconds (90 minutes).
19:58:03.120 [Shutdown] Shutting down in 3600 seconds (60 minutes).
20:13:31.711 [Shutdown] Shutting down in 2700 seconds (45 minutes).
20:29:04.06 [Shutdown] Shutting down in 1800 seconds (30 minutes).
20:39:24.206 [Shutdown] Shutting down in 1200 seconds (20 minutes).
20:44:34.212 [Shutdown] Shutting down in 900 seconds (15 minutes).
20:49:44.304 [Shutdown] Shutting down in 600 seconds (10 minutes).
20:54:53.908 [Shutdown] Shutting down in 300 seconds (5 minutes).
20:55:55.810 [Shutdown] Shutting down in 240 seconds (4 minutes).
20:56:58.105 [Shutdown] Shutting down in 180 seconds (3 minutes).
20:58:00.335 [Shutdown] Shutting down in 120 seconds (2 minutes).
20:59:02.228 [Shutdown] Shutting down in 60 seconds (1 minutes).
20:59:02.323 [Shutdown] Saving players, locking server and kicking all players.
21:00:04.173 [Server] :: termination in: 5
21:00:05.174 [Server] :: termination in: 4
21:00:06.174 [Server] :: termination in: 3
21:00:07.174 [Server] :: termination in: 2
21:00:08.175 [Server] :: termination in: 1
21:00:17.310  --- Termination successfully completed --- 
