=====================================================================
== C:\SERVICES\ni10839481_1_SHARE\ftproot\dayzstandalone\DayZServer_x64.exe
== "C:\SERVICES\ni10839481_1_SHARE\ftproot\dayzstandalone\DayZServer_x64.exe" -ip=85.190.162.236 -port=11200 -cpuCount=4 -limitFPS=100 -config=serverDZ.cfg "-mod=@Namalsk Survival;@Namalsk Island;@Zens Zombie Door Bangers;@Ear-Plugs;@Code Lock" -profiles=C:\SERVICES\ni10839481_1_SHARE\ftproot\dayzstandalone/config -BEPath=C:\SERVICES\ni10839481_1_SHARE\ftproot\dayzstandalone\battleye -noFilePatching -nologs -adminlog -freezecheck
=====================================================================
Exe timestamp: 2025/04/04 00:49:20
Current time:  2025/05/09 12:42:34
Version 1.27.159674
=====================================================================

12:42:34.374 [Inputs] Loading inputs default "bin/constants.xml"
12:42:34.383 [Inputs] Loading inputs default "bin/specific.xml"
12:42:34.385 [Inputs] Loading inputs default "EarPlugs/data/inputs.xml"
12:42:34.387 [Inputs] Loading inputs default "nst/ns_dayz/scripts/Data/Inputs.xml"
12:42:34.389 [Inputs] Loading inputs cfg "C:\SERVICES\ni10839481_1_SHARE\ftproot\dayzstandalone/config\Users\Survivor\Server.core.xml"
12:42:34.402 [Inputs] Exporting inputs cfg "C:\SERVICES\ni10839481_1_SHARE\ftproot\dayzstandalone/config\Users\Survivor\Server.core.xml"
12:42:55.354 Hostname of server: "Aid Station | Namalsk"
12:43:10.415 [CE][Hive] :: Initializing OFFLINE
12:43:10.416 [StorageDirs] :: Selected storage directory: C:\SERVICES\ni10839481_1_SHARE\ftproot\dayzstandalone\mpmissions\regular.namalsk\storage_1\
12:43:10.421 [CE][Hive] :: Loading core data ... 
12:43:10.425 [CE][CoreData] :: 8 root classes, 0 defaults, 0 updaters...
12:43:19.809 [CE] :: WARNING :: Preset map "headsFirefighter" is EMPTY.
12:43:19.811 [CE][TypeSetup] :: 599 classes setuped...
12:43:20.417 [CE][RegisterBind] :: 0 classes binded...
12:43:20.418 [CE][RegisterConfig] :: 5794 config classes registered, 0 sub-counters...
12:43:20.418 [CE][Hive] :: Loading map data ... 
12:43:20.471 [CE][LoadPrototype] :: loaded 256 prototypes
12:43:20.471   404 containers, 7415 points
12:43:20.471   1 dispatches, 1 proxies
12:43:20.471 !!! [CE][LoadPrototype] 1 groups have wrong points...
12:43:20.471 [CE][LoadPrototype] :: last group name: land_frozen_person...
12:43:20.478 [CE][LoadPrototype] :: loaded 0 prototypes
12:43:20.479   38 containers, 66 points
12:43:20.479   0 dispatches, 0 proxies
12:43:20.479 [CE][LoadPrototype] :: last group name: StoneLoc38...
12:43:20.571 [CE][LoadMap] "Group" :: loaded 1445 groups, groups failed: 0, largest group range: 36.4
12:43:20.575 [CE][LoadMap] "Dirt" :: loaded 0 groups, groups failed: 0, largest group range: 36.4
12:43:20.581 [CE][Links] found 472 total links between groups, of 1445
12:43:20.581 [CE][LoadClusters] "Cluster" :: Loading files...
12:43:20.599 [CE][LoadClusters] :: file: "mapgroupcluster.xml", 1 types, 2418 instances
12:43:20.601 [CE][Storage] ver:21 stamp:83292, valid:yes, name:"C:\SERVICES\ni10839481_1_SHARE\ftproot\dayzstandalone\mpmissions\regular.namalsk\storage_1\data\types.bin"
12:43:20.603 [CE][Storage] ver:21 stamp:82223, valid:yes, name:"C:\SERVICES\ni10839481_1_SHARE\ftproot\dayzstandalone\mpmissions\regular.namalsk\storage_1\data\types.001"
12:43:20.604 [CE][Storage] ver:21 stamp:82224, valid:yes, name:"C:\SERVICES\ni10839481_1_SHARE\ftproot\dayzstandalone\mpmissions\regular.namalsk\storage_1\data\types.002"
12:43:20.605 [CE][Storage] Restoring file "C:\SERVICES\ni10839481_1_SHARE\ftproot\dayzstandalone\mpmissions\regular.namalsk\storage_1\data\types.bin".
12:43:20.660 [CE][offlineDB] :: Loaded 23 dynamic events 177 total types.
12:43:20.689 !!! [CE][offlineDB] :: Type 'ChristmasTree' will be ignored. (Not spawnable. (Scope is not public?))
12:43:20.713 [CE][DE][SPAWNS] :: Total positions: 711
12:43:20.713 [CE][DE][GROUPS] :: Total eventgroups defined: 0, Eventgroups in use: 0
12:43:20.714 [CE][Storage] ver:25 stamp:83292, valid:yes, name:"C:\SERVICES\ni10839481_1_SHARE\ftproot\dayzstandalone\mpmissions\regular.namalsk\storage_1\data\events.bin"
12:43:20.716 [CE][Storage] ver:25 stamp:82223, valid:yes, name:"C:\SERVICES\ni10839481_1_SHARE\ftproot\dayzstandalone\mpmissions\regular.namalsk\storage_1\data\events.001"
12:43:20.717 [CE][Storage] ver:25 stamp:82224, valid:yes, name:"C:\SERVICES\ni10839481_1_SHARE\ftproot\dayzstandalone\mpmissions\regular.namalsk\storage_1\data\events.002"
12:43:20.717 [CE][Storage] Restoring file "C:\SERVICES\ni10839481_1_SHARE\ftproot\dayzstandalone\mpmissions\regular.namalsk\storage_1\data\events.bin".
12:43:20.717 [CE][DynamicEvent] Load  Events:[23] Primary spawners: 23 Secondary spawners: 0
12:43:20.719 [CE][Storage] ver:25 stamp:83292, valid:yes, name:"C:\SERVICES\ni10839481_1_SHARE\ftproot\dayzstandalone\mpmissions\regular.namalsk\storage_1\data\dynamic_000.bin"
12:43:20.720 [CE][Storage] ver:25 stamp:82223, valid:yes, name:"C:\SERVICES\ni10839481_1_SHARE\ftproot\dayzstandalone\mpmissions\regular.namalsk\storage_1\data\dynamic_000.001"
12:43:20.722 [CE][Storage] ver:25 stamp:82224, valid:yes, name:"C:\SERVICES\ni10839481_1_SHARE\ftproot\dayzstandalone\mpmissions\regular.namalsk\storage_1\data\dynamic_000.002"
12:43:20.722 [CE][Storage] Restoring file "C:\SERVICES\ni10839481_1_SHARE\ftproot\dayzstandalone\mpmissions\regular.namalsk\storage_1\data\dynamic_000.bin" 1 items.
12:43:20.723   1 items loaded. (0 failed)
12:43:20.724 [CE][Storage] ver:25 stamp:83292, valid:yes, name:"C:\SERVICES\ni10839481_1_SHARE\ftproot\dayzstandalone\mpmissions\regular.namalsk\storage_1\data\dynamic_001.bin"
12:43:20.726 [CE][Storage] ver:25 stamp:82223, valid:yes, name:"C:\SERVICES\ni10839481_1_SHARE\ftproot\dayzstandalone\mpmissions\regular.namalsk\storage_1\data\dynamic_001.001"
12:43:20.727 [CE][Storage] ver:25 stamp:82224, valid:yes, name:"C:\SERVICES\ni10839481_1_SHARE\ftproot\dayzstandalone\mpmissions\regular.namalsk\storage_1\data\dynamic_001.002"
12:43:20.727 [CE][Storage] Restoring file "C:\SERVICES\ni10839481_1_SHARE\ftproot\dayzstandalone\mpmissions\regular.namalsk\storage_1\data\dynamic_001.bin" 32 items.
12:43:20.811   32 items loaded. (0 failed)
12:43:20.812 [CE][Storage] ver:25 stamp:83292, valid:yes, name:"C:\SERVICES\ni10839481_1_SHARE\ftproot\dayzstandalone\mpmissions\regular.namalsk\storage_1\data\dynamic_002.bin"
12:43:20.814 [CE][Storage] ver:25 stamp:82223, valid:yes, name:"C:\SERVICES\ni10839481_1_SHARE\ftproot\dayzstandalone\mpmissions\regular.namalsk\storage_1\data\dynamic_002.001"
12:43:20.815 [CE][Storage] ver:25 stamp:82224, valid:yes, name:"C:\SERVICES\ni10839481_1_SHARE\ftproot\dayzstandalone\mpmissions\regular.namalsk\storage_1\data\dynamic_002.002"
12:43:20.815 [CE][Storage] Restoring file "C:\SERVICES\ni10839481_1_SHARE\ftproot\dayzstandalone\mpmissions\regular.namalsk\storage_1\data\dynamic_002.bin" 61 items.
12:43:20.918   61 items loaded. (0 failed)
12:43:20.920 [CE][Storage] ver:25 stamp:83292, valid:yes, name:"C:\SERVICES\ni10839481_1_SHARE\ftproot\dayzstandalone\mpmissions\regular.namalsk\storage_1\data\dynamic_003.bin"
12:43:20.922 [CE][Storage] ver:25 stamp:82223, valid:yes, name:"C:\SERVICES\ni10839481_1_SHARE\ftproot\dayzstandalone\mpmissions\regular.namalsk\storage_1\data\dynamic_003.001"
12:43:20.926 [CE][Storage] ver:25 stamp:82224, valid:yes, name:"C:\SERVICES\ni10839481_1_SHARE\ftproot\dayzstandalone\mpmissions\regular.namalsk\storage_1\data\dynamic_003.002"
12:43:20.926 [CE][Storage] Restoring file "C:\SERVICES\ni10839481_1_SHARE\ftproot\dayzstandalone\mpmissions\regular.namalsk\storage_1\data\dynamic_003.bin" 728 items.
12:43:21.671   728 items loaded. (0 failed)
12:43:21.680 [CE][Storage] ver:25 stamp:83292, valid:yes, name:"C:\SERVICES\ni10839481_1_SHARE\ftproot\dayzstandalone\mpmissions\regular.namalsk\storage_1\data\dynamic_004.bin"
12:43:21.688 [CE][Storage] ver:25 stamp:82223, valid:yes, name:"C:\SERVICES\ni10839481_1_SHARE\ftproot\dayzstandalone\mpmissions\regular.namalsk\storage_1\data\dynamic_004.001"
12:43:21.697 [CE][Storage] ver:25 stamp:82224, valid:yes, name:"C:\SERVICES\ni10839481_1_SHARE\ftproot\dayzstandalone\mpmissions\regular.namalsk\storage_1\data\dynamic_004.002"
12:43:21.697 [CE][Storage] Restoring file "C:\SERVICES\ni10839481_1_SHARE\ftproot\dayzstandalone\mpmissions\regular.namalsk\storage_1\data\dynamic_004.bin" 1676 items.
12:43:23.71   1676 items loaded. (0 failed)
12:43:23.74 [CE][Storage] ver:25 stamp:83292, valid:yes, name:"C:\SERVICES\ni10839481_1_SHARE\ftproot\dayzstandalone\mpmissions\regular.namalsk\storage_1\data\dynamic_005.bin"
12:43:23.76 [CE][Storage] ver:25 stamp:82223, valid:yes, name:"C:\SERVICES\ni10839481_1_SHARE\ftproot\dayzstandalone\mpmissions\regular.namalsk\storage_1\data\dynamic_005.001"
12:43:23.78 [CE][Storage] ver:25 stamp:82224, valid:yes, name:"C:\SERVICES\ni10839481_1_SHARE\ftproot\dayzstandalone\mpmissions\regular.namalsk\storage_1\data\dynamic_005.002"
12:43:23.78 [CE][Storage] Restoring file "C:\SERVICES\ni10839481_1_SHARE\ftproot\dayzstandalone\mpmissions\regular.namalsk\storage_1\data\dynamic_005.bin" 782 items.
12:43:24.934   782 items loaded. (0 failed)
12:43:24.936 [CE][Storage] ver:25 stamp:83292, valid:yes, name:"C:\SERVICES\ni10839481_1_SHARE\ftproot\dayzstandalone\mpmissions\regular.namalsk\storage_1\data\dynamic_006.bin"
12:43:24.938 [CE][Storage] ver:25 stamp:82223, valid:yes, name:"C:\SERVICES\ni10839481_1_SHARE\ftproot\dayzstandalone\mpmissions\regular.namalsk\storage_1\data\dynamic_006.001"
12:43:24.940 [CE][Storage] ver:25 stamp:82224, valid:yes, name:"C:\SERVICES\ni10839481_1_SHARE\ftproot\dayzstandalone\mpmissions\regular.namalsk\storage_1\data\dynamic_006.002"
12:43:24.940 [CE][Storage] Restoring file "C:\SERVICES\ni10839481_1_SHARE\ftproot\dayzstandalone\mpmissions\regular.namalsk\storage_1\data\dynamic_006.bin" 1715 items.
12:43:25.777   1715 items loaded. (0 failed)
12:43:25.779 [CE][Storage] ver:25 stamp:83292, valid:yes, name:"C:\SERVICES\ni10839481_1_SHARE\ftproot\dayzstandalone\mpmissions\regular.namalsk\storage_1\data\dynamic_007.bin"
12:43:25.781 [CE][Storage] ver:25 stamp:82223, valid:yes, name:"C:\SERVICES\ni10839481_1_SHARE\ftproot\dayzstandalone\mpmissions\regular.namalsk\storage_1\data\dynamic_007.001"
12:43:25.783 [CE][Storage] ver:25 stamp:82224, valid:yes, name:"C:\SERVICES\ni10839481_1_SHARE\ftproot\dayzstandalone\mpmissions\regular.namalsk\storage_1\data\dynamic_007.002"
12:43:25.783 [CE][Storage] Restoring file "C:\SERVICES\ni10839481_1_SHARE\ftproot\dayzstandalone\mpmissions\regular.namalsk\storage_1\data\dynamic_007.bin" 605 items.
12:43:26.57   605 items loaded. (0 failed)
12:43:26.59 [CE][Storage] ver:25 stamp:83292, valid:yes, name:"C:\SERVICES\ni10839481_1_SHARE\ftproot\dayzstandalone\mpmissions\regular.namalsk\storage_1\data\dynamic_008.bin"
12:43:26.61 [CE][Storage] ver:25 stamp:82223, valid:yes, name:"C:\SERVICES\ni10839481_1_SHARE\ftproot\dayzstandalone\mpmissions\regular.namalsk\storage_1\data\dynamic_008.001"
12:43:26.62 [CE][Storage] ver:25 stamp:82224, valid:yes, name:"C:\SERVICES\ni10839481_1_SHARE\ftproot\dayzstandalone\mpmissions\regular.namalsk\storage_1\data\dynamic_008.002"
12:43:26.62 [CE][Storage] Restoring file "C:\SERVICES\ni10839481_1_SHARE\ftproot\dayzstandalone\mpmissions\regular.namalsk\storage_1\data\dynamic_008.bin" 126 items.
12:43:26.139   126 items loaded. (0 failed)
12:43:26.142 [CE][Storage] ver:25 stamp:83292, valid:yes, name:"C:\SERVICES\ni10839481_1_SHARE\ftproot\dayzstandalone\mpmissions\regular.namalsk\storage_1\data\dynamic_009.bin"
12:43:26.144 [CE][Storage] ver:25 stamp:82223, valid:yes, name:"C:\SERVICES\ni10839481_1_SHARE\ftproot\dayzstandalone\mpmissions\regular.namalsk\storage_1\data\dynamic_009.001"
12:43:26.145 [CE][Storage] ver:25 stamp:82224, valid:yes, name:"C:\SERVICES\ni10839481_1_SHARE\ftproot\dayzstandalone\mpmissions\regular.namalsk\storage_1\data\dynamic_009.002"
12:43:26.146 [CE][Storage] Restoring file "C:\SERVICES\ni10839481_1_SHARE\ftproot\dayzstandalone\mpmissions\regular.namalsk\storage_1\data\dynamic_009.bin" 0 items.
12:43:26.146   0 items loaded. (0 failed)
12:43:26.147 [CE][Storage] ver:25 stamp:83292, valid:yes, name:"C:\SERVICES\ni10839481_1_SHARE\ftproot\dayzstandalone\mpmissions\regular.namalsk\storage_1\data\dynamic_010.bin"
12:43:26.149 [CE][Storage] ver:25 stamp:82223, valid:yes, name:"C:\SERVICES\ni10839481_1_SHARE\ftproot\dayzstandalone\mpmissions\regular.namalsk\storage_1\data\dynamic_010.001"
12:43:26.151 [CE][Storage] ver:25 stamp:82224, valid:yes, name:"C:\SERVICES\ni10839481_1_SHARE\ftproot\dayzstandalone\mpmissions\regular.namalsk\storage_1\data\dynamic_010.002"
12:43:26.151 [CE][Storage] Restoring file "C:\SERVICES\ni10839481_1_SHARE\ftproot\dayzstandalone\mpmissions\regular.namalsk\storage_1\data\dynamic_010.bin" 37 items.
12:43:26.256   37 items loaded. (0 failed)
12:43:26.259 [CE][Storage] ver:25 stamp:83292, valid:yes, name:"C:\SERVICES\ni10839481_1_SHARE\ftproot\dayzstandalone\mpmissions\regular.namalsk\storage_1\data\dynamic_011.bin"
12:43:26.260 [CE][Storage] ver:25 stamp:82223, valid:yes, name:"C:\SERVICES\ni10839481_1_SHARE\ftproot\dayzstandalone\mpmissions\regular.namalsk\storage_1\data\dynamic_011.001"
12:43:26.263 [CE][Storage] ver:25 stamp:82224, valid:yes, name:"C:\SERVICES\ni10839481_1_SHARE\ftproot\dayzstandalone\mpmissions\regular.namalsk\storage_1\data\dynamic_011.002"
12:43:26.263 [CE][Storage] Restoring file "C:\SERVICES\ni10839481_1_SHARE\ftproot\dayzstandalone\mpmissions\regular.namalsk\storage_1\data\dynamic_011.bin" 52 items.
12:43:26.300   52 items loaded. (0 failed)
12:43:26.302 [CE][Storage] ver:26 stamp:83292, valid:yes, name:"C:\SERVICES\ni10839481_1_SHARE\ftproot\dayzstandalone\mpmissions\regular.namalsk\storage_1\data\building.bin"
12:43:26.304 [CE][Storage] ver:26 stamp:82223, valid:yes, name:"C:\SERVICES\ni10839481_1_SHARE\ftproot\dayzstandalone\mpmissions\regular.namalsk\storage_1\data\building.001"
12:43:26.305 [CE][Storage] ver:26 stamp:82224, valid:yes, name:"C:\SERVICES\ni10839481_1_SHARE\ftproot\dayzstandalone\mpmissions\regular.namalsk\storage_1\data\building.002"
12:43:26.306 [CE][Storage] Restoring file "C:\SERVICES\ni10839481_1_SHARE\ftproot\dayzstandalone\mpmissions\regular.namalsk\storage_1\data\building.bin" 0 items.
12:43:26.306   0 items loaded. (0 failed)
12:43:26.307 [CE][Storage] ver:25 stamp:83292, valid:yes, name:"C:\SERVICES\ni10839481_1_SHARE\ftproot\dayzstandalone\mpmissions\regular.namalsk\storage_1\data\vehicles.bin"
12:43:26.309 [CE][Storage] ver:25 stamp:82223, valid:yes, name:"C:\SERVICES\ni10839481_1_SHARE\ftproot\dayzstandalone\mpmissions\regular.namalsk\storage_1\data\vehicles.001"
12:43:26.311 [CE][Storage] ver:25 stamp:82224, valid:yes, name:"C:\SERVICES\ni10839481_1_SHARE\ftproot\dayzstandalone\mpmissions\regular.namalsk\storage_1\data\vehicles.002"
12:43:26.311 [CE][Storage] Restoring file "C:\SERVICES\ni10839481_1_SHARE\ftproot\dayzstandalone\mpmissions\regular.namalsk\storage_1\data\vehicles.bin" 59 items.
12:43:26.527   59 items loaded. (0 failed)
12:43:26.549 [CE][Hive] :: Storage load took:5.84 seconds, recovery stamp:83292
12:43:26.549   entity: 9297, building: 0
12:43:26.549   no lifetime: 14
12:43:26.549   pathgraph's: 402
12:43:26.554 [CE][Hive] :: Initializing ... 
12:43:26.589 [CE][InitializeMap] :: initialized: 0
12:43:26.589 [CE][Hive] :: Initializing spawners ... 
12:43:26.589 [CE][LootRespawner] (PRIDummy) :: Initially (re)spawned:0, Nominal:6458, Total in Map: 5943 at 0 (sec)
12:43:26.589   tests:0, repeats:0 fails:0, overtime:0
12:43:29.496 [CE][DynEvent] :: 23 types
12:43:29.496 [00] Loot
12:43:29.496   Primary Spawner: "Loot", active: yes, repeat: 2
12:43:29.496 [01] StaticMedDrop
12:43:29.496   Primary Spawner: "Static", active: yes, repeat: 1
12:43:29.496 [02] StaticLifeboat
12:43:29.496   Primary Spawner: "Static", active: yes, repeat: 1
12:43:29.496 [03] ItemWoodenPlanks
12:43:29.496   Primary Spawner: "Item", active: yes, repeat: 1
12:43:29.496 [04] TrajectoryStones
12:43:29.496   Primary Spawner: "Trajectory", active: yes, repeat: 1
12:43:29.496 [05] InfectedSanta
12:43:29.496   Primary Spawner: "Infected", active: yes, repeat: 1
12:43:29.496 [06] InfectedArmy
12:43:29.496   Primary Spawner: "Infected", active: yes, repeat: 1
12:43:29.496 [07] InfectedIndustrial
12:43:29.496   Primary Spawner: "Infected", active: yes, repeat: 1
12:43:29.496 [08] InfectedCivil
12:43:29.496   Primary Spawner: "Infected", active: yes, repeat: 1
12:43:29.496 [09] InfectedMedic
12:43:29.496   Primary Spawner: "Infected", active: yes, repeat: 1
12:43:29.496 [10] AnimalGoat
12:43:29.496   Primary Spawner: "Animal", active: yes, repeat: 1
12:43:29.496 [11] AnimalSheep
12:43:29.496   Primary Spawner: "Animal", active: yes, repeat: 1
12:43:29.496 [12] AnimalReindeer
12:43:29.496   Primary Spawner: "Animal", active: yes, repeat: 1
12:43:29.496 [13] AnimalWildBoar
12:43:29.496   Primary Spawner: "Animal", active: yes, repeat: 1
12:43:29.496 [14] AnimalWolf
12:43:29.496   Primary Spawner: "Animal", active: yes, repeat: 1
12:43:29.496 [15] AnimalBrownBear
12:43:29.496   Primary Spawner: "Animal", active: yes, repeat: 1
12:43:29.496 [16] AnimalPolarBear
12:43:29.496   Primary Spawner: "Animal", active: yes, repeat: 1
12:43:29.496 [17] AmbientFox
12:43:29.496   Primary Spawner: "Ambient", active: yes, repeat: 1
12:43:29.496 [18] AmbientHare
12:43:29.496   Primary Spawner: "Ambient", active: yes, repeat: 1
12:43:29.496 [19] VehicleRubberBoats
12:43:29.496   Primary Spawner: "Vehicle", active: yes, repeat: 1
12:43:29.496 [20] VehicleCivilianCars
12:43:29.496   Primary Spawner: "Vehicle", active: yes, repeat: 1
12:43:29.496 [21] VehicleTrucks
12:43:29.496   Primary Spawner: "Vehicle", active: yes, repeat: 1
12:43:29.496 [22] VehicleMilitary
12:43:29.496   Primary Spawner: "Vehicle", active: yes, repeat: 1
12:43:29.496 [CE][Hive] :: Initializing of spawners done.
12:43:29.502 [CE][Hive] :: Init sequence finished.
12:43:29.502 Player connect enabled
12:43:29.939 [IdleMode] Entering IN - save processed
14:11:43.19 [Login]: Adding player Hodge1724 (18047092) to login queue at position 0
14:11:43.19 [LoginMachine]: Add player Hodge1724 (18047092 90.246.46.172:52845)
14:11:43.19 [StateMachine]: Player Hodge1724 (dpnid 18047092 uid ) Entering AuthPlayerLoginState
14:11:43.423 [StateMachine]: Player Hodge1724 (dpnid 18047092 uid ) Entering WaitAuthPlayerLoginState
14:11:45.935 Player Hodge1724 (id=FTOPgmv4_zF6ugVsxgSDhOdzRYYadjhx3V5s3Jlm6Qo=) has connected.
14:11:45.935 Player "Hodge1724"(steamID=76561198067455344) is connected
14:11:45.945 [StateMachine]: Player Hodge1724 (dpnid 18047092 uid ) Entering WaitPlayerAssignedLoginState
14:11:47.101 [IdleMode] Leaving OUT
14:11:47.309 [StateMachine]: Player Hodge1724 (dpnid 18047092 uid ) Entering PlayerAssignedLoginState
14:11:47.320 [StateMachine]: Player Hodge1724 (dpnid 18047092 uid FTOPgmv4_zF6ugVsxgSDhOdzRYYadjhx3V5s3Jlm6Qo=) Entering DBGetLoginTimeLoginState
14:11:47.473 [StateMachine]: Player Hodge1724 (dpnid 18047092 uid FTOPgmv4_zF6ugVsxgSDhOdzRYYadjhx3V5s3Jlm6Qo=) Entering DBWaitLoginTimeLoginState
14:12:02.474 [StateMachine]: Player Hodge1724 (dpnid 18047092 uid FTOPgmv4_zF6ugVsxgSDhOdzRYYadjhx3V5s3Jlm6Qo=) Entering DBGetCharacterLoginState
14:12:02.494 [StateMachine]: Player Hodge1724 (dpnid 18047092 uid FTOPgmv4_zF6ugVsxgSDhOdzRYYadjhx3V5s3Jlm6Qo=) Entering CreateNetObjectsLoginState
14:12:02.504 [CE][PlayerSpawnPoints][GRP_DBG] :: Selected: { no group } | idx: 0 (ut: 5376031 | lt: 0 | ctr: 0)
14:12:02.504 [CE][PlayerSpawnPoints][GRP_DBG] :: Current: { no group } | idx: 0 (ct: 5376031 | ut: 5376031 | lt: 0 | ctr: 0)
14:12:02.504 [CE][PlayerSpawnPoints][GRP_DBG] :: Current: { no group } index: 0 (lt: 0 | ctr: 0)
14:12:02.504 [CE][PlayerSpawnPoints][GRP_DBG] :: Selected: { no group } | idx: 0 (ut: 5376031 | lt: 0 | ctr: 0)
14:12:02.512 [StateMachine]: Player Hodge1724 (dpnid 18047092 uid FTOPgmv4_zF6ugVsxgSDhOdzRYYadjhx3V5s3Jlm6Qo=) Entering PreloadCamLoginState
14:12:02.515 [StateMachine]: Player Hodge1724 (dpnid 18047092 uid FTOPgmv4_zF6ugVsxgSDhOdzRYYadjhx3V5s3Jlm6Qo=) Entering WaitPreloadCamLoginState
14:12:08.434 [StateMachine]: Player Hodge1724 (dpnid 18047092 uid FTOPgmv4_zF6ugVsxgSDhOdzRYYadjhx3V5s3Jlm6Qo=) Entering GetNewCharLoginState
14:12:15.339 <CREATE NEW CHAR>:
    charID 19
    playerID 19
    dpnid 18047092
    uid FTOPgmv4_zF6ugVsxgSDhOdzRYYadjhx3V5s3Jlm6Qo=
14:12:16.794 [CE][LootRespawner] (PRIDummy) :: Item [0] is hard to place, performance drops: "CamoNet"
14:12:16.995 [CE][LootRespawner] (PRIDummy) :: Item [1] is hard to place, performance drops: "WorkingGloves_Black"
14:12:18.36 [CE][LootRespawner] (PRIDummy) :: Item [2] is hard to place, performance drops: "SlacksPants_Brown"
14:12:18.659 [CE][LootRespawner] (PRIDummy) :: Item [3] is hard to place, performance drops: "TrackSuitJacket_LightBlue"
14:12:18.660 [CE][LootRespawner] (PRIDummy) :: Item [4] is hard to place, performance drops: "TrackSuitJacket_LightBlue"
14:12:18.660 [CE][LootRespawner] (PRIDummy) :: Item [5] is hard to place, performance drops: "TrackSuitJacket_LightBlue"
14:12:18.660 [CE][LootRespawner] (PRIDummy) :: Item [6] is hard to place, performance drops: "TrackSuitJacket_LightBlue"
14:12:27.526 [Disconnect]: Start script disconnect 18047092 (dbCharacterId 19 dbPlayerId 19) logoutTime 15
14:12:35.915 [Disconnect]: Client 18047092 disconnecting
14:12:35.915 [Disconnect]: Client 18047092 early disconnect
14:12:35.929 [Disconnect]: Start script disconnect 18047092 (dbCharacterId 19 dbPlayerId 19) logoutTime 15
14:12:36.427 [Disconnect]: Remove player info 18047092
14:12:36.437 [Disconnect]: Player destroy 18047092 
14:12:42.526 [Disconnect]: Finish script disconnect -1 (FTOPgmv4_zF6ugVsxgSDhOdzRYYadjhx3V5s3Jlm6Qo=)
14:12:44.840 [CE][LootRespawner] (PRIDummy) :: Item [0] causing search overtime: "FirefighterJacket_Black"
14:12:45.44 [CE][LootRespawner] (PRIDummy) :: Item [7] is hard to place, performance drops: "TShirt_Red"
14:13:41.798 [CE][LootRespawner] (PRIDummy) :: Item [1] causing search overtime: "FirefighterJacket_Beige"
14:13:51.998 [IdleMode] Entering IN - save processed
19:28:36.283 [Shutdown] Shutting down in 5400 seconds (90 minutes).
19:59:40.454 [Shutdown] Shutting down in 3600 seconds (60 minutes).
20:15:12.468 [Shutdown] Shutting down in 2700 seconds (45 minutes).
20:30:45.81 [Shutdown] Shutting down in 1800 seconds (30 minutes).
20:41:07.36 [Shutdown] Shutting down in 1200 seconds (20 minutes).
20:46:18.22 [Shutdown] Shutting down in 900 seconds (15 minutes).
20:51:28.680 [Shutdown] Shutting down in 600 seconds (10 minutes).
20:56:39.224 [Shutdown] Shutting down in 300 seconds (5 minutes).
20:57:41.369 [Shutdown] Shutting down in 240 seconds (4 minutes).
20:58:43.478 [Shutdown] Shutting down in 180 seconds (3 minutes).
20:59:45.604 [Shutdown] Shutting down in 120 seconds (2 minutes).
21:00:47.779 [Shutdown] Shutting down in 60 seconds (1 minutes).
21:00:47.881 [Shutdown] Saving players, locking server and kicking all players.
21:01:50.45 [Server] :: termination in: 5
21:01:51.46 [Server] :: termination in: 4
21:01:52.46 [Server] :: termination in: 3
21:01:53.46 [Server] :: termination in: 2
21:01:54.46 [Server] :: termination in: 1
21:02:00.470  --- Termination successfully completed --- 
