=====================================================================
== C:\SERVICES\ni10839481_1_SHARE\ftproot\dayzstandalone\DayZServer_x64.exe
== "C:\SERVICES\ni10839481_1_SHARE\ftproot\dayzstandalone\DayZServer_x64.exe" -ip=85.190.162.236 -port=11200 -cpuCount=4 -limitFPS=100 -config=serverDZ.cfg "-mod=@Stuart Island;@Stuart Island Props" -profiles=C:\SERVICES\ni10839481_1_SHARE\ftproot\dayzstandalone/config -BEPath=C:\SERVICES\ni10839481_1_SHARE\ftproot\dayzstandalone\battleye -noFilePatching -nologs -adminlog -freezecheck
=====================================================================
Exe timestamp: 2025/06/03 20:37:22
Current time:  2025/06/03 21:17:00
Version 1.28.160049
=====================================================================

21:17:00.216 [Inputs] Loading inputs default "bin/constants.xml"
21:17:00.226 [Inputs] Loading inputs default "bin/specific.xml"
21:17:00.228 [Inputs] Loading inputs cfg "C:\SERVICES\ni10839481_1_SHARE\ftproot\dayzstandalone/config\Users\Survivor\Server.core.xml"
21:17:00.243 [Inputs] Exporting inputs cfg "C:\SERVICES\ni10839481_1_SHARE\ftproot\dayzstandalone/config\Users\Survivor\Server.core.xml"
21:17:25.942 Hostname of server: "Return to Stuart Island - Playtest | New POIs | PvP"
21:17:31.471 [CE][Hive] :: Initializing OFFLINE
21:17:31.473 [StorageDirs] :: Selected storage directory: C:\SERVICES\ni10839481_1_SHARE\ftproot\dayzstandalone\mpmissions\dayzOffline.stuartisland\storage_1\
21:17:31.479 [CE][Hive] :: Loading core data ... 
21:17:31.484 [CE][CoreData] :: 8 root classes, 5 defaults, 0 updaters...
21:17:31.534 [CE][offlineDB] :: Conversion of characters started.
21:17:31.561 [CE][offlineDB] :: Processing 0 players.
21:17:31.561 [CE][offlineDB] :: Conversion of characters successfully completed.
21:17:41.555 [CE][TypeSetup] :: 563 classes setuped...
21:17:42.319 [CE][RegisterBind] :: 0 classes binded...
21:17:42.319 [CE][RegisterConfig] :: 5509 config classes registered, 0 sub-counters...
21:17:42.319 [CE][Hive] :: Loading map data ... 
21:17:42.391 !!! [CE] :: Unknown tag: 'ground'.
21:17:42.391 !!! [CE] :: Unknown usage: 'Underground'.
21:17:42.391 !!! [CE] :: Unknown usage: 'Underground'.
21:17:42.391 !!! [CE] :: Unknown usage: 'Underground'.
21:17:42.391 !!! [CE] :: Unknown usage: 'Underground'.
21:17:42.391 !!! [CE] :: Unknown tag: 'ground'.
21:17:42.391 !!! [CE] :: Unknown tag: 'ground'.
21:17:42.392 !!! [CE] :: Unknown tag: 'ground'.
21:17:42.392 !!! [CE] :: Unknown tag: 'ground'.
21:17:42.392 !!! [CE] :: Unknown tag: 'ground'.
21:17:42.392 !!! [CE] :: Unknown tag: 'ground'.
21:17:42.392 !!! [CE] :: Unknown tag: 'ground'.
21:17:42.392 !!! [CE] :: Unknown tag: 'ground'.
21:17:42.392 !!! [CE] :: Unknown tag: 'ground'.
21:17:42.392 !!! [CE] :: Unknown tag: 'ground'.
21:17:42.396 !!! [CE] :: Unknown tag: 'ground'.
21:17:42.396 !!! [CE] :: Unknown tag: 'ground'.
21:17:42.396 !!! [CE] :: Unknown tag: 'ground'.
21:17:42.396 !!! [CE] :: Unknown tag: 'ground'.
21:17:42.396 !!! [CE] :: Unknown tag: 'ground'.
21:17:42.396 !!! [CE] :: Unknown tag: 'ground'.
21:17:42.396 !!! [CE] :: Unknown tag: 'ground'.
21:17:42.396 !!! [CE] :: Unknown tag: 'ground'.
21:17:42.397 !!! [CE] :: Unknown tag: 'ground'.
21:17:42.397 !!! [CE] :: Unknown tag: 'ground'.
21:17:42.397 !!! [CE] :: Unknown tag: 'ground'.
21:17:42.397 !!! [CE] :: Unknown tag: 'ground'.
21:17:42.397 !!! [CE] :: Unknown tag: 'ground'.
21:17:42.397 !!! [CE] :: Unknown tag: 'ground'.
21:17:42.397 !!! [CE] :: Unknown tag: 'ground'.
21:17:42.397 !!! [CE] :: Unknown tag: 'ground'.
21:17:42.398 !!! [CE] :: Unknown tag: 'ground'.
21:17:42.398 !!! [CE] :: Unknown tag: 'ground'.
21:17:42.398 !!! [CE] :: Unknown tag: 'ground'.
21:17:42.398 !!! [CE] :: Unknown tag: 'ground'.
21:17:42.398 !!! [CE] :: Unknown tag: 'ground'.
21:17:42.398 !!! [CE] :: Unknown tag: 'ground'.
21:17:42.398 !!! [CE] :: Unknown tag: 'ground'.
21:17:42.398 !!! [CE] :: Unknown tag: 'ground'.
21:17:42.398 !!! [CE] :: Unknown tag: 'ground'.
21:17:42.398 !!! [CE] :: Unknown tag: 'ground'.
21:17:42.398 !!! [CE] :: Unknown tag: 'ground'.
21:17:42.399 !!! [CE] :: Unknown tag: 'ground'.
21:17:42.399 !!! [CE] :: Unknown tag: 'ground'.
21:17:42.399 !!! [CE] :: Unknown tag: 'ground'.
21:17:42.399 !!! [CE] :: Unknown tag: 'ground'.
21:17:42.399 !!! [CE] :: Unknown tag: 'ground'.
21:17:42.403 !!! [CE] :: Unknown tag: 'ground'.
21:17:42.403 !!! [CE] :: Unknown tag: 'ground'.
21:17:42.403 !!! [CE] :: Unknown tag: 'ground'.
21:17:42.406 !!! [CE] :: Unknown tag: 'ground'.
21:17:42.406 !!! [CE] :: Unknown tag: 'ground'.
21:17:42.406 !!! [CE] :: Unknown tag: 'ground'.
21:17:42.406 !!! [CE] :: Unknown tag: 'ground'.
21:17:42.407 !!! [CE] :: Unknown tag: 'ground'.
21:17:42.407 !!! [CE] :: Unknown tag: 'ground'.
21:17:42.407 !!! [CE] :: Unknown tag: 'ground'.
21:17:42.407 !!! [CE] :: Unknown tag: 'ground'.
21:17:42.407 !!! [CE] :: Unknown tag: 'ground'.
21:17:42.407 !!! [CE] :: Unknown tag: 'ground'.
21:17:42.407 !!! [CE] :: Unknown tag: 'ground'.
21:17:42.407 !!! [CE] :: Unknown tag: 'ground'.
21:17:42.407 !!! [CE] :: Unknown tag: 'ground'.
21:17:42.407 !!! [CE] :: Unknown tag: 'ground'.
21:17:42.407 !!! [CE] :: Unknown tag: 'ground'.
21:17:42.409 !!! [CE] :: Unknown tag: 'ground'.
21:17:42.409 !!! [CE] :: Unknown tag: 'ground'.
21:17:42.409 !!! [CE] :: Unknown tag: 'ground'.
21:17:42.409 !!! [CE] :: Unknown tag: 'ground'.
21:17:42.409 !!! [CE] :: Unknown tag: 'ground'.
21:17:42.409 !!! [CE] :: Unknown tag: 'ground'.
21:17:42.409 !!! [CE] :: Unknown tag: 'ground'.
21:17:42.409 !!! [CE] :: Unknown tag: 'ground'.
21:17:42.409 !!! [CE] :: Unknown tag: 'ground'.
21:17:42.409 !!! [CE] :: Unknown tag: 'ground'.
21:17:42.409 !!! [CE] :: Unknown tag: 'ground'.
21:17:42.409 !!! [CE] :: Unknown tag: 'ground'.
21:17:42.409 !!! [CE] :: Unknown tag: 'ground'.
21:17:42.410 !!! [CE] :: Unknown tag: 'ground'.
21:17:42.410 !!! [CE] :: Unknown tag: 'ground'.
21:17:42.411 !!! [CE] :: Unknown category: 'vehicleparts'.
21:17:42.411 !!! [CE] :: Unknown category: 'vehicleparts'.
21:17:42.411 !!! [CE] :: Unknown category: 'vehicleparts'.
21:17:42.411 !!! [CE] :: Unknown category: 'vehicleparts'.
21:17:42.411 !!! [CE] :: Unknown category: 'vehicleparts'.
21:17:42.411 !!! [CE] :: Unknown category: 'vehicleparts'.
21:17:42.411 !!! [CE] :: Unknown category: 'vehicleparts'.
21:17:42.411 !!! [CE] :: Unknown category: 'vehicleparts'.
21:17:42.411 !!! [CE] :: Unknown category: 'vehicleparts'.
21:17:42.411 !!! [CE] :: Unknown category: 'vehicleparts'.
21:17:42.411 !!! [CE] :: Unknown category: 'vehicleparts'.
21:17:42.411 !!! [CE] :: Unknown category: 'vehicleparts'.
21:17:42.411 !!! [CE] :: Unknown category: 'vehicleparts'.
21:17:42.411 !!! [CE] :: Unknown category: 'vehicleparts'.
21:17:42.411 !!! [CE] :: Unknown category: 'vehicleparts'.
21:17:42.411 !!! [CE] :: Unknown category: 'vehicleparts'.
21:17:42.411 !!! [CE] :: Unknown category: 'vehicleparts'.
21:17:42.411 !!! [CE] :: Unknown category: 'vehicleparts'.
21:17:42.411 !!! [CE] :: Unknown category: 'vehicleparts'.
21:17:42.412 !!! [CE] :: Unknown category: 'vehicleparts'.
21:17:42.412 !!! [CE] :: Unknown category: 'vehicleparts'.
21:17:42.412 !!! [CE] :: Unknown category: 'vehicleparts'.
21:17:42.412 !!! [CE] :: Unknown category: 'vehicleparts'.
21:17:42.412 !!! [CE] :: Unknown category: 'vehicleparts'.
21:17:42.412 [CE][LoadPrototype] :: loaded 335 prototypes
21:17:42.412   711 containers, 9321 points
21:17:42.412   24 dispatches, 90 proxies
21:17:42.412 !!! [CE][LoadPrototype] 12 groups have no points...
21:17:42.412 !!! [CE][LoadPrototype] 4 groups have wrong points...
21:17:42.412 [CE][LoadPrototype] :: last group name: Land_Lunapark_Autodrome...
21:17:42.424 [CE][LoadPrototype] :: loaded 0 prototypes
21:17:42.424   55 containers, 232 points
21:17:42.424   0 dispatches, 0 proxies
21:17:42.424 [CE][LoadPrototype] :: last group name: Rail9...
21:17:43.592 [CE][LoadMap] "Group" :: loaded 2538 groups, groups failed: 1573, largest group range: 24.9
21:17:43.597 !!! File "stuartisland\ce\mapgroupdirt.xml" does not exist...
21:17:43.597 !!! [ERROR][XML] :: load [stuartisland\ce\mapgroupdirt.xml] failed
21:17:43.597 !!! [ERROR][XML] :: Failed to open file
21:17:43.597 !!! [CE][LoadMap] "Dirt" :: Failed to read group instances (stuartisland\ce\mapgroupdirt.xml)
21:17:43.600 [CE][Links] found 492 total links between groups, of 965
21:17:43.600 [CE][LoadClusters] "Cluster" :: Loading files...
21:17:43.651 [CE][LoadClusters] :: file: "mapgroupcluster.xml", 7 types, 7243 instances
21:17:43.656 [CE][Storage] ver:0 stamp:0, valid:NO, name:"C:\SERVICES\ni10839481_1_SHARE\ftproot\dayzstandalone\mpmissions\dayzOffline.stuartisland\storage_1\data\types.bin"
21:17:43.656 [CE][Storage] ver:0 stamp:0, valid:NO, name:"C:\SERVICES\ni10839481_1_SHARE\ftproot\dayzstandalone\mpmissions\dayzOffline.stuartisland\storage_1\data\types.001"
21:17:43.657 [CE][Storage] ver:0 stamp:0, valid:NO, name:"C:\SERVICES\ni10839481_1_SHARE\ftproot\dayzstandalone\mpmissions\dayzOffline.stuartisland\storage_1\data\types.002"
21:17:43.659 !!! File "stuartisland\ce\db/messages.xml" does not exist...
21:17:43.659 !!! [ERROR][XML] :: load [stuartisland\ce\db/messages.xml] failed
21:17:43.659 !!! [ERROR][XML] :: Failed to open file
21:17:43.659 !!! [CE][offlineDB] :: Failed to read messages file 'db/messages.xml'.
21:17:43.659 !!! [CE][offlineDB] :: No Shutdown message present.
21:17:43.671 [CE][offlineDB] :: Loaded 35 dynamic events 208 total types.
21:17:43.726 !!! [CE] :: Unknown usage: 'Underground'.
21:17:43.726 !!! [CE] :: Unknown usage: 'Underground'.
21:17:43.726 !!! [CE] :: Unknown user defined value: 'Tier4'.
21:17:43.726 !!! [CE] :: Unknown tag: 'Town'.
21:17:43.726 !!! [CE] :: Unknown tag: 'Hunting'.
21:17:43.727 !!! [CE] :: Unknown usage: 'ContaminatedArea'.
21:17:43.727 !!! [CE] :: Unknown value: 'Unique'.
21:17:43.727 !!! [CE] :: Unknown usage: 'SeasonalEvent'.
21:17:43.727 !!! [CE] :: Unknown usage: 'Underground'.
21:17:43.727 !!! [CE] :: Unknown user defined value: 'Tier4'.
21:17:43.727 !!! [CE] :: Unknown user defined value: 'Tier3'.
21:17:43.728 !!! [CE] :: Unknown usage: 'SeasonalEvent'.
21:17:43.728 !!! [CE] :: Unknown usage: 'SeasonalEvent'.
21:17:43.728 !!! [CE] :: Unknown usage: 'SeasonalEvent'.
21:17:43.728 !!! [CE] :: Unknown usage: 'SeasonalEvent'.
21:17:43.728 !!! [CE] :: Unknown usage: 'SeasonalEvent'.
21:17:43.728 !!! [CE] :: Unknown usage: 'Lunapark'.
21:17:43.728 !!! [CE] :: Unknown usage: 'SeasonalEvent'.
21:17:43.728 !!! [CE] :: Unknown usage: 'Historical'.
21:17:43.728 !!! [CE] :: Unknown usage: 'Historical'.
21:17:43.728 !!! [CE] :: Unknown usage: 'Historical'.
21:17:43.728 !!! [CE] :: Unknown usage: 'Historical'.
21:17:43.728 !!! [CE] :: Unknown usage: 'Lunapark'.
21:17:43.728 !!! [CE] :: Unknown usage: 'SeasonalEvent'.
21:17:43.728 !!! [CE] :: Unknown usage: 'SeasonalEvent'.
21:17:43.728 !!! [CE] :: Unknown usage: 'SeasonalEvent'.
21:17:43.728 !!! [CE][offlineDB] :: Type 'ChristmasTree' will be ignored. (Not spawnable. (Scope is not public?))
21:17:43.729 !!! [CE] :: Unknown usage: 'Lunapark'.
21:17:43.729 !!! [CE] :: Unknown usage: 'SeasonalEvent'.
21:17:43.729 !!! [CE] :: Unknown usage: 'Lunapark'.
21:17:43.729 !!! [CE] :: Unknown user defined value: 'Tier3'.
21:17:43.729 !!! [CE] :: Unknown usage: 'Lunapark'.
21:17:43.729 !!! [CE] :: Unknown usage: 'Lunapark'.
21:17:43.729 !!! [CE] :: Unknown usage: 'SeasonalEvent'.
21:17:43.729 !!! [CE] :: Unknown usage: 'SeasonalEvent'.
21:17:43.729 !!! [CE] :: Unknown usage: 'Lunapark'.
21:17:43.729 !!! [CE] :: Unknown usage: 'Lunapark'.
21:17:43.729 !!! [CE] :: Unknown usage: 'SeasonalEvent'.
21:17:43.729 !!! [CE] :: Unknown usage: 'Lunapark'.
21:17:43.729 !!! [CE] :: Unknown usage: 'Lunapark'.
21:17:43.729 !!! [CE] :: Unknown usage: 'SeasonalEvent'.
21:17:43.729 !!! [CE] :: Unknown usage: 'Underground'.
21:17:43.729 !!! [CE] :: Unknown usage: 'SeasonalEvent'.
21:17:43.729 !!! [CE] :: Unknown usage: 'SeasonalEvent'.
21:17:43.729 !!! [CE] :: Unknown usage: 'SeasonalEvent'.
21:17:43.729 !!! [CE] :: Unknown usage: 'SeasonalEvent'.
21:17:43.729 !!! [CE] :: Unknown usage: 'SeasonalEvent'.
21:17:43.729 !!! [CE] :: Unknown usage: 'SeasonalEvent'.
21:17:43.729 !!! [CE] :: Unknown usage: 'SeasonalEvent'.
21:17:43.729 !!! [CE] :: Unknown usage: 'SeasonalEvent'.
21:17:43.729 !!! [CE] :: Unknown usage: 'SeasonalEvent'.
21:17:43.730 !!! [CE] :: Unknown usage: 'SeasonalEvent'.
21:17:43.730 !!! [CE] :: Unknown usage: 'SeasonalEvent'.
21:17:43.730 !!! [CE] :: Unknown usage: 'SeasonalEvent'.
21:17:43.730 !!! [CE] :: Unknown usage: 'Historical'.
21:17:43.730 !!! [CE] :: Unknown usage: 'Lunapark'.
21:17:43.730 !!! [CE] :: Unknown usage: 'Lunapark'.
21:17:43.730 !!! [CE] :: Unknown usage: 'ContaminatedArea'.
21:17:43.731 !!! [CE] :: Unknown usage: 'Underground'.
21:17:43.731 !!! [CE] :: Unknown usage: 'Underground'.
21:17:43.731 !!! [CE] :: Unknown value: 'Unique'.
21:17:43.731 !!! [CE] :: Unknown usage: 'Historical'.
21:17:43.731 !!! [CE] :: Unknown usage: 'Underground'.
21:17:43.731 !!! [CE] :: Unknown usage: 'Underground'.
21:17:43.731 !!! [CE] :: Unknown usage: 'Underground'.
21:17:43.731 !!! [CE] :: Unknown usage: 'Underground'.
21:17:43.731 !!! [CE] :: Unknown usage: 'ContaminatedArea'.
21:17:43.731 !!! [CE] :: Unknown usage: 'Historical'.
21:17:43.731 !!! [CE] :: Unknown usage: 'Lunapark'.
21:17:43.732 !!! [CE] :: Unknown usage: 'Lunapark'.
21:17:43.732 !!! [CE] :: Unknown usage: 'SeasonalEvent'.
21:17:43.732 !!! [CE] :: Unknown usage: 'Lunapark'.
21:17:43.732 !!! [CE] :: Unknown usage: 'Lunapark'.
21:17:43.732 !!! [CE] :: Unknown usage: 'Lunapark'.
21:17:43.732 !!! [CE] :: Unknown usage: 'Underground'.
21:17:43.732 !!! [CE] :: Unknown usage: 'Underground'.
21:17:43.732 !!! [CE] :: Unknown usage: 'Lunapark'.
21:17:43.732 !!! [CE] :: Unknown usage: 'SeasonalEvent'.
21:17:43.733 !!! [CE] :: Unknown usage: 'ContaminatedArea'.
21:17:43.733 !!! [CE][offlineDB] :: Type 'Static_FrozenScientist_DE' will be ignored. (Type does not exist. (Typo?))
21:17:43.733 !!! [CE] :: Unknown usage: 'SeasonalEvent'.
21:17:43.734 !!! [CE] :: Unknown usage: 'SeasonalEvent'.
21:17:43.734 !!! [CE] :: Unknown usage: 'SeasonalEvent'.
21:17:43.734 !!! [CE] :: Unknown usage: 'Historical'.
21:17:43.734 !!! [CE] :: Unknown usage: 'SeasonalEvent'.
21:17:43.734 !!! [CE] :: Unknown usage: 'SeasonalEvent'.
21:17:43.734 !!! [CE] :: Unknown usage: 'SeasonalEvent'.
21:17:43.734 !!! [CE] :: Unknown usage: 'SeasonalEvent'.
21:17:43.734 !!! [CE] :: Unknown usage: 'SeasonalEvent'.
21:17:43.734 !!! [CE] :: Unknown usage: 'SeasonalEvent'.
21:17:43.735 !!! [CE] :: Unknown usage: 'SeasonalEvent'.
21:17:43.735 !!! [CE] :: Unknown usage: 'SeasonalEvent'.
21:17:43.735 !!! [CE] :: Unknown usage: 'SeasonalEvent'.
21:17:43.735 !!! [CE] :: Unknown usage: 'Lunapark'.
21:17:43.735 !!! [CE] :: Unknown usage: 'Lunapark'.
21:17:43.744 !!! [ERROR][XML] :: load [stuartisland\ce\cfgeventgroups.xml] failed
21:17:43.744 !!! [ERROR][XML] :: Failed to open file
21:17:43.749 !!! [CE][DE][SPAWNS] :: [WARNING] :: Skipping entry for non-existing event 'VehicleSedan02'.
21:17:43.749 !!! [CE][DE][SPAWNS] :: [WARNING] :: Skipping entry for non-existing event 'VehicleHatchback02'.
21:17:43.749 [CE][DE][SPAWNS] :: Total positions: 86
21:17:43.749 [CE][DE][GROUPS] :: Total eventgroups defined: 0, Eventgroups in use: 0
21:17:43.750 [CE][Storage] ver:0 stamp:0, valid:NO, name:"C:\SERVICES\ni10839481_1_SHARE\ftproot\dayzstandalone\mpmissions\dayzOffline.stuartisland\storage_1\data\events.bin"
21:17:43.750 [CE][Storage] ver:0 stamp:0, valid:NO, name:"C:\SERVICES\ni10839481_1_SHARE\ftproot\dayzstandalone\mpmissions\dayzOffline.stuartisland\storage_1\data\events.001"
21:17:43.751 [CE][Storage] ver:0 stamp:0, valid:NO, name:"C:\SERVICES\ni10839481_1_SHARE\ftproot\dayzstandalone\mpmissions\dayzOffline.stuartisland\storage_1\data\events.002"
21:17:43.753 [CE][Storage] ver:0 stamp:0, valid:NO, name:"C:\SERVICES\ni10839481_1_SHARE\ftproot\dayzstandalone\mpmissions\dayzOffline.stuartisland\storage_1\data\dynamic_000.bin"
21:17:43.754 [CE][Storage] ver:0 stamp:0, valid:NO, name:"C:\SERVICES\ni10839481_1_SHARE\ftproot\dayzstandalone\mpmissions\dayzOffline.stuartisland\storage_1\data\dynamic_000.001"
21:17:43.756 [CE][Storage] ver:0 stamp:0, valid:NO, name:"C:\SERVICES\ni10839481_1_SHARE\ftproot\dayzstandalone\mpmissions\dayzOffline.stuartisland\storage_1\data\dynamic_000.002"
21:17:43.758 [CE][Storage] ver:0 stamp:0, valid:NO, name:"C:\SERVICES\ni10839481_1_SHARE\ftproot\dayzstandalone\mpmissions\dayzOffline.stuartisland\storage_1\data\dynamic_001.bin"
21:17:43.759 [CE][Storage] ver:0 stamp:0, valid:NO, name:"C:\SERVICES\ni10839481_1_SHARE\ftproot\dayzstandalone\mpmissions\dayzOffline.stuartisland\storage_1\data\dynamic_001.001"
21:17:43.760 [CE][Storage] ver:0 stamp:0, valid:NO, name:"C:\SERVICES\ni10839481_1_SHARE\ftproot\dayzstandalone\mpmissions\dayzOffline.stuartisland\storage_1\data\dynamic_001.002"
21:17:43.763 [CE][Storage] ver:0 stamp:0, valid:NO, name:"C:\SERVICES\ni10839481_1_SHARE\ftproot\dayzstandalone\mpmissions\dayzOffline.stuartisland\storage_1\data\dynamic_002.bin"
21:17:43.764 [CE][Storage] ver:0 stamp:0, valid:NO, name:"C:\SERVICES\ni10839481_1_SHARE\ftproot\dayzstandalone\mpmissions\dayzOffline.stuartisland\storage_1\data\dynamic_002.001"
21:17:43.765 [CE][Storage] ver:0 stamp:0, valid:NO, name:"C:\SERVICES\ni10839481_1_SHARE\ftproot\dayzstandalone\mpmissions\dayzOffline.stuartisland\storage_1\data\dynamic_002.002"
21:17:43.768 [CE][Storage] ver:0 stamp:0, valid:NO, name:"C:\SERVICES\ni10839481_1_SHARE\ftproot\dayzstandalone\mpmissions\dayzOffline.stuartisland\storage_1\data\dynamic_003.bin"
21:17:43.769 [CE][Storage] ver:0 stamp:0, valid:NO, name:"C:\SERVICES\ni10839481_1_SHARE\ftproot\dayzstandalone\mpmissions\dayzOffline.stuartisland\storage_1\data\dynamic_003.001"
21:17:43.770 [CE][Storage] ver:0 stamp:0, valid:NO, name:"C:\SERVICES\ni10839481_1_SHARE\ftproot\dayzstandalone\mpmissions\dayzOffline.stuartisland\storage_1\data\dynamic_003.002"
21:17:43.773 [CE][Storage] ver:0 stamp:0, valid:NO, name:"C:\SERVICES\ni10839481_1_SHARE\ftproot\dayzstandalone\mpmissions\dayzOffline.stuartisland\storage_1\data\dynamic_004.bin"
21:17:43.775 [CE][Storage] ver:0 stamp:0, valid:NO, name:"C:\SERVICES\ni10839481_1_SHARE\ftproot\dayzstandalone\mpmissions\dayzOffline.stuartisland\storage_1\data\dynamic_004.001"
21:17:43.777 [CE][Storage] ver:0 stamp:0, valid:NO, name:"C:\SERVICES\ni10839481_1_SHARE\ftproot\dayzstandalone\mpmissions\dayzOffline.stuartisland\storage_1\data\dynamic_004.002"
21:17:43.780 [CE][Storage] ver:0 stamp:0, valid:NO, name:"C:\SERVICES\ni10839481_1_SHARE\ftproot\dayzstandalone\mpmissions\dayzOffline.stuartisland\storage_1\data\dynamic_005.bin"
21:17:43.782 [CE][Storage] ver:0 stamp:0, valid:NO, name:"C:\SERVICES\ni10839481_1_SHARE\ftproot\dayzstandalone\mpmissions\dayzOffline.stuartisland\storage_1\data\dynamic_005.001"
21:17:43.783 [CE][Storage] ver:0 stamp:0, valid:NO, name:"C:\SERVICES\ni10839481_1_SHARE\ftproot\dayzstandalone\mpmissions\dayzOffline.stuartisland\storage_1\data\dynamic_005.002"
21:17:43.787 [CE][Storage] ver:0 stamp:0, valid:NO, name:"C:\SERVICES\ni10839481_1_SHARE\ftproot\dayzstandalone\mpmissions\dayzOffline.stuartisland\storage_1\data\dynamic_006.bin"
21:17:43.789 [CE][Storage] ver:0 stamp:0, valid:NO, name:"C:\SERVICES\ni10839481_1_SHARE\ftproot\dayzstandalone\mpmissions\dayzOffline.stuartisland\storage_1\data\dynamic_006.001"
21:17:43.791 [CE][Storage] ver:0 stamp:0, valid:NO, name:"C:\SERVICES\ni10839481_1_SHARE\ftproot\dayzstandalone\mpmissions\dayzOffline.stuartisland\storage_1\data\dynamic_006.002"
21:17:43.795 [CE][Storage] ver:0 stamp:0, valid:NO, name:"C:\SERVICES\ni10839481_1_SHARE\ftproot\dayzstandalone\mpmissions\dayzOffline.stuartisland\storage_1\data\dynamic_007.bin"
21:17:43.797 [CE][Storage] ver:0 stamp:0, valid:NO, name:"C:\SERVICES\ni10839481_1_SHARE\ftproot\dayzstandalone\mpmissions\dayzOffline.stuartisland\storage_1\data\dynamic_007.001"
21:17:43.798 [CE][Storage] ver:0 stamp:0, valid:NO, name:"C:\SERVICES\ni10839481_1_SHARE\ftproot\dayzstandalone\mpmissions\dayzOffline.stuartisland\storage_1\data\dynamic_007.002"
21:17:43.802 [CE][Storage] ver:0 stamp:0, valid:NO, name:"C:\SERVICES\ni10839481_1_SHARE\ftproot\dayzstandalone\mpmissions\dayzOffline.stuartisland\storage_1\data\dynamic_008.bin"
21:17:43.805 [CE][Storage] ver:0 stamp:0, valid:NO, name:"C:\SERVICES\ni10839481_1_SHARE\ftproot\dayzstandalone\mpmissions\dayzOffline.stuartisland\storage_1\data\dynamic_008.001"
21:17:43.807 [CE][Storage] ver:0 stamp:0, valid:NO, name:"C:\SERVICES\ni10839481_1_SHARE\ftproot\dayzstandalone\mpmissions\dayzOffline.stuartisland\storage_1\data\dynamic_008.002"
21:17:43.812 [CE][Storage] ver:0 stamp:0, valid:NO, name:"C:\SERVICES\ni10839481_1_SHARE\ftproot\dayzstandalone\mpmissions\dayzOffline.stuartisland\storage_1\data\dynamic_009.bin"
21:17:43.814 [CE][Storage] ver:0 stamp:0, valid:NO, name:"C:\SERVICES\ni10839481_1_SHARE\ftproot\dayzstandalone\mpmissions\dayzOffline.stuartisland\storage_1\data\dynamic_009.001"
21:17:43.817 [CE][Storage] ver:0 stamp:0, valid:NO, name:"C:\SERVICES\ni10839481_1_SHARE\ftproot\dayzstandalone\mpmissions\dayzOffline.stuartisland\storage_1\data\dynamic_009.002"
21:17:43.822 [CE][Storage] ver:0 stamp:0, valid:NO, name:"C:\SERVICES\ni10839481_1_SHARE\ftproot\dayzstandalone\mpmissions\dayzOffline.stuartisland\storage_1\data\dynamic_010.bin"
21:17:43.824 [CE][Storage] ver:0 stamp:0, valid:NO, name:"C:\SERVICES\ni10839481_1_SHARE\ftproot\dayzstandalone\mpmissions\dayzOffline.stuartisland\storage_1\data\dynamic_010.001"
21:17:43.827 [CE][Storage] ver:0 stamp:0, valid:NO, name:"C:\SERVICES\ni10839481_1_SHARE\ftproot\dayzstandalone\mpmissions\dayzOffline.stuartisland\storage_1\data\dynamic_010.002"
21:17:43.832 [CE][Storage] ver:0 stamp:0, valid:NO, name:"C:\SERVICES\ni10839481_1_SHARE\ftproot\dayzstandalone\mpmissions\dayzOffline.stuartisland\storage_1\data\dynamic_011.bin"
21:17:43.834 [CE][Storage] ver:0 stamp:0, valid:NO, name:"C:\SERVICES\ni10839481_1_SHARE\ftproot\dayzstandalone\mpmissions\dayzOffline.stuartisland\storage_1\data\dynamic_011.001"
21:17:43.837 [CE][Storage] ver:0 stamp:0, valid:NO, name:"C:\SERVICES\ni10839481_1_SHARE\ftproot\dayzstandalone\mpmissions\dayzOffline.stuartisland\storage_1\data\dynamic_011.002"
21:17:43.842 [CE][Storage] ver:0 stamp:0, valid:NO, name:"C:\SERVICES\ni10839481_1_SHARE\ftproot\dayzstandalone\mpmissions\dayzOffline.stuartisland\storage_1\data\vehicles.bin"
21:17:43.844 [CE][Storage] ver:0 stamp:0, valid:NO, name:"C:\SERVICES\ni10839481_1_SHARE\ftproot\dayzstandalone\mpmissions\dayzOffline.stuartisland\storage_1\data\vehicles.001"
21:17:43.846 [CE][Storage] ver:0 stamp:0, valid:NO, name:"C:\SERVICES\ni10839481_1_SHARE\ftproot\dayzstandalone\mpmissions\dayzOffline.stuartisland\storage_1\data\vehicles.002"
21:17:43.849 [CE][Hive] :: Empty storage folder, reinitializing ... 
21:17:43.911 [CE][Hive] :: Initializing ... 
21:17:43.924 [CE][InitializeMap] :: initialized: 0
21:17:43.925 [CE][Hive] :: Initializing spawners ... 
21:17:46.313 !!! [CE][VehicleRespawner] (PRIPlanks) :: Init: "ItemPlanks" - There are not enough positions in "cfgeventspawns.xml", 1 < 50
21:17:46.318 !!! [CE][VehicleRespawner] (PRIPlanks) :: Init: "ItemPlanks" - Failed to spawn the requested amount (1 < 50) within 150 attempts.
21:17:46.425 !!! [CE][Point] Removing 4945.335938, 2130.288574 from Land_Boat_Small2
21:17:46.742 !!! [CE][Point] Removing 2741.002197, 3703.296875 from Land_Mil_GuardShed
21:17:47.295 !!! [CE][Point] Removing 2742.357910, 3702.709717 from Land_Mil_GuardShed
21:17:47.362 !!! [CE][Point] Removing 1939.081299, 3907.011475 from Land_Boat_Small2
21:17:47.492 !!! [CE][Point] Removing 2741.086670, 3702.052490 from Land_Mil_GuardShed
21:17:47.651 !!! [CE][Point] Removing 3239.842285, 3503.049316 from Land_Boat_Small2
21:17:47.744 !!! [CE][Point] Removing 3049.101807, 2872.175293 from Land_Boat_Small3
21:17:47.898 !!! [CE][Point] Removing 2856.887939, 2921.339111 from Land_Boat_Small1
21:17:47.944 [CE][LootRespawner] (PRIDummy) :: Initially (re)spawned:858, Nominal:2201, Total in Map: 879 at 1 (sec)
21:17:47.944   tests:890, repeats:32 fails:0, overtime:0
21:17:47.950 [CE][Links] found 0 total links between groups, of 1
21:17:47.950 [CE][SpawnRandomLoot] (StaticHeliCrash) :: Type: Wreck_Mi8, lootmin: 10, lootmax: 20, wanted: 10, deloot: 2, containermaxsum: 10
21:17:47.951 [CE][SpawnRandomLoot] (StaticHeliCrash) :: Type: Wreck_Mi8 :: !!! Sum of container LootMax is lower than event child LootMax (10 < 20)
21:17:47.965 !!! [CE][VehicleRespawner] (PRIHeliCrash) :: Init: "StaticHeliCrash" - Failed to spawn the requested amount (1 < 3) within 9 attempts.
21:17:47.971 [CE][Links] found 0 total links between groups, of 2
21:17:47.971 [CE][SpawnRandomLoot] (StaticPoliceCar) :: Type: Land_Wreck_Volha_Police, lootmin: 3, lootmax: 5, wanted: 4, deloot: 2, containermaxsum: 10
21:17:47.972 	!!! (child) Land_Wreck_Volha_Police spawns loot or dispatch but can not be saved because of non-saveable StorageCategory.
21:17:47.975 [CE][Links] found 0 total links between groups, of 3
21:17:47.975 [CE][SpawnRandomLoot] (StaticPoliceCar) :: Type: Land_Wreck_Volha_Police, lootmin: 3, lootmax: 5, wanted: 4, deloot: 2, containermaxsum: 10
21:17:47.981 	!!! (child) Land_Wreck_Volha_Police spawns loot or dispatch but can not be saved because of non-saveable StorageCategory.
21:17:48.39 [CE][Links] found 0 total links between groups, of 4
21:17:48.39 [CE][SpawnRandomLoot] (StaticPoliceCar) :: Type: Land_Wreck_Volha_Police, lootmin: 3, lootmax: 5, wanted: 4, deloot: 2, containermaxsum: 10
21:17:48.47 	!!! (child) Land_Wreck_Volha_Police spawns loot or dispatch but can not be saved because of non-saveable StorageCategory.
21:17:48.49 [CE][Links] found 0 total links between groups, of 5
21:17:48.49 [CE][SpawnRandomLoot] (StaticPoliceCar) :: Type: Land_Wreck_Volha_Police, lootmin: 3, lootmax: 5, wanted: 4, deloot: 2, containermaxsum: 10
21:17:48.56 	!!! (child) Land_Wreck_Volha_Police spawns loot or dispatch but can not be saved because of non-saveable StorageCategory.
21:17:48.57 [CE][Links] found 0 total links between groups, of 6
21:17:48.57 [CE][SpawnRandomLoot] (StaticPoliceCar) :: Type: Land_Wreck_Volha_Police, lootmin: 3, lootmax: 5, wanted: 3, deloot: 2, containermaxsum: 10
21:17:48.58 	!!! (child) Land_Wreck_Volha_Police spawns loot or dispatch but can not be saved because of non-saveable StorageCategory.
21:17:48.63 [CE][Links] found 0 total links between groups, of 7
21:17:48.63 [CE][SpawnRandomLoot] (StaticPoliceCar) :: Type: Land_Wreck_Volha_Police, lootmin: 3, lootmax: 5, wanted: 3, deloot: 2, containermaxsum: 10
21:17:48.64 	!!! (child) Land_Wreck_Volha_Police spawns loot or dispatch but can not be saved because of non-saveable StorageCategory.
21:17:48.71 [CE][Links] found 0 total links between groups, of 8
21:17:48.71 [CE][SpawnRandomLoot] (StaticPoliceCar) :: Type: Land_Wreck_Volha_Police, lootmin: 3, lootmax: 5, wanted: 3, deloot: 2, containermaxsum: 10
21:17:48.73 	!!! (child) Land_Wreck_Volha_Police spawns loot or dispatch but can not be saved because of non-saveable StorageCategory.
21:17:48.93 [CE][Links] found 0 total links between groups, of 9
21:17:48.93 [CE][SpawnRandomLoot] (StaticPoliceCar) :: Type: Land_Wreck_Volha_Police, lootmin: 3, lootmax: 5, wanted: 3, deloot: 2, containermaxsum: 10
21:17:48.94 	!!! (child) Land_Wreck_Volha_Police spawns loot or dispatch but can not be saved because of non-saveable StorageCategory.
21:17:48.109 [CE][Links] found 0 total links between groups, of 10
21:17:48.109 [CE][SpawnRandomLoot] (StaticPoliceCar) :: Type: Land_Wreck_Volha_Police, lootmin: 3, lootmax: 5, wanted: 4, deloot: 2, containermaxsum: 10
21:17:48.112 	!!! (child) Land_Wreck_Volha_Police spawns loot or dispatch but can not be saved because of non-saveable StorageCategory.
21:17:48.113 [CE][Links] found 0 total links between groups, of 11
21:17:48.113 [CE][SpawnRandomLoot] (StaticPoliceCar) :: Type: Land_Wreck_Volha_Police, lootmin: 3, lootmax: 5, wanted: 4, deloot: 2, containermaxsum: 10
21:17:48.117 	!!! (child) Land_Wreck_Volha_Police spawns loot or dispatch but can not be saved because of non-saveable StorageCategory.
21:17:48.117 !!! [CE][VehicleRespawner] (PRIBoat) :: Init: "VehicleBoat" - Failed to spawn the requested amount (0 < 3) within 9 attempts.
21:17:48.117 !!! [CE][DE] DynamicEvent "VehicleCivilianSedan" does not have position 'player', so it needs configured positions.
21:17:48.117 !!!!!! [CE][DE] DynamicEvent "VehicleCivilianSedan" setup is invalid, event will be disabled.
21:17:48.117 !!! [CE][DE] DynamicEvent "VehicleOffroadHatchback" does not have position 'player', so it needs configured positions.
21:17:48.117 !!!!!! [CE][DE] DynamicEvent "VehicleOffroadHatchback" setup is invalid, event will be disabled.
21:17:48.117 [CE][DynEvent] :: 35 types
21:17:48.117 [00] AmbientHen
21:17:48.117   Primary Spawner: "Ambient", active: yes, repeat: 1
21:17:48.117 [01] AnimalCow
21:17:48.117   Primary Spawner: "Animal", active: yes, repeat: 1
21:17:48.117 [02] AnimalDeer
21:17:48.117   Primary Spawner: "Animal", active: yes, repeat: 1
21:17:48.117 [03] AnimalGoat
21:17:48.117   Primary Spawner: "Animal", active: yes, repeat: 1
21:17:48.118 [04] AnimalPig
21:17:48.118   Primary Spawner: "Animal", active: yes, repeat: 1
21:17:48.118 [05] AnimalRoeDeer
21:17:48.118   Primary Spawner: "Animal", active: yes, repeat: 1
21:17:48.118 [06] AnimalSheep
21:17:48.118   Primary Spawner: "Animal", active: yes, repeat: 1
21:17:48.118 [07] AnimalWildBoar
21:17:48.118   Primary Spawner: "Animal", active: yes, repeat: 1
21:17:48.118 [08] AnimalWolf
21:17:48.118   Primary Spawner: "Animal", active: yes, repeat: 1
21:17:48.118 [09] InfectedArmy
21:17:48.118   Primary Spawner: "Infected", active: yes, repeat: 1
21:17:48.118 [10] InfectedCity
21:17:48.118   Primary Spawner: "Infected", active: yes, repeat: 1
21:17:48.118 [11] InfectedFirefighter
21:17:48.118   Primary Spawner: "Infected", active: yes, repeat: 1
21:17:48.118 [12] InfectedIndustrial
21:17:48.118   Primary Spawner: "Infected", active: yes, repeat: 1
21:17:48.118 [13] InfectedMedic
21:17:48.118   Primary Spawner: "Infected", active: yes, repeat: 1
21:17:48.118 [14] InfectedPolice
21:17:48.118   Primary Spawner: "Infected", active: yes, repeat: 1
21:17:48.118 [15] InfectedPrisoner
21:17:48.118   Primary Spawner: "Infected", active: yes, repeat: 1
21:17:48.118 [16] InfectedReligious
21:17:48.118   Primary Spawner: "Infected", active: yes, repeat: 1
21:17:48.118 [17] InfectedSolitude
21:17:48.118   Primary Spawner: "Infected", active: yes, repeat: 1
21:17:48.118 [18] InfectedVillage
21:17:48.118   Primary Spawner: "Infected", active: yes, repeat: 1
21:17:48.118 [19] ItemPlanks
21:17:48.118   Primary Spawner: "Item", active: yes, repeat: 1
21:17:48.118 [20] Loot
21:17:48.118   Primary Spawner: "Loot", active: yes, repeat: 2
21:17:48.118 [21] StaticHeliCrash
21:17:48.118   Primary Spawner: "Static", active: yes, repeat: 1
21:17:48.118   Secondary Spawner: "Infected", active: yes, repeat: 1
21:17:48.118 [22] StaticPoliceCar
21:17:48.118   Primary Spawner: "Static", active: yes, repeat: 1
21:17:48.118 [23] TrajectoryApple
21:17:48.118   Primary Spawner: "Trajectory", active: yes, repeat: 1
21:17:48.118 [24] TrajectoryCanina
21:17:48.118   Primary Spawner: "Trajectory", active: yes, repeat: 1
21:17:48.118 [25] TrajectoryConiferous
21:17:48.118   Primary Spawner: "Trajectory", active: yes, repeat: 1
21:17:48.118 [26] TrajectoryDeciduous
21:17:48.118   Primary Spawner: "Trajectory", active: yes, repeat: 1
21:17:48.118 [27] TrajectoryHumus
21:17:48.118   Primary Spawner: "Trajectory", active: yes, repeat: 1
21:17:48.118 [28] TrajectoryPear
21:17:48.118   Primary Spawner: "Trajectory", active: yes, repeat: 1
21:17:48.118 [29] TrajectoryPlum
21:17:48.118   Primary Spawner: "Trajectory", active: yes, repeat: 1
21:17:48.118 [30] TrajectorySambucus
21:17:48.118   Primary Spawner: "Trajectory", active: yes, repeat: 1
21:17:48.118 [31] TrajectoryStones
21:17:48.118   Primary Spawner: "Trajectory", active: yes, repeat: 1
21:17:48.118 [32] VehicleBoat
21:17:48.118   Primary Spawner: "Vehicle", active: yes, repeat: 1
21:17:48.118 [33] VehicleCivilianSedan
21:17:48.118   Primary Spawner: "Vehicle", active: no, repeat: 1
21:17:48.118 [34] VehicleOffroadHatchback
21:17:48.118   Primary Spawner: "Vehicle", active: no, repeat: 1
21:17:48.118 [CE][Hive] :: Initializing of spawners done.
21:17:48.120 [CE][Hive] :: Init sequence finished.
21:17:48.120 Player connect enabled
21:17:49.491 [IdleMode] Entering IN - save processed
21:18:54.535 [Login]: Adding player SamGeekMan (17533209) to login queue at position 0
21:18:54.538 [LoginMachine]: Add player SamGeekMan (17533209 81.79.235.241:64877)
21:18:54.538 [StateMachine]: Player SamGeekMan (dpnid 17533209 uid ) Entering AuthPlayerLoginState
21:18:54.925 [StateMachine]: Player SamGeekMan (dpnid 17533209 uid ) Entering WaitAuthPlayerLoginState
21:18:56.359 [IdleMode] Leaving OUT
21:18:57.469 Player SamGeekMan (id=EjyaR_evG3jSSz8VDJwqD2Jq7_Uz-Rfb4H6R-me5X0g=) has connected.
21:18:57.469 Player "SamGeekMan"(steamID=76561198025089838) is connected
21:18:57.477 [StateMachine]: Player SamGeekMan (dpnid 17533209 uid ) Entering WaitPlayerAssignedLoginState
21:18:58.265 [StateMachine]: Player SamGeekMan (dpnid 17533209 uid ) Entering PlayerAssignedLoginState
21:18:58.276 [StateMachine]: Player SamGeekMan (dpnid 17533209 uid EjyaR_evG3jSSz8VDJwqD2Jq7_Uz-Rfb4H6R-me5X0g=) Entering DBGetLoginTimeLoginState
21:18:58.349 [StateMachine]: Player SamGeekMan (dpnid 17533209 uid EjyaR_evG3jSSz8VDJwqD2Jq7_Uz-Rfb4H6R-me5X0g=) Entering DBWaitLoginTimeLoginState
21:19:03.356 [StateMachine]: Player SamGeekMan (dpnid 17533209 uid EjyaR_evG3jSSz8VDJwqD2Jq7_Uz-Rfb4H6R-me5X0g=) Entering DBGetCharacterLoginState
21:19:03.377 [StateMachine]: Player SamGeekMan (dpnid 17533209 uid EjyaR_evG3jSSz8VDJwqD2Jq7_Uz-Rfb4H6R-me5X0g=) Entering CreateNetObjectsLoginState
21:19:03.387 [CE][PlayerSpawnPoints][GRP_DBG] :: Selected: { no group } | idx: 0 (ut: 130984 | lt: 0 | ctr: 0)
21:19:03.387 [CE][PlayerSpawnPoints][GRP_DBG] :: Current: { no group } | idx: 0 (ct: 130984 | ut: 130984 | lt: 0 | ctr: 0)
21:19:03.387 [CE][PlayerSpawnPoints][GRP_DBG] :: Current: { no group } index: 0 (lt: 0 | ctr: 0)
21:19:03.387 [CE][PlayerSpawnPoints][GRP_DBG] :: Selected: { no group } | idx: 0 (ut: 130984 | lt: 0 | ctr: 0)
21:19:03.392 [StateMachine]: Player SamGeekMan (dpnid 17533209 uid EjyaR_evG3jSSz8VDJwqD2Jq7_Uz-Rfb4H6R-me5X0g=) Entering PreloadCamLoginState
21:19:03.397 [StateMachine]: Player SamGeekMan (dpnid 17533209 uid EjyaR_evG3jSSz8VDJwqD2Jq7_Uz-Rfb4H6R-me5X0g=) Entering WaitPreloadCamLoginState
21:19:19.369 [StateMachine]: Player SamGeekMan (dpnid 17533209 uid EjyaR_evG3jSSz8VDJwqD2Jq7_Uz-Rfb4H6R-me5X0g=) Entering GetNewCharLoginState
21:19:25.418 <CREATE NEW CHAR>:
    charID 1
    playerID 1
    dpnid 17533209
    uid EjyaR_evG3jSSz8VDJwqD2Jq7_Uz-Rfb4H6R-me5X0g=
21:19:26.558 !!! [CE][Point] Removing 3460.399170, 2946.969482 from Land_Boat_Small3
21:19:29.962 !!! [CE][VehicleRespawner] (PRIPlanks) :: Respawning: "ItemPlanks" - Failed to spawn the requested amount (1 < 50) within 150 attempts.
21:19:53.503 !!! [CE][Point] Removing 4923.034180, 2145.437012 from Land_Boat_Small1
21:19:54.833 !!! [CE][VehicleRespawner] (PRIHeliCrash) :: Respawning: "StaticHeliCrash" - Failed to spawn the requested amount (0 < 2) within 6 attempts.
21:19:56.67 !!! [CE][Point] Removing 4809.973633, 1516.047485 from PiceaAbies_3d
21:20:51.265 !!! [CE][VehicleRespawner] (PRIPlanks) :: Respawning: "ItemPlanks" - Failed to spawn the requested amount (1 < 50) within 150 attempts.
21:20:51.571 !!! [CE][VehicleRespawner] (PRIHeliCrash) :: Respawning: "StaticHeliCrash" - Failed to spawn the requested amount (0 < 2) within 6 attempts.
21:21:17.384 [CE][LootRespawner] (PRIDummy) :: Item [0] is hard to place, performance drops: "CanisterGasoline"
21:21:17.384 [CE][LootRespawner] (PRIDummy) :: Item [1] is hard to place, performance drops: "CanisterGasoline"
21:21:19.552 !!! [CE][VehicleRespawner] (PRIBoat) :: Respawning: "VehicleBoat" - Failed to spawn the requested amount (1 < 3) within 9 attempts.
21:21:47.794 !!! [CE][VehicleRespawner] (PRIPlanks) :: Respawning: "ItemPlanks" - Failed to spawn the requested amount (1 < 50) within 150 attempts.
21:21:48.97 !!! [CE][VehicleRespawner] (PRIHeliCrash) :: Respawning: "StaticHeliCrash" - Failed to spawn the requested amount (0 < 2) within 6 attempts.
21:22:16.28 !!! [CE][VehicleRespawner] (PRIBoat) :: Respawning: "VehicleBoat" - Failed to spawn the requested amount (1 < 2) within 6 attempts.
21:23:08.896 !!! [CE][VehicleRespawner] (PRIPlanks) :: Respawning: "ItemPlanks" - Failed to spawn the requested amount (1 < 50) within 150 attempts.
21:23:09.199 !!! [CE][VehicleRespawner] (PRIHeliCrash) :: Respawning: "StaticHeliCrash" - Failed to spawn the requested amount (0 < 2) within 6 attempts.
21:23:34.752 [CE][LootRespawner] (PRIDummy) :: Item [2] is hard to place, performance drops: "SSG82"
21:23:34.957 [CE][LootRespawner] (PRIDummy) :: Item [3] is hard to place, performance drops: "HockeyMask"
21:23:34.958 [CE][LootRespawner] (PRIDummy) :: Item [4] is hard to place, performance drops: "HockeyMask"
21:23:37.219 !!! [CE][VehicleRespawner] (PRIBoat) :: Respawning: "VehicleBoat" - Failed to spawn the requested amount (0 < 1) within 3 attempts.
21:24:02.799 [CE][LootRespawner] (PRIDummy) :: Item [5] is hard to place, performance drops: "SlacksPants_LightGrey"
21:24:02.799 [CE][LootRespawner] (PRIDummy) :: Item [6] is hard to place, performance drops: "SlacksPants_LightGrey"
21:24:02.904 [CE][LootRespawner] (PRIDummy) :: Item [7] is hard to place, performance drops: "SlacksPants_Khaki"
21:24:02.904 [CE][LootRespawner] (PRIDummy) :: Item [8] is hard to place, performance drops: "SlacksPants_Khaki"
21:24:02.904 [CE][LootRespawner] (PRIDummy) :: Item [9] is hard to place, performance drops: "SlacksPants_Khaki"
21:24:05.483 !!! [CE][VehicleRespawner] (PRIPlanks) :: Respawning: "ItemPlanks" - Failed to spawn the requested amount (1 < 50) within 150 attempts.
21:24:05.790 !!! [CE][VehicleRespawner] (PRIHeliCrash) :: Respawning: "StaticHeliCrash" - Failed to spawn the requested amount (0 < 2) within 6 attempts.
21:24:31.114 [CE][LootRespawner] (PRIDummy) :: Item [10] is hard to place, performance drops: "BalaclavaMask_White"
21:24:33.797 !!! [CE][VehicleRespawner] (PRIBoat) :: Respawning: "VehicleBoat" - Failed to spawn the requested amount (0 < 1) within 3 attempts.
21:24:57.303 !!! [CE][Point] Removing 3423.132568, 3106.921875 from Land_Boat_Small2
21:24:57.303 [CE][LootRespawner] (PRIDummy) :: Item [11] is hard to place, performance drops: "BoonieHat_Tan"
21:25:02.134 !!! [CE][VehicleRespawner] (PRIPlanks) :: Respawning: "ItemPlanks" - Failed to spawn the requested amount (1 < 50) within 150 attempts.
21:25:25.783 [CE][LootRespawner] (PRIDummy) :: Item [12] is hard to place, performance drops: "TShirt_OrangeWhiteStripes"
21:25:27.133 !!! [CE][VehicleRespawner] (PRIHeliCrash) :: Respawning: "StaticHeliCrash" - Failed to spawn the requested amount (0 < 2) within 6 attempts.
21:25:52.941 !!! [CE][Point] Removing 3158.196533, 2825.112793 from Land_Boat_Small1
21:25:52.941 [CE][LootRespawner] (PRIDummy) :: Item [13] is hard to place, performance drops: "OrientalMachete"
21:25:53.773 !!! [CE][Point] Removing 3384.247314, 2641.898682 from Land_Boat_Small2
21:25:53.773 [CE][LootRespawner] (PRIDummy) :: Item [14] is hard to place, performance drops: "DressShoes_White"
21:25:55.216 !!! [CE][VehicleRespawner] (PRIBoat) :: Respawning: "VehicleBoat" - Failed to spawn the requested amount (0 < 1) within 3 attempts.
21:26:21.165 [CE][LootRespawner] (PRIDummy) :: Item [15] is hard to place, performance drops: "ParamedicPants_Green"
21:26:21.579 [CE][LootRespawner] (PRIDummy) :: Item [16] is hard to place, performance drops: "RadarCap_Blue"
21:26:23.535 !!! [CE][VehicleRespawner] (PRIPlanks) :: Respawning: "ItemPlanks" - Failed to spawn the requested amount (1 < 50) within 150 attempts.
21:26:23.840 !!! [CE][VehicleRespawner] (PRIHeliCrash) :: Respawning: "StaticHeliCrash" - Failed to spawn the requested amount (0 < 2) within 6 attempts.
21:26:48.289 [CE][LootRespawner] (PRIDummy) :: Item [17] is hard to place, performance drops: "TrackSuitJacket_Black"
21:26:48.491 [CE][LootRespawner] (PRIDummy) :: Item [18] is hard to place, performance drops: "SlacksPants_Brown"
21:26:48.491 !!! [CE][Point] Removing 3049.688721, 2871.905518 from Land_Boat_Small3
21:26:48.491 [CE][LootRespawner] (PRIDummy) :: Item [19] is hard to place, performance drops: "SlacksPants_Brown"
21:26:49.721 [CE][LootRespawner] (PRIDummy) :: Item [20] is hard to place, performance drops: "TrackSuitPants_Green"
21:26:49.721 [CE][LootRespawner] (PRIDummy) :: Item [21] is hard to place, performance drops: "TrackSuitPants_Green"
21:26:49.721 [CE][LootRespawner] (PRIDummy) :: Item [22] is hard to place, performance drops: "TrackSuitPants_Green"
21:26:49.721 [CE][LootRespawner] (PRIDummy) :: Item [23] is hard to place, performance drops: "TrackSuitPants_Green"
21:26:51.898 !!! [CE][VehicleRespawner] (PRIBoat) :: Respawning: "VehicleBoat" - Failed to spawn the requested amount (0 < 1) within 3 attempts.
21:27:17.627 [CE][LootRespawner] (PRIDummy) :: Item [24] is hard to place, performance drops: "SherpaHat_Blue"
21:27:20.205 !!! [CE][VehicleRespawner] (PRIPlanks) :: Respawning: "ItemPlanks" - Failed to spawn the requested amount (1 < 50) within 150 attempts.
21:27:20.513 !!! [CE][VehicleRespawner] (PRIHeliCrash) :: Respawning: "StaticHeliCrash" - Failed to spawn the requested amount (0 < 2) within 6 attempts.
21:27:45.227 [CE][LootRespawner] (PRIDummy) :: Item [25] is hard to place, performance drops: "QuiltedJacket_Black"
21:27:45.540 [CE][LootRespawner] (PRIDummy) :: Item [26] is hard to place, performance drops: "Blouse_Blue"
21:27:48.508 !!! [CE][VehicleRespawner] (PRIBoat) :: Respawning: "VehicleBoat" - Failed to spawn the requested amount (0 < 1) within 3 attempts.
21:28:11.555 !!! [CE][Point] Removing 4921.790039, 2143.636963 from Land_Boat_Small2
21:28:11.555 [CE][LootRespawner] (PRIDummy) :: Item [27] is hard to place, performance drops: "Mag_STANAG_30Rnd"
21:28:11.867 [CE][LootRespawner] (PRIDummy) :: Item [28] is hard to place, performance drops: "HikingJacket_Green"
21:28:13.11 [CE][LootRespawner] (PRIDummy) :: Item [29] is hard to place, performance drops: "PressVest_LightBlue"
21:28:40.73 [CE][LootRespawner] (PRIDummy) :: Item [30] is hard to place, performance drops: "WomanSuit_LightGrey"
21:28:41.418 !!! [CE][VehicleRespawner] (PRIPlanks) :: Respawning: "ItemPlanks" - Failed to spawn the requested amount (1 < 50) within 150 attempts.
21:28:41.720 !!! [CE][VehicleRespawner] (PRIHeliCrash) :: Respawning: "StaticHeliCrash" - Failed to spawn the requested amount (0 < 2) within 6 attempts.
21:29:08.552 [CE][LootRespawner] (PRIDummy) :: Item [31] is hard to place, performance drops: "Skirt_Blue"
21:29:09.691 !!! [CE][VehicleRespawner] (PRIBoat) :: Respawning: "VehicleBoat" - Failed to spawn the requested amount (0 < 1) within 3 attempts.
21:29:35.82 [CE][LootRespawner] (PRIDummy) :: Item [32] is hard to place, performance drops: "PolicePants"
21:29:35.82 [CE][LootRespawner] (PRIDummy) :: Item [33] is hard to place, performance drops: "PolicePants"
21:29:35.82 [CE][LootRespawner] (PRIDummy) :: Item [34] is hard to place, performance drops: "PolicePants"
21:29:36.08 !!! [CE][Point] Removing 3048.365723, 2872.575195 from Land_Boat_Small3
21:29:36.08 [CE][LootRespawner] (PRIDummy) :: Item [35] is hard to place, performance drops: "Saiga"
21:29:38.76 !!! [CE][VehicleRespawner] (PRIPlanks) :: Respawning: "ItemPlanks" - Failed to spawn the requested amount (1 < 50) within 150 attempts.
21:29:38.380 !!! [CE][VehicleRespawner] (PRIHeliCrash) :: Respawning: "StaticHeliCrash" - Failed to spawn the requested amount (0 < 2) within 6 attempts.
21:30:02.20 [CE][LootRespawner] (PRIDummy) :: Item [36] is hard to place, performance drops: "WomanSuit_Brown"
21:30:02.20 [CE][LootRespawner] (PRIDummy) :: Item [37] is hard to place, performance drops: "WomanSuit_Brown"
21:30:02.223 [CE][LootRespawner] (PRIDummy) :: Item [38] is hard to place, performance drops: "DuffelBagSmall_Camo"
21:30:03.866 [CE][LootRespawner] (PRIDummy) :: Item [39] is hard to place, performance drops: "QuiltedJacket_Violet"
21:30:06.333 !!! [CE][VehicleRespawner] (PRIBoat) :: Respawning: "VehicleBoat" - Failed to spawn the requested amount (0 < 1) within 3 attempts.
21:30:31.312 [CE][LootRespawner] (PRIDummy) :: Item [40] is hard to place, performance drops: "CanvasPantsMidi_Red"
21:30:34.657 !!! [CE][VehicleRespawner] (PRIPlanks) :: Respawning: "ItemPlanks" - Failed to spawn the requested amount (1 < 50) within 150 attempts.
21:30:57.516 [CE][LootRespawner] (PRIDummy) :: Item [41] is hard to place, performance drops: "Skirt_Red"
21:30:57.516 [CE][LootRespawner] (PRIDummy) :: Item [42] is hard to place, performance drops: "Skirt_Red"
21:30:59.568 !!! [CE][VehicleRespawner] (PRIHeliCrash) :: Respawning: "StaticHeliCrash" - Failed to spawn the requested amount (0 < 2) within 6 attempts.
21:31:25.266 [CE][LootRespawner] (PRIDummy) :: Item [43] is hard to place, performance drops: "Jeans_BlueDark"
21:31:26.707 [CE][LootRespawner] (PRIDummy) :: Item [44] is hard to place, performance drops: "TrackSuitPants_Blue"
21:31:27.522 !!! [CE][VehicleRespawner] (PRIBoat) :: Respawning: "VehicleBoat" - Failed to spawn the requested amount (0 < 1) within 3 attempts.
21:31:52.735 [CE][LootRespawner] (PRIDummy) :: Item [45] is hard to place, performance drops: "TShirt_Blue"
21:31:52.735 [CE][LootRespawner] (PRIDummy) :: Item [46] is hard to place, performance drops: "TShirt_Blue"
21:31:52.841 [CE][LootRespawner] (PRIDummy) :: Item [47] is hard to place, performance drops: "MotoHelmet_Green"
21:31:52.943 !!! [CE][Point] Removing 2946.374023, 3169.805420 from Land_Boat_Small1
21:31:53.354 [CE][LootRespawner] (PRIDummy) :: Item [48] is hard to place, performance drops: "Blouse_Violet"
21:31:54.478 !!! [CE][Point] Removing 3479.981445, 2999.323486 from Land_Boat_Small3
21:31:54.478 [CE][LootRespawner] (PRIDummy) :: Item [49] is hard to place, performance drops: "DirtBikeHelmet_Khaki"
21:31:55.823 !!! [CE][VehicleRespawner] (PRIPlanks) :: Respawning: "ItemPlanks" - Failed to spawn the requested amount (1 < 50) within 150 attempts.
21:31:56.124 !!! [CE][VehicleRespawner] (PRIHeliCrash) :: Respawning: "StaticHeliCrash" - Failed to spawn the requested amount (0 < 2) within 6 attempts.
21:32:21.544 [CE][LootRespawner] (PRIDummy) :: Item [50] is hard to place, performance drops: "Breeches_Beetcheck"
21:32:22.366 [CE][LootRespawner] (PRIDummy) :: Item [51] is hard to place, performance drops: "NBCJacketYellow"
21:32:22.366 [CE][LootRespawner] (PRIDummy) :: Item [52] is hard to place, performance drops: "NBCJacketYellow"
21:32:22.367 !!! [CE][Point] Removing 3504.191162, 3024.154297 from Land_Boat_Small3
21:32:22.367 [CE][LootRespawner] (PRIDummy) :: Item [53] is hard to place, performance drops: "NBCJacketYellow"
21:32:24.113 !!! [CE][VehicleRespawner] (PRIBoat) :: Respawning: "VehicleBoat" - Failed to spawn the requested amount (0 < 1) within 3 attempts.
21:32:48.412 [CE][LootRespawner] (PRIDummy) :: Item [54] is hard to place, performance drops: "B95"
21:32:48.721 [CE][LootRespawner] (PRIDummy) :: Item [55] is hard to place, performance drops: "Breeches_White"
21:32:49.236 [CE][LootRespawner] (PRIDummy) :: Item [56] is hard to place, performance drops: "MountainBag_Red"
21:32:52.427 !!! [CE][VehicleRespawner] (PRIPlanks) :: Respawning: "ItemPlanks" - Failed to spawn the requested amount (1 < 50) within 150 attempts.
21:32:52.735 !!! [CE][VehicleRespawner] (PRIHeliCrash) :: Respawning: "StaticHeliCrash" - Failed to spawn the requested amount (0 < 2) within 6 attempts.
21:33:16.385 [CE][LootRespawner] (PRIDummy) :: Item [57] is hard to place, performance drops: "NurseDress_Blue"
21:33:17.306 [CE][LootRespawner] (PRIDummy) :: Item [58] is hard to place, performance drops: "CowboyHat_darkBrown"
21:33:20.701 !!! [CE][VehicleRespawner] (PRIBoat) :: Respawning: "VehicleBoat" - Failed to spawn the requested amount (0 < 1) within 3 attempts.
21:33:43.550 [CE][LootRespawner] (PRIDummy) :: Item [59] is hard to place, performance drops: "CargoPants_Black"
21:33:44.375 !!! [CE][Point] Removing 4364.415039, 1747.392700 from Land_Boat_Small3
21:33:44.375 [CE][LootRespawner] (PRIDummy) :: Item [60] is hard to place, performance drops: "BoonieHat_NavyBlue"
21:33:44.787 [CE][LootRespawner] (PRIDummy) :: Item [61] is hard to place, performance drops: "Raincoat_Pink"
21:34:11.228 [CE][LootRespawner] (PRIDummy) :: Item [62] is hard to place, performance drops: "TShirt_Black"
21:34:11.228 [CE][LootRespawner] (PRIDummy) :: Item [63] is hard to place, performance drops: "TShirt_Black"
21:34:11.332 [CE][LootRespawner] (PRIDummy) :: Item [64] is hard to place, performance drops: "ShortJeans_Black"
21:34:12.374 [CE][LootRespawner] (PRIDummy) :: Item [65] is hard to place, performance drops: "HikingJacket_Red"
21:34:12.990 [CE][LootRespawner] (PRIDummy) :: Item [66] is hard to place, performance drops: "WoolCoat_BlackCheck"
21:34:13.615 !!! [CE][VehicleRespawner] (PRIPlanks) :: Respawning: "ItemPlanks" - Failed to spawn the requested amount (1 < 50) within 150 attempts.
21:34:13.918 !!! [CE][VehicleRespawner] (PRIHeliCrash) :: Respawning: "StaticHeliCrash" - Failed to spawn the requested amount (0 < 2) within 6 attempts.
21:34:39.628 [CE][LootRespawner] (PRIDummy) :: Item [67] is hard to place, performance drops: "ManSuit_Black"
21:34:39.628 [CE][LootRespawner] (PRIDummy) :: Item [68] is hard to place, performance drops: "ManSuit_Black"
21:34:40.358 [CE][LootRespawner] (PRIDummy) :: Item [69] is hard to place, performance drops: "DressShoes_Sunburst"
21:34:40.772 [CE][LootRespawner] (PRIDummy) :: Item [70] is hard to place, performance drops: "QuiltedJacket_Red"
21:34:41.902 !!! [CE][VehicleRespawner] (PRIBoat) :: Respawning: "VehicleBoat" - Failed to spawn the requested amount (0 < 1) within 3 attempts.
21:35:07.797 [CE][LootRespawner] (PRIDummy) :: Item [71] is hard to place, performance drops: "BoonieHat_Flecktran"
21:35:10.164 !!! [CE][VehicleRespawner] (PRIPlanks) :: Respawning: "ItemPlanks" - Failed to spawn the requested amount (1 < 50) within 150 attempts.
21:35:10.468 !!! [CE][VehicleRespawner] (PRIHeliCrash) :: Respawning: "StaticHeliCrash" - Failed to spawn the requested amount (0 < 2) within 6 attempts.
21:35:34.261 [CE][LootRespawner] (PRIDummy) :: Item [72] is hard to place, performance drops: "FirefightersHelmet_White"
21:35:34.470 [CE][LootRespawner] (PRIDummy) :: Item [73] is hard to place, performance drops: "ManSuit_White"
21:35:34.470 [CE][LootRespawner] (PRIDummy) :: Item [74] is hard to place, performance drops: "ManSuit_White"
21:35:35.503 [CE][LootRespawner] (PRIDummy) :: Item [75] is hard to place, performance drops: "BomberJacket_Black"
21:35:35.503 [CE][LootRespawner] (PRIDummy) :: Item [76] is hard to place, performance drops: "BomberJacket_Black"
21:35:38.474 !!! [CE][VehicleRespawner] (PRIBoat) :: Respawning: "VehicleBoat" - Failed to spawn the requested amount (0 < 1) within 3 attempts.
21:36:02.42 [CE][LootRespawner] (PRIDummy) :: Item [77] is hard to place, performance drops: "Blouse_White"
21:36:03.277 [CE][LootRespawner] (PRIDummy) :: Item [78] is hard to place, performance drops: "FirefighterAxe"
21:36:03.380 [CE][LootRespawner] (PRIDummy) :: Item [79] is hard to place, performance drops: "NBCBootsGray"
21:36:03.380 [CE][LootRespawner] (PRIDummy) :: Item [80] is hard to place, performance drops: "NBCBootsGray"
21:36:03.380 [CE][LootRespawner] (PRIDummy) :: Item [81] is hard to place, performance drops: "NBCBootsGray"
21:36:06.775 !!! [CE][VehicleRespawner] (PRIPlanks) :: Respawning: "ItemPlanks" - Failed to spawn the requested amount (1 < 50) within 150 attempts.
21:36:29.784 [CE][LootRespawner] (PRIDummy) :: Item [82] is hard to place, performance drops: "Rice"
21:36:30.94 [CE][LootRespawner] (PRIDummy) :: Item [83] is hard to place, performance drops: "TShirt_Red"
21:36:30.94 [CE][LootRespawner] (PRIDummy) :: Item [84] is hard to place, performance drops: "TShirt_Red"
21:36:31.16 [CE][LootRespawner] (PRIDummy) :: Item [85] is hard to place, performance drops: "WomanSuit_Black"
21:36:31.735 !!! [CE][VehicleRespawner] (PRIHeliCrash) :: Respawning: "StaticHeliCrash" - Failed to spawn the requested amount (0 < 2) within 6 attempts.
21:36:57.228 [CE][LootRespawner] (PRIDummy) :: Item [86] is hard to place, performance drops: "Flag_Cannibals"
21:36:57.744 [CE][LootRespawner] (PRIDummy) :: Item [87] is hard to place, performance drops: "Bandana_PolkaPattern"
21:36:57.944 [CE][LootRespawner] (PRIDummy) :: Item [88] is hard to place, performance drops: "JumpsuitJacket_Blue"
21:36:58.770 [CE][LootRespawner] (PRIDummy) :: Item [89] is hard to place, performance drops: "Raincoat_Red"
21:36:59.79 [CE][LootRespawner] (PRIDummy) :: Item [90] is hard to place, performance drops: "TrackSuitJacket_Blue"
21:36:59.79 [CE][LootRespawner] (PRIDummy) :: Item [91] is hard to place, performance drops: "TrackSuitJacket_Blue"
21:36:59.698 !!! [CE][VehicleRespawner] (PRIBoat) :: Respawning: "VehicleBoat" - Failed to spawn the requested amount (0 < 1) within 3 attempts.
21:37:25.251 [CE][LootRespawner] (PRIDummy) :: Item [92] is hard to place, performance drops: "WoolCoat_GreyCheck"
21:37:26.185 [CE][LootRespawner] (PRIDummy) :: Item [93] is hard to place, performance drops: "Flag_CMC"
21:37:26.700 [CE][LootRespawner] (PRIDummy) :: Item [94] is hard to place, performance drops: "MedicalScrubsShirt_White"
21:37:26.700 [CE][LootRespawner] (PRIDummy) :: Item [95] is hard to place, performance drops: "MedicalScrubsShirt_White"
21:37:26.903 [CE][LootRespawner] (PRIDummy) :: Item [96] is hard to place, performance drops: "QuiltedJacket_Green"
21:37:26.903 [CE][LootRespawner] (PRIDummy) :: Item [97] is hard to place, performance drops: "QuiltedJacket_Green"
21:37:26.903 [CE][LootRespawner] (PRIDummy) :: Item [98] is hard to place, performance drops: "QuiltedJacket_Green"
21:37:26.903 [CE][LootRespawner] (PRIDummy) :: Item [99] is hard to place, performance drops: "QuiltedJacket_Green"
21:37:26.903 [CE][LootRespawner] (PRIDummy) :: Item [100] is hard to place, performance drops: "QuiltedJacket_Green"
21:37:28.34 !!! [CE][VehicleRespawner] (PRIPlanks) :: Respawning: "ItemPlanks" - Failed to spawn the requested amount (1 < 50) within 150 attempts.
21:37:28.336 !!! [CE][VehicleRespawner] (PRIHeliCrash) :: Respawning: "StaticHeliCrash" - Failed to spawn the requested amount (0 < 2) within 6 attempts.
21:37:52.610 [CE][LootRespawner] (PRIDummy) :: Item [101] is hard to place, performance drops: "Wellies_Grey"
21:37:52.713 [CE][LootRespawner] (PRIDummy) :: Item [102] is hard to place, performance drops: "WinterCoif_Black"
21:37:52.920 [CE][LootRespawner] (PRIDummy) :: Item [103] is hard to place, performance drops: "JumpsuitPants_Grey"
21:37:53.23 [CE][LootRespawner] (PRIDummy) :: Item [104] is hard to place, performance drops: "WomanSuit_Beige"
21:37:53.124 [CE][LootRespawner] (PRIDummy) :: Item [105] is hard to place, performance drops: "JungleBoots_Beige"
21:37:53.124 [CE][LootRespawner] (PRIDummy) :: Item [106] is hard to place, performance drops: "JungleBoots_Beige"
21:37:54.456 [CE][LootRespawner] (PRIDummy) :: Item [107] is hard to place, performance drops: "HikingJacket_Blue"
21:37:56.317 !!! [CE][VehicleRespawner] (PRIBoat) :: Respawning: "VehicleBoat" - Failed to spawn the requested amount (0 < 1) within 3 attempts.
21:38:20.281 [CE][LootRespawner] (PRIDummy) :: Item [108] is hard to place, performance drops: "Barrel_Yellow"
21:38:20.384 [CE][LootRespawner] (PRIDummy) :: Item [109] is hard to place, performance drops: "Barrel_Green"
21:38:20.589 [CE][LootRespawner] (PRIDummy) :: Item [110] is hard to place, performance drops: "Barrel_Blue"
21:38:20.589 [CE][LootRespawner] (PRIDummy) :: Item [111] is hard to place, performance drops: "Barrel_Blue"
21:38:20.590 [CE][LootRespawner] (PRIDummy) :: Item [112] is hard to place, performance drops: "Barrel_Blue"
21:38:20.592 [CE][LootRespawner] (PRIDummy) :: Item [113] is hard to place, performance drops: "Barrel_Blue"
21:38:20.592 [CE][LootRespawner] (PRIDummy) :: Item [114] is hard to place, performance drops: "Barrel_Blue"
21:38:21.107 [CE][LootRespawner] (PRIDummy) :: Item [115] is hard to place, performance drops: "HuntingJacket_Brown"
21:38:21.615 [CE][LootRespawner] (PRIDummy) :: Item [116] is hard to place, performance drops: "CoyoteBag_Brown"
21:38:21.918 [CE][LootRespawner] (PRIDummy) :: Item [117] is hard to place, performance drops: "TruckBattery"
21:38:22.226 [CE][LootRespawner] (PRIDummy) :: Item [118] is hard to place, performance drops: "GorkaPants_PautRev"
21:38:22.226 [CE][LootRespawner] (PRIDummy) :: Item [119] is hard to place, performance drops: "GorkaPants_PautRev"
21:38:22.226 !!! [CE][Point] Removing 4943.743652, 2132.301270 from Land_Boat_Small3
21:38:22.226 [CE][LootRespawner] (PRIDummy) :: Item [120] is hard to place, performance drops: "GorkaPants_PautRev"
21:38:22.226 [CE][LootRespawner] (PRIDummy) :: Item [121] is hard to place, performance drops: "GorkaPants_PautRev"
21:38:22.226 [CE][LootRespawner] (PRIDummy) :: Item [122] is hard to place, performance drops: "GorkaPants_PautRev"
21:38:24.606 !!! [CE][VehicleRespawner] (PRIPlanks) :: Respawning: "ItemPlanks" - Failed to spawn the requested amount (1 < 50) within 150 attempts.
21:38:24.909 !!! [CE][VehicleRespawner] (PRIHeliCrash) :: Respawning: "StaticHeliCrash" - Failed to spawn the requested amount (0 < 2) within 6 attempts.
21:38:47.955 [CE][LootRespawner] (PRIDummy) :: Item [123] is hard to place, performance drops: "BDUJacket"
21:38:47.955 [CE][LootRespawner] (PRIDummy) :: Item [124] is hard to place, performance drops: "BDUJacket"
21:38:48.580 [CE][LootRespawner] (PRIDummy) :: Item [125] is hard to place, performance drops: "GorkaEJacket_PautRev"
21:38:48.580 [CE][LootRespawner] (PRIDummy) :: Item [126] is hard to place, performance drops: "GorkaEJacket_PautRev"
21:38:48.682 [CE][LootRespawner] (PRIDummy) :: Item [127] is hard to place, performance drops: "HunterPants_Brown"
21:38:48.887 [CE][LootRespawner] (PRIDummy) :: Item [128] is hard to place, performance drops: "GorkaEJacket_Flat"
21:38:49.92 [CE][LootRespawner] (PRIDummy) :: Item [129] is hard to place, performance drops: "HunterPants_Autumn"
21:38:49.193 [CE][LootRespawner] (PRIDummy) :: Item [130] is hard to place, performance drops: "GorkaEJacket_Summer"
21:38:49.500 [CE][LootRespawner] (PRIDummy) :: Item [131] is hard to place, performance drops: "BatteryCharger"
21:38:49.500 [CE][LootRespawner] (PRIDummy) :: Item [132] is hard to place, performance drops: "BatteryCharger"
21:38:49.501 [CE][LootRespawner] (PRIDummy) :: Item [133] is hard to place, performance drops: "BatteryCharger"
21:38:52.884 !!! [CE][VehicleRespawner] (PRIBoat) :: Respawning: "VehicleBoat" - Failed to spawn the requested amount (0 < 1) within 3 attempts.
21:39:45.833 !!! [CE][VehicleRespawner] (PRIPlanks) :: Respawning: "ItemPlanks" - Failed to spawn the requested amount (1 < 50) within 150 attempts.
21:39:46.136 !!! [CE][VehicleRespawner] (PRIHeliCrash) :: Respawning: "StaticHeliCrash" - Failed to spawn the requested amount (0 < 2) within 6 attempts.
21:40:14.170 !!! [CE][VehicleRespawner] (PRIBoat) :: Respawning: "VehicleBoat" - Failed to spawn the requested amount (0 < 1) within 3 attempts.
21:40:42.457 !!! [CE][VehicleRespawner] (PRIPlanks) :: Respawning: "ItemPlanks" - Failed to spawn the requested amount (1 < 50) within 150 attempts.
21:40:42.762 !!! [CE][VehicleRespawner] (PRIHeliCrash) :: Respawning: "StaticHeliCrash" - Failed to spawn the requested amount (0 < 2) within 6 attempts.
21:41:10.761 !!! [CE][VehicleRespawner] (PRIBoat) :: Respawning: "VehicleBoat" - Failed to spawn the requested amount (0 < 1) within 3 attempts.
21:41:39.105 !!! [CE][VehicleRespawner] (PRIPlanks) :: Respawning: "ItemPlanks" - Failed to spawn the requested amount (1 < 50) within 150 attempts.
21:42:00.449 [Disconnect]: Start script disconnect 17533209 (dbCharacterId 1 dbPlayerId 1) logoutTime 15
21:42:04.32 !!! [CE][VehicleRespawner] (PRIHeliCrash) :: Respawning: "StaticHeliCrash" - Failed to spawn the requested amount (0 < 2) within 6 attempts.
21:42:04.596 [Disconnect]: Client 17533209 disconnecting
21:42:04.596 [Disconnect]: Client 17533209 early disconnect
21:42:04.600 [Disconnect]: Start script disconnect 17533209 (dbCharacterId 1 dbPlayerId 1) logoutTime 15
21:42:04.773 [Disconnect]: Remove player info 17533209
21:42:04.806 [Disconnect]: Player destroy 17533209 
21:42:15.455 [Disconnect]: Finish script disconnect -1 (EjyaR_evG3jSSz8VDJwqD2Jq7_Uz-Rfb4H6R-me5X0g=)
21:42:32.79 !!! [CE][VehicleRespawner] (PRIBoat) :: Respawning: "VehicleBoat" - Failed to spawn the requested amount (0 < 1) within 3 attempts.
21:43:00.417 !!! [CE][VehicleRespawner] (PRIPlanks) :: Respawning: "ItemPlanks" - Failed to spawn the requested amount (1 < 50) within 150 attempts.
21:43:00.724 !!! [CE][VehicleRespawner] (PRIHeliCrash) :: Respawning: "StaticHeliCrash" - Failed to spawn the requested amount (0 < 2) within 6 attempts.
21:43:28.782 !!! [CE][VehicleRespawner] (PRIBoat) :: Respawning: "VehicleBoat" - Failed to spawn the requested amount (0 < 1) within 3 attempts.
21:43:50.628 [IdleMode] Entering IN - save processed
21:43:59.694  --- Termination successfully completed --- 
