=====================================================================
== C:\SERVICES\ni10839481_1_SHARE\ftproot\dayzstandalone\DayZServer_x64.exe
== "C:\SERVICES\ni10839481_1_SHARE\ftproot\dayzstandalone\DayZServer_x64.exe" -ip=85.190.162.236 -port=11200 -cpuCount=4 -limitFPS=100 -config=serverDZ.cfg "-mod=@Namalsk Survival;@Namalsk Island;@Zens Zombie Door Bangers;@Ear-Plugs;@Code Lock" -profiles=C:\SERVICES\ni10839481_1_SHARE\ftproot\dayzstandalone/config -BEPath=C:\SERVICES\ni10839481_1_SHARE\ftproot\dayzstandalone\battleye -noFilePatching -nologs -adminlog -freezecheck
=====================================================================
Exe timestamp: 2025/04/04 00:49:20
Current time:  2025/05/09 21:02:48
Version 1.27.159674
=====================================================================

21:02:48.568 [Inputs] Loading inputs default "bin/constants.xml"
21:02:48.578 [Inputs] Loading inputs default "bin/specific.xml"
21:02:48.580 [Inputs] Loading inputs default "EarPlugs/data/inputs.xml"
21:02:48.583 [Inputs] Loading inputs default "nst/ns_dayz/scripts/Data/Inputs.xml"
21:02:48.586 [Inputs] Loading inputs cfg "C:\SERVICES\ni10839481_1_SHARE\ftproot\dayzstandalone/config\Users\Survivor\Server.core.xml"
21:02:48.600 [Inputs] Exporting inputs cfg "C:\SERVICES\ni10839481_1_SHARE\ftproot\dayzstandalone/config\Users\Survivor\Server.core.xml"
21:03:14.931 Hostname of server: "Aid Station | Namalsk"
21:03:28.60 [CE][Hive] :: Initializing OFFLINE
21:03:28.61 [StorageDirs] :: Selected storage directory: C:\SERVICES\ni10839481_1_SHARE\ftproot\dayzstandalone\mpmissions\regular.namalsk\storage_1\
21:03:28.66 [CE][Hive] :: Loading core data ... 
21:03:28.71 [CE][CoreData] :: 8 root classes, 0 defaults, 0 updaters...
21:03:36.180 [CE] :: WARNING :: Preset map "headsFirefighter" is EMPTY.
21:03:36.182 [CE][TypeSetup] :: 599 classes setuped...
21:03:36.787 [CE][RegisterBind] :: 0 classes binded...
21:03:36.787 [CE][RegisterConfig] :: 5794 config classes registered, 0 sub-counters...
21:03:36.787 [CE][Hive] :: Loading map data ... 
21:03:36.862 [CE][LoadPrototype] :: loaded 256 prototypes
21:03:36.862   404 containers, 7415 points
21:03:36.862   1 dispatches, 1 proxies
21:03:36.862 !!! [CE][LoadPrototype] 1 groups have wrong points...
21:03:36.862 [CE][LoadPrototype] :: last group name: land_frozen_person...
21:03:36.873 [CE][LoadPrototype] :: loaded 0 prototypes
21:03:36.873   38 containers, 66 points
21:03:36.873   0 dispatches, 0 proxies
21:03:36.873 [CE][LoadPrototype] :: last group name: StoneLoc38...
21:03:36.983 [CE][LoadMap] "Group" :: loaded 1445 groups, groups failed: 0, largest group range: 36.4
21:03:36.989 [CE][LoadMap] "Dirt" :: loaded 0 groups, groups failed: 0, largest group range: 36.4
21:03:36.994 [CE][Links] found 472 total links between groups, of 1445
21:03:36.994 [CE][LoadClusters] "Cluster" :: Loading files...
21:03:37.12 [CE][LoadClusters] :: file: "mapgroupcluster.xml", 1 types, 2418 instances
21:03:37.15 [CE][Storage] ver:21 stamp:83694, valid:yes, name:"C:\SERVICES\ni10839481_1_SHARE\ftproot\dayzstandalone\mpmissions\regular.namalsk\storage_1\data\types.bin"
21:03:37.18 [CE][Storage] ver:21 stamp:83662, valid:yes, name:"C:\SERVICES\ni10839481_1_SHARE\ftproot\dayzstandalone\mpmissions\regular.namalsk\storage_1\data\types.001"
21:03:37.58 [CE][Storage] ver:21 stamp:83663, valid:yes, name:"C:\SERVICES\ni10839481_1_SHARE\ftproot\dayzstandalone\mpmissions\regular.namalsk\storage_1\data\types.002"
21:03:37.58 [CE][Storage] Restoring file "C:\SERVICES\ni10839481_1_SHARE\ftproot\dayzstandalone\mpmissions\regular.namalsk\storage_1\data\types.bin".
21:03:37.124 [CE][offlineDB] :: Loaded 23 dynamic events 177 total types.
21:03:37.164 !!! [CE][offlineDB] :: Type 'ChristmasTree' will be ignored. (Not spawnable. (Scope is not public?))
21:03:37.192 [CE][DE][SPAWNS] :: Total positions: 711
21:03:37.192 [CE][DE][GROUPS] :: Total eventgroups defined: 0, Eventgroups in use: 0
21:03:37.194 [CE][Storage] ver:25 stamp:83694, valid:yes, name:"C:\SERVICES\ni10839481_1_SHARE\ftproot\dayzstandalone\mpmissions\regular.namalsk\storage_1\data\events.bin"
21:03:37.196 [CE][Storage] ver:25 stamp:83662, valid:yes, name:"C:\SERVICES\ni10839481_1_SHARE\ftproot\dayzstandalone\mpmissions\regular.namalsk\storage_1\data\events.001"
21:03:37.197 [CE][Storage] ver:25 stamp:83663, valid:yes, name:"C:\SERVICES\ni10839481_1_SHARE\ftproot\dayzstandalone\mpmissions\regular.namalsk\storage_1\data\events.002"
21:03:37.197 [CE][Storage] Restoring file "C:\SERVICES\ni10839481_1_SHARE\ftproot\dayzstandalone\mpmissions\regular.namalsk\storage_1\data\events.bin".
21:03:37.197 [CE][DynamicEvent] Load  Events:[23] Primary spawners: 23 Secondary spawners: 0
21:03:37.198 [CE][Storage] ver:25 stamp:83694, valid:yes, name:"C:\SERVICES\ni10839481_1_SHARE\ftproot\dayzstandalone\mpmissions\regular.namalsk\storage_1\data\dynamic_000.bin"
21:03:37.200 [CE][Storage] ver:25 stamp:83662, valid:yes, name:"C:\SERVICES\ni10839481_1_SHARE\ftproot\dayzstandalone\mpmissions\regular.namalsk\storage_1\data\dynamic_000.001"
21:03:37.202 [CE][Storage] ver:25 stamp:83663, valid:yes, name:"C:\SERVICES\ni10839481_1_SHARE\ftproot\dayzstandalone\mpmissions\regular.namalsk\storage_1\data\dynamic_000.002"
21:03:37.203 [CE][Storage] Restoring file "C:\SERVICES\ni10839481_1_SHARE\ftproot\dayzstandalone\mpmissions\regular.namalsk\storage_1\data\dynamic_000.bin" 1 items.
21:03:37.205   1 items loaded. (0 failed)
21:03:37.207 [CE][Storage] ver:25 stamp:83694, valid:yes, name:"C:\SERVICES\ni10839481_1_SHARE\ftproot\dayzstandalone\mpmissions\regular.namalsk\storage_1\data\dynamic_001.bin"
21:03:37.209 [CE][Storage] ver:25 stamp:83662, valid:yes, name:"C:\SERVICES\ni10839481_1_SHARE\ftproot\dayzstandalone\mpmissions\regular.namalsk\storage_1\data\dynamic_001.001"
21:03:37.211 [CE][Storage] ver:25 stamp:83663, valid:yes, name:"C:\SERVICES\ni10839481_1_SHARE\ftproot\dayzstandalone\mpmissions\regular.namalsk\storage_1\data\dynamic_001.002"
21:03:37.211 [CE][Storage] Restoring file "C:\SERVICES\ni10839481_1_SHARE\ftproot\dayzstandalone\mpmissions\regular.namalsk\storage_1\data\dynamic_001.bin" 32 items.
21:03:37.342   32 items loaded. (0 failed)
21:03:37.344 [CE][Storage] ver:25 stamp:83694, valid:yes, name:"C:\SERVICES\ni10839481_1_SHARE\ftproot\dayzstandalone\mpmissions\regular.namalsk\storage_1\data\dynamic_002.bin"
21:03:37.346 [CE][Storage] ver:25 stamp:83662, valid:yes, name:"C:\SERVICES\ni10839481_1_SHARE\ftproot\dayzstandalone\mpmissions\regular.namalsk\storage_1\data\dynamic_002.001"
21:03:37.348 [CE][Storage] ver:25 stamp:83663, valid:yes, name:"C:\SERVICES\ni10839481_1_SHARE\ftproot\dayzstandalone\mpmissions\regular.namalsk\storage_1\data\dynamic_002.002"
21:03:37.348 [CE][Storage] Restoring file "C:\SERVICES\ni10839481_1_SHARE\ftproot\dayzstandalone\mpmissions\regular.namalsk\storage_1\data\dynamic_002.bin" 65 items.
21:03:37.480   65 items loaded. (0 failed)
21:03:37.482 [CE][Storage] ver:25 stamp:83694, valid:yes, name:"C:\SERVICES\ni10839481_1_SHARE\ftproot\dayzstandalone\mpmissions\regular.namalsk\storage_1\data\dynamic_003.bin"
21:03:37.485 [CE][Storage] ver:25 stamp:83662, valid:yes, name:"C:\SERVICES\ni10839481_1_SHARE\ftproot\dayzstandalone\mpmissions\regular.namalsk\storage_1\data\dynamic_003.001"
21:03:37.488 [CE][Storage] ver:25 stamp:83663, valid:yes, name:"C:\SERVICES\ni10839481_1_SHARE\ftproot\dayzstandalone\mpmissions\regular.namalsk\storage_1\data\dynamic_003.002"
21:03:37.488 [CE][Storage] Restoring file "C:\SERVICES\ni10839481_1_SHARE\ftproot\dayzstandalone\mpmissions\regular.namalsk\storage_1\data\dynamic_003.bin" 724 items.
21:03:38.500   724 items loaded. (0 failed)
21:03:38.502 [CE][Storage] ver:25 stamp:83694, valid:yes, name:"C:\SERVICES\ni10839481_1_SHARE\ftproot\dayzstandalone\mpmissions\regular.namalsk\storage_1\data\dynamic_004.bin"
21:03:38.505 [CE][Storage] ver:25 stamp:83662, valid:yes, name:"C:\SERVICES\ni10839481_1_SHARE\ftproot\dayzstandalone\mpmissions\regular.namalsk\storage_1\data\dynamic_004.001"
21:03:38.507 [CE][Storage] ver:25 stamp:83663, valid:yes, name:"C:\SERVICES\ni10839481_1_SHARE\ftproot\dayzstandalone\mpmissions\regular.namalsk\storage_1\data\dynamic_004.002"
21:03:38.507 [CE][Storage] Restoring file "C:\SERVICES\ni10839481_1_SHARE\ftproot\dayzstandalone\mpmissions\regular.namalsk\storage_1\data\dynamic_004.bin" 1674 items.
21:03:40.16   1674 items loaded. (0 failed)
21:03:40.31 [CE][Storage] ver:25 stamp:83694, valid:yes, name:"C:\SERVICES\ni10839481_1_SHARE\ftproot\dayzstandalone\mpmissions\regular.namalsk\storage_1\data\dynamic_005.bin"
21:03:40.48 [CE][Storage] ver:25 stamp:83662, valid:yes, name:"C:\SERVICES\ni10839481_1_SHARE\ftproot\dayzstandalone\mpmissions\regular.namalsk\storage_1\data\dynamic_005.001"
21:03:40.59 [CE][Storage] ver:25 stamp:83663, valid:yes, name:"C:\SERVICES\ni10839481_1_SHARE\ftproot\dayzstandalone\mpmissions\regular.namalsk\storage_1\data\dynamic_005.002"
21:03:40.59 [CE][Storage] Restoring file "C:\SERVICES\ni10839481_1_SHARE\ftproot\dayzstandalone\mpmissions\regular.namalsk\storage_1\data\dynamic_005.bin" 779 items.
21:03:42.150   779 items loaded. (0 failed)
21:03:42.152 [CE][Storage] ver:25 stamp:83694, valid:yes, name:"C:\SERVICES\ni10839481_1_SHARE\ftproot\dayzstandalone\mpmissions\regular.namalsk\storage_1\data\dynamic_006.bin"
21:03:42.155 [CE][Storage] ver:25 stamp:83662, valid:yes, name:"C:\SERVICES\ni10839481_1_SHARE\ftproot\dayzstandalone\mpmissions\regular.namalsk\storage_1\data\dynamic_006.001"
21:03:42.157 [CE][Storage] ver:25 stamp:83663, valid:yes, name:"C:\SERVICES\ni10839481_1_SHARE\ftproot\dayzstandalone\mpmissions\regular.namalsk\storage_1\data\dynamic_006.002"
21:03:42.157 [CE][Storage] Restoring file "C:\SERVICES\ni10839481_1_SHARE\ftproot\dayzstandalone\mpmissions\regular.namalsk\storage_1\data\dynamic_006.bin" 1717 items.
21:03:43.304   1717 items loaded. (0 failed)
21:03:43.307 [CE][Storage] ver:25 stamp:83694, valid:yes, name:"C:\SERVICES\ni10839481_1_SHARE\ftproot\dayzstandalone\mpmissions\regular.namalsk\storage_1\data\dynamic_007.bin"
21:03:43.309 [CE][Storage] ver:25 stamp:83662, valid:yes, name:"C:\SERVICES\ni10839481_1_SHARE\ftproot\dayzstandalone\mpmissions\regular.namalsk\storage_1\data\dynamic_007.001"
21:03:43.311 [CE][Storage] ver:25 stamp:83663, valid:yes, name:"C:\SERVICES\ni10839481_1_SHARE\ftproot\dayzstandalone\mpmissions\regular.namalsk\storage_1\data\dynamic_007.002"
21:03:43.311 [CE][Storage] Restoring file "C:\SERVICES\ni10839481_1_SHARE\ftproot\dayzstandalone\mpmissions\regular.namalsk\storage_1\data\dynamic_007.bin" 598 items.
21:03:43.655   598 items loaded. (0 failed)
21:03:43.657 [CE][Storage] ver:25 stamp:83694, valid:yes, name:"C:\SERVICES\ni10839481_1_SHARE\ftproot\dayzstandalone\mpmissions\regular.namalsk\storage_1\data\dynamic_008.bin"
21:03:43.659 [CE][Storage] ver:25 stamp:83662, valid:yes, name:"C:\SERVICES\ni10839481_1_SHARE\ftproot\dayzstandalone\mpmissions\regular.namalsk\storage_1\data\dynamic_008.001"
21:03:43.661 [CE][Storage] ver:25 stamp:83663, valid:yes, name:"C:\SERVICES\ni10839481_1_SHARE\ftproot\dayzstandalone\mpmissions\regular.namalsk\storage_1\data\dynamic_008.002"
21:03:43.661 [CE][Storage] Restoring file "C:\SERVICES\ni10839481_1_SHARE\ftproot\dayzstandalone\mpmissions\regular.namalsk\storage_1\data\dynamic_008.bin" 131 items.
21:03:43.780   131 items loaded. (0 failed)
21:03:43.781 [CE][Storage] ver:25 stamp:83694, valid:yes, name:"C:\SERVICES\ni10839481_1_SHARE\ftproot\dayzstandalone\mpmissions\regular.namalsk\storage_1\data\dynamic_009.bin"
21:03:43.783 [CE][Storage] ver:25 stamp:83662, valid:yes, name:"C:\SERVICES\ni10839481_1_SHARE\ftproot\dayzstandalone\mpmissions\regular.namalsk\storage_1\data\dynamic_009.001"
21:03:43.784 [CE][Storage] ver:25 stamp:83663, valid:yes, name:"C:\SERVICES\ni10839481_1_SHARE\ftproot\dayzstandalone\mpmissions\regular.namalsk\storage_1\data\dynamic_009.002"
21:03:43.785 [CE][Storage] Restoring file "C:\SERVICES\ni10839481_1_SHARE\ftproot\dayzstandalone\mpmissions\regular.namalsk\storage_1\data\dynamic_009.bin" 0 items.
21:03:43.785   0 items loaded. (0 failed)
21:03:43.786 [CE][Storage] ver:25 stamp:83694, valid:yes, name:"C:\SERVICES\ni10839481_1_SHARE\ftproot\dayzstandalone\mpmissions\regular.namalsk\storage_1\data\dynamic_010.bin"
21:03:43.788 [CE][Storage] ver:25 stamp:83662, valid:yes, name:"C:\SERVICES\ni10839481_1_SHARE\ftproot\dayzstandalone\mpmissions\regular.namalsk\storage_1\data\dynamic_010.001"
21:03:43.790 [CE][Storage] ver:25 stamp:83663, valid:yes, name:"C:\SERVICES\ni10839481_1_SHARE\ftproot\dayzstandalone\mpmissions\regular.namalsk\storage_1\data\dynamic_010.002"
21:03:43.790 [CE][Storage] Restoring file "C:\SERVICES\ni10839481_1_SHARE\ftproot\dayzstandalone\mpmissions\regular.namalsk\storage_1\data\dynamic_010.bin" 36 items.
21:03:43.897   36 items loaded. (0 failed)
21:03:43.899 [CE][Storage] ver:25 stamp:83694, valid:yes, name:"C:\SERVICES\ni10839481_1_SHARE\ftproot\dayzstandalone\mpmissions\regular.namalsk\storage_1\data\dynamic_011.bin"
21:03:43.901 [CE][Storage] ver:25 stamp:83662, valid:yes, name:"C:\SERVICES\ni10839481_1_SHARE\ftproot\dayzstandalone\mpmissions\regular.namalsk\storage_1\data\dynamic_011.001"
21:03:43.903 [CE][Storage] ver:25 stamp:83663, valid:yes, name:"C:\SERVICES\ni10839481_1_SHARE\ftproot\dayzstandalone\mpmissions\regular.namalsk\storage_1\data\dynamic_011.002"
21:03:43.903 [CE][Storage] Restoring file "C:\SERVICES\ni10839481_1_SHARE\ftproot\dayzstandalone\mpmissions\regular.namalsk\storage_1\data\dynamic_011.bin" 52 items.
21:03:44.71   52 items loaded. (0 failed)
21:03:44.73 [CE][Storage] ver:26 stamp:83694, valid:yes, name:"C:\SERVICES\ni10839481_1_SHARE\ftproot\dayzstandalone\mpmissions\regular.namalsk\storage_1\data\building.bin"
21:03:44.75 [CE][Storage] ver:26 stamp:83662, valid:yes, name:"C:\SERVICES\ni10839481_1_SHARE\ftproot\dayzstandalone\mpmissions\regular.namalsk\storage_1\data\building.001"
21:03:44.76 [CE][Storage] ver:26 stamp:83663, valid:yes, name:"C:\SERVICES\ni10839481_1_SHARE\ftproot\dayzstandalone\mpmissions\regular.namalsk\storage_1\data\building.002"
21:03:44.77 [CE][Storage] Restoring file "C:\SERVICES\ni10839481_1_SHARE\ftproot\dayzstandalone\mpmissions\regular.namalsk\storage_1\data\building.bin" 0 items.
21:03:44.77   0 items loaded. (0 failed)
21:03:44.78 [CE][Storage] ver:25 stamp:83694, valid:yes, name:"C:\SERVICES\ni10839481_1_SHARE\ftproot\dayzstandalone\mpmissions\regular.namalsk\storage_1\data\vehicles.bin"
21:03:44.81 [CE][Storage] ver:25 stamp:83662, valid:yes, name:"C:\SERVICES\ni10839481_1_SHARE\ftproot\dayzstandalone\mpmissions\regular.namalsk\storage_1\data\vehicles.001"
21:03:44.83 [CE][Storage] ver:25 stamp:83663, valid:yes, name:"C:\SERVICES\ni10839481_1_SHARE\ftproot\dayzstandalone\mpmissions\regular.namalsk\storage_1\data\vehicles.002"
21:03:44.84 [CE][Storage] Restoring file "C:\SERVICES\ni10839481_1_SHARE\ftproot\dayzstandalone\mpmissions\regular.namalsk\storage_1\data\vehicles.bin" 61 items.
21:03:44.375   61 items loaded. (0 failed)
21:03:44.407 [CE][Hive] :: Storage load took:7.20 seconds, recovery stamp:83694
21:03:44.407   entity: 9290, building: 0
21:03:44.407   no lifetime: 14
21:03:44.407   pathgraph's: 401
21:03:44.411 [CE][Hive] :: Initializing ... 
21:03:44.456 [CE][InitializeMap] :: initialized: 0
21:03:44.456 [CE][Hive] :: Initializing spawners ... 
21:03:44.456 [CE][LootRespawner] (PRIDummy) :: Initially (re)spawned:0, Nominal:6458, Total in Map: 5939 at 0 (sec)
21:03:44.456   tests:0, repeats:0 fails:0, overtime:0
21:03:47.614 [CE][DynEvent] :: 23 types
21:03:47.614 [00] Loot
21:03:47.614   Primary Spawner: "Loot", active: yes, repeat: 2
21:03:47.614 [01] StaticMedDrop
21:03:47.614   Primary Spawner: "Static", active: yes, repeat: 1
21:03:47.614 [02] StaticLifeboat
21:03:47.614   Primary Spawner: "Static", active: yes, repeat: 1
21:03:47.614 [03] ItemWoodenPlanks
21:03:47.614   Primary Spawner: "Item", active: yes, repeat: 1
21:03:47.614 [04] TrajectoryStones
21:03:47.614   Primary Spawner: "Trajectory", active: yes, repeat: 1
21:03:47.614 [05] InfectedSanta
21:03:47.614   Primary Spawner: "Infected", active: yes, repeat: 1
21:03:47.614 [06] InfectedArmy
21:03:47.614   Primary Spawner: "Infected", active: yes, repeat: 1
21:03:47.614 [07] InfectedIndustrial
21:03:47.614   Primary Spawner: "Infected", active: yes, repeat: 1
21:03:47.614 [08] InfectedCivil
21:03:47.614   Primary Spawner: "Infected", active: yes, repeat: 1
21:03:47.614 [09] InfectedMedic
21:03:47.614   Primary Spawner: "Infected", active: yes, repeat: 1
21:03:47.614 [10] AnimalGoat
21:03:47.614   Primary Spawner: "Animal", active: yes, repeat: 1
21:03:47.614 [11] AnimalSheep
21:03:47.614   Primary Spawner: "Animal", active: yes, repeat: 1
21:03:47.614 [12] AnimalReindeer
21:03:47.615   Primary Spawner: "Animal", active: yes, repeat: 1
21:03:47.615 [13] AnimalWildBoar
21:03:47.615   Primary Spawner: "Animal", active: yes, repeat: 1
21:03:47.615 [14] AnimalWolf
21:03:47.615   Primary Spawner: "Animal", active: yes, repeat: 1
21:03:47.615 [15] AnimalBrownBear
21:03:47.615   Primary Spawner: "Animal", active: yes, repeat: 1
21:03:47.615 [16] AnimalPolarBear
21:03:47.615   Primary Spawner: "Animal", active: yes, repeat: 1
21:03:47.615 [17] AmbientFox
21:03:47.615   Primary Spawner: "Ambient", active: yes, repeat: 1
21:03:47.615 [18] AmbientHare
21:03:47.615   Primary Spawner: "Ambient", active: yes, repeat: 1
21:03:47.615 [19] VehicleRubberBoats
21:03:47.615   Primary Spawner: "Vehicle", active: yes, repeat: 1
21:03:47.615 [20] VehicleCivilianCars
21:03:47.615   Primary Spawner: "Vehicle", active: yes, repeat: 1
21:03:47.615 [21] VehicleTrucks
21:03:47.615   Primary Spawner: "Vehicle", active: yes, repeat: 1
21:03:47.615 [22] VehicleMilitary
21:03:47.615   Primary Spawner: "Vehicle", active: yes, repeat: 1
21:03:47.615 [CE][Hive] :: Initializing of spawners done.
21:03:47.628 [CE][Hive] :: Init sequence finished.
21:03:47.628 Player connect enabled
21:03:48.625 [IdleMode] Entering IN - save processed
23:19:26.268 [Login]: Adding player CuCu (390936244) to login queue at position 0
23:19:26.268 [LoginMachine]: Add player CuCu (390936244 212.40.90.210:36925)
23:19:26.268 [StateMachine]: Player CuCu (dpnid 390936244 uid ) Entering AuthPlayerLoginState
23:19:26.418 [StateMachine]: Player CuCu (dpnid 390936244 uid ) State Error (AuthPlayerLoginState)
23:19:26.418 Player Unknown (390936244) kicked from server: 115 (Client is missing a mod which is on the server. (CodeLock; Namalsk Island; Ear Plugs; Namalsk Survival; Zen's Zombie Door Bangers)  (Missing PBO.))
23:19:26.418 [StateMachine]: Kick player CuCu (dpnid 390936244 uid ) State AuthPlayerLoginState
23:19:26.421 [Disconnect]: Client 390936244 early disconnect
23:19:26.428 [Disconnect]: No identity -> remove player info 390936244 
23:19:26.428 [Disconnect]: DisconnectPlayerFinish 390936244
23:19:26.428 [Disconnect]: Remove player info 390936244
23:19:26.430 [Disconnect]: Player destroy 390936244 
 3:47:27.415 [Shutdown] Shutting down in 5400 seconds (90 minutes).
 4:18:23.806 [Shutdown] Shutting down in 3600 seconds (60 minutes).
 4:24:35.36  --- Termination successfully completed --- 
