=====================================================================
== C:\SERVICES\ni10839481_1_SHARE\ftproot\dayzstandalone\DayZServer_x64.exe
== "C:\SERVICES\ni10839481_1_SHARE\ftproot\dayzstandalone\DayZServer_x64.exe" -ip=85.190.162.236 -port=11200 -cpuCount=4 -limitFPS=100 -config=serverDZ.cfg "-mod=@Namalsk Survival;@Namalsk Island;@Zens Zombie Door Bangers;@Ear-Plugs;@Code Lock" -profiles=C:\SERVICES\ni10839481_1_SHARE\ftproot\dayzstandalone/config -BEPath=C:\SERVICES\ni10839481_1_SHARE\ftproot\dayzstandalone\battleye -noFilePatching -nologs -adminlog -freezecheck
=====================================================================
Exe timestamp: 2025/04/04 00:49:20
Current time:  2025/05/22 04:25:48
Version 1.27.159674
=====================================================================

 4:25:48.919 [Inputs] Loading inputs default "bin/constants.xml"
 4:25:48.929 [Inputs] Loading inputs default "bin/specific.xml"
 4:25:48.931 [Inputs] Loading inputs default "EarPlugs/data/inputs.xml"
 4:25:48.934 [Inputs] Loading inputs default "nst/ns_dayz/scripts/Data/Inputs.xml"
 4:25:48.937 [Inputs] Loading inputs cfg "C:\SERVICES\ni10839481_1_SHARE\ftproot\dayzstandalone/config\Users\Survivor\Server.core.xml"
 4:25:48.953 [Inputs] Exporting inputs cfg "C:\SERVICES\ni10839481_1_SHARE\ftproot\dayzstandalone/config\Users\Survivor\Server.core.xml"
 4:26:16.330 Hostname of server: "Aid Station | Namalsk | PVE"
 4:26:27.599 [CE][Hive] :: Initializing OFFLINE
 4:26:27.601 [StorageDirs] :: Selected storage directory: C:\SERVICES\ni10839481_1_SHARE\ftproot\dayzstandalone\mpmissions\regular.namalsk\storage_1\
 4:26:27.619 [CE][Hive] :: Loading core data ... 
 4:26:27.623 [CE][CoreData] :: 8 root classes, 0 defaults, 0 updaters...
 4:26:36.333 [CE] :: WARNING :: Preset map "headsFirefighter" is EMPTY.
 4:26:36.337 [CE][TypeSetup] :: 599 classes setuped...
 4:26:36.995 [CE][RegisterBind] :: 0 classes binded...
 4:26:36.995 [CE][RegisterConfig] :: 5794 config classes registered, 0 sub-counters...
 4:26:36.995 [CE][Hive] :: Loading map data ... 
 4:26:37.136 [CE][LoadPrototype] :: loaded 256 prototypes
 4:26:37.136   404 containers, 7415 points
 4:26:37.136   1 dispatches, 1 proxies
 4:26:37.136 !!! [CE][LoadPrototype] 1 groups have wrong points...
 4:26:37.136 [CE][LoadPrototype] :: last group name: land_frozen_person...
 4:26:37.145 [CE][LoadPrototype] :: loaded 0 prototypes
 4:26:37.145   38 containers, 66 points
 4:26:37.145   0 dispatches, 0 proxies
 4:26:37.145 [CE][LoadPrototype] :: last group name: StoneLoc38...
 4:26:37.225 [CE][LoadMap] "Group" :: loaded 1445 groups, groups failed: 0, largest group range: 36.4
 4:26:37.231 [CE][LoadMap] "Dirt" :: loaded 0 groups, groups failed: 0, largest group range: 36.4
 4:26:37.236 [CE][Links] found 472 total links between groups, of 1445
 4:26:37.236 [CE][LoadClusters] "Cluster" :: Loading files...
 4:26:37.253 [CE][LoadClusters] :: file: "mapgroupcluster.xml", 1 types, 2418 instances
 4:26:37.256 [CE][Storage] ver:21 stamp:111162, valid:yes, name:"C:\SERVICES\ni10839481_1_SHARE\ftproot\dayzstandalone\mpmissions\regular.namalsk\storage_1\data\types.bin"
 4:26:37.258 [CE][Storage] ver:21 stamp:110138, valid:yes, name:"C:\SERVICES\ni10839481_1_SHARE\ftproot\dayzstandalone\mpmissions\regular.namalsk\storage_1\data\types.001"
 4:26:37.261 [CE][Storage] ver:21 stamp:110136, valid:yes, name:"C:\SERVICES\ni10839481_1_SHARE\ftproot\dayzstandalone\mpmissions\regular.namalsk\storage_1\data\types.002"
 4:26:37.261 [CE][Storage] Restoring file "C:\SERVICES\ni10839481_1_SHARE\ftproot\dayzstandalone\mpmissions\regular.namalsk\storage_1\data\types.bin".
 4:26:37.318 [CE][offlineDB] :: Loaded 23 dynamic events 177 total types.
 4:26:37.352 !!! [CE][offlineDB] :: Type 'ChristmasTree' will be ignored. (Not spawnable. (Scope is not public?))
 4:26:37.376 [CE][DE][SPAWNS] :: Total positions: 711
 4:26:37.376 [CE][DE][GROUPS] :: Total eventgroups defined: 0, Eventgroups in use: 0
 4:26:37.378 [CE][Storage] ver:25 stamp:111162, valid:yes, name:"C:\SERVICES\ni10839481_1_SHARE\ftproot\dayzstandalone\mpmissions\regular.namalsk\storage_1\data\events.bin"
 4:26:37.380 [CE][Storage] ver:25 stamp:110138, valid:yes, name:"C:\SERVICES\ni10839481_1_SHARE\ftproot\dayzstandalone\mpmissions\regular.namalsk\storage_1\data\events.001"
 4:26:37.381 [CE][Storage] ver:25 stamp:110136, valid:yes, name:"C:\SERVICES\ni10839481_1_SHARE\ftproot\dayzstandalone\mpmissions\regular.namalsk\storage_1\data\events.002"
 4:26:37.381 [CE][Storage] Restoring file "C:\SERVICES\ni10839481_1_SHARE\ftproot\dayzstandalone\mpmissions\regular.namalsk\storage_1\data\events.bin".
 4:26:37.381 [CE][DynamicEvent] Load  Events:[23] Primary spawners: 23 Secondary spawners: 0
 4:26:37.383 [CE][Storage] ver:25 stamp:111162, valid:yes, name:"C:\SERVICES\ni10839481_1_SHARE\ftproot\dayzstandalone\mpmissions\regular.namalsk\storage_1\data\dynamic_000.bin"
 4:26:37.385 [CE][Storage] ver:25 stamp:110138, valid:yes, name:"C:\SERVICES\ni10839481_1_SHARE\ftproot\dayzstandalone\mpmissions\regular.namalsk\storage_1\data\dynamic_000.001"
 4:26:37.387 [CE][Storage] ver:25 stamp:110136, valid:yes, name:"C:\SERVICES\ni10839481_1_SHARE\ftproot\dayzstandalone\mpmissions\regular.namalsk\storage_1\data\dynamic_000.002"
 4:26:37.387 [CE][Storage] Restoring file "C:\SERVICES\ni10839481_1_SHARE\ftproot\dayzstandalone\mpmissions\regular.namalsk\storage_1\data\dynamic_000.bin" 1 items.
 4:26:37.388   1 items loaded. (0 failed)
 4:26:37.390 [CE][Storage] ver:25 stamp:111162, valid:yes, name:"C:\SERVICES\ni10839481_1_SHARE\ftproot\dayzstandalone\mpmissions\regular.namalsk\storage_1\data\dynamic_001.bin"
 4:26:37.392 [CE][Storage] ver:25 stamp:110138, valid:yes, name:"C:\SERVICES\ni10839481_1_SHARE\ftproot\dayzstandalone\mpmissions\regular.namalsk\storage_1\data\dynamic_001.001"
 4:26:37.393 [CE][Storage] ver:25 stamp:110136, valid:yes, name:"C:\SERVICES\ni10839481_1_SHARE\ftproot\dayzstandalone\mpmissions\regular.namalsk\storage_1\data\dynamic_001.002"
 4:26:37.393 [CE][Storage] Restoring file "C:\SERVICES\ni10839481_1_SHARE\ftproot\dayzstandalone\mpmissions\regular.namalsk\storage_1\data\dynamic_001.bin" 30 items.
 4:26:37.514   30 items loaded. (0 failed)
 4:26:37.516 [CE][Storage] ver:25 stamp:111162, valid:yes, name:"C:\SERVICES\ni10839481_1_SHARE\ftproot\dayzstandalone\mpmissions\regular.namalsk\storage_1\data\dynamic_002.bin"
 4:26:37.518 [CE][Storage] ver:25 stamp:110138, valid:yes, name:"C:\SERVICES\ni10839481_1_SHARE\ftproot\dayzstandalone\mpmissions\regular.namalsk\storage_1\data\dynamic_002.001"
 4:26:37.520 [CE][Storage] ver:25 stamp:110136, valid:yes, name:"C:\SERVICES\ni10839481_1_SHARE\ftproot\dayzstandalone\mpmissions\regular.namalsk\storage_1\data\dynamic_002.002"
 4:26:37.520 [CE][Storage] Restoring file "C:\SERVICES\ni10839481_1_SHARE\ftproot\dayzstandalone\mpmissions\regular.namalsk\storage_1\data\dynamic_002.bin" 65 items.
 4:26:37.626   65 items loaded. (0 failed)
 4:26:37.629 [CE][Storage] ver:25 stamp:111162, valid:yes, name:"C:\SERVICES\ni10839481_1_SHARE\ftproot\dayzstandalone\mpmissions\regular.namalsk\storage_1\data\dynamic_003.bin"
 4:26:37.631 [CE][Storage] ver:25 stamp:110138, valid:yes, name:"C:\SERVICES\ni10839481_1_SHARE\ftproot\dayzstandalone\mpmissions\regular.namalsk\storage_1\data\dynamic_003.001"
 4:26:37.634 [CE][Storage] ver:25 stamp:110136, valid:yes, name:"C:\SERVICES\ni10839481_1_SHARE\ftproot\dayzstandalone\mpmissions\regular.namalsk\storage_1\data\dynamic_003.002"
 4:26:37.634 [CE][Storage] Restoring file "C:\SERVICES\ni10839481_1_SHARE\ftproot\dayzstandalone\mpmissions\regular.namalsk\storage_1\data\dynamic_003.bin" 761 items.
 4:26:38.388   761 items loaded. (0 failed)
 4:26:38.391 [CE][Storage] ver:25 stamp:111162, valid:yes, name:"C:\SERVICES\ni10839481_1_SHARE\ftproot\dayzstandalone\mpmissions\regular.namalsk\storage_1\data\dynamic_004.bin"
 4:26:38.393 [CE][Storage] ver:25 stamp:110138, valid:yes, name:"C:\SERVICES\ni10839481_1_SHARE\ftproot\dayzstandalone\mpmissions\regular.namalsk\storage_1\data\dynamic_004.001"
 4:26:38.396 [CE][Storage] ver:25 stamp:110136, valid:yes, name:"C:\SERVICES\ni10839481_1_SHARE\ftproot\dayzstandalone\mpmissions\regular.namalsk\storage_1\data\dynamic_004.002"
 4:26:38.396 [CE][Storage] Restoring file "C:\SERVICES\ni10839481_1_SHARE\ftproot\dayzstandalone\mpmissions\regular.namalsk\storage_1\data\dynamic_004.bin" 1652 items.
 4:26:39.788   1652 items loaded. (0 failed)
 4:26:39.790 [CE][Storage] ver:25 stamp:111162, valid:yes, name:"C:\SERVICES\ni10839481_1_SHARE\ftproot\dayzstandalone\mpmissions\regular.namalsk\storage_1\data\dynamic_005.bin"
 4:26:39.793 [CE][Storage] ver:25 stamp:110138, valid:yes, name:"C:\SERVICES\ni10839481_1_SHARE\ftproot\dayzstandalone\mpmissions\regular.namalsk\storage_1\data\dynamic_005.001"
 4:26:39.795 [CE][Storage] ver:25 stamp:110136, valid:yes, name:"C:\SERVICES\ni10839481_1_SHARE\ftproot\dayzstandalone\mpmissions\regular.namalsk\storage_1\data\dynamic_005.002"
 4:26:39.795 [CE][Storage] Restoring file "C:\SERVICES\ni10839481_1_SHARE\ftproot\dayzstandalone\mpmissions\regular.namalsk\storage_1\data\dynamic_005.bin" 830 items.
 4:26:42.528   830 items loaded. (0 failed)
 4:26:42.531 [CE][Storage] ver:25 stamp:111162, valid:yes, name:"C:\SERVICES\ni10839481_1_SHARE\ftproot\dayzstandalone\mpmissions\regular.namalsk\storage_1\data\dynamic_006.bin"
 4:26:42.533 [CE][Storage] ver:25 stamp:110138, valid:yes, name:"C:\SERVICES\ni10839481_1_SHARE\ftproot\dayzstandalone\mpmissions\regular.namalsk\storage_1\data\dynamic_006.001"
 4:26:42.536 [CE][Storage] ver:25 stamp:110136, valid:yes, name:"C:\SERVICES\ni10839481_1_SHARE\ftproot\dayzstandalone\mpmissions\regular.namalsk\storage_1\data\dynamic_006.002"
 4:26:42.536 [CE][Storage] Restoring file "C:\SERVICES\ni10839481_1_SHARE\ftproot\dayzstandalone\mpmissions\regular.namalsk\storage_1\data\dynamic_006.bin" 1709 items.
 4:26:43.562   1709 items loaded. (0 failed)
 4:26:43.564 [CE][Storage] ver:25 stamp:111162, valid:yes, name:"C:\SERVICES\ni10839481_1_SHARE\ftproot\dayzstandalone\mpmissions\regular.namalsk\storage_1\data\dynamic_007.bin"
 4:26:43.566 [CE][Storage] ver:25 stamp:110138, valid:yes, name:"C:\SERVICES\ni10839481_1_SHARE\ftproot\dayzstandalone\mpmissions\regular.namalsk\storage_1\data\dynamic_007.001"
 4:26:43.569 [CE][Storage] ver:25 stamp:110136, valid:yes, name:"C:\SERVICES\ni10839481_1_SHARE\ftproot\dayzstandalone\mpmissions\regular.namalsk\storage_1\data\dynamic_007.002"
 4:26:43.569 [CE][Storage] Restoring file "C:\SERVICES\ni10839481_1_SHARE\ftproot\dayzstandalone\mpmissions\regular.namalsk\storage_1\data\dynamic_007.bin" 621 items.
 4:26:43.873   621 items loaded. (0 failed)
 4:26:43.876 [CE][Storage] ver:25 stamp:111162, valid:yes, name:"C:\SERVICES\ni10839481_1_SHARE\ftproot\dayzstandalone\mpmissions\regular.namalsk\storage_1\data\dynamic_008.bin"
 4:26:43.878 [CE][Storage] ver:25 stamp:110138, valid:yes, name:"C:\SERVICES\ni10839481_1_SHARE\ftproot\dayzstandalone\mpmissions\regular.namalsk\storage_1\data\dynamic_008.001"
 4:26:43.880 [CE][Storage] ver:25 stamp:110136, valid:yes, name:"C:\SERVICES\ni10839481_1_SHARE\ftproot\dayzstandalone\mpmissions\regular.namalsk\storage_1\data\dynamic_008.002"
 4:26:43.880 [CE][Storage] Restoring file "C:\SERVICES\ni10839481_1_SHARE\ftproot\dayzstandalone\mpmissions\regular.namalsk\storage_1\data\dynamic_008.bin" 126 items.
 4:26:43.964   126 items loaded. (0 failed)
 4:26:43.966 [CE][Storage] ver:25 stamp:111162, valid:yes, name:"C:\SERVICES\ni10839481_1_SHARE\ftproot\dayzstandalone\mpmissions\regular.namalsk\storage_1\data\dynamic_009.bin"
 4:26:43.967 [CE][Storage] ver:25 stamp:110138, valid:yes, name:"C:\SERVICES\ni10839481_1_SHARE\ftproot\dayzstandalone\mpmissions\regular.namalsk\storage_1\data\dynamic_009.001"
 4:26:43.969 [CE][Storage] ver:25 stamp:110136, valid:yes, name:"C:\SERVICES\ni10839481_1_SHARE\ftproot\dayzstandalone\mpmissions\regular.namalsk\storage_1\data\dynamic_009.002"
 4:26:43.969 [CE][Storage] Restoring file "C:\SERVICES\ni10839481_1_SHARE\ftproot\dayzstandalone\mpmissions\regular.namalsk\storage_1\data\dynamic_009.bin" 0 items.
 4:26:43.969   0 items loaded. (0 failed)
 4:26:43.971 [CE][Storage] ver:25 stamp:111162, valid:yes, name:"C:\SERVICES\ni10839481_1_SHARE\ftproot\dayzstandalone\mpmissions\regular.namalsk\storage_1\data\dynamic_010.bin"
 4:26:43.972 [CE][Storage] ver:25 stamp:110138, valid:yes, name:"C:\SERVICES\ni10839481_1_SHARE\ftproot\dayzstandalone\mpmissions\regular.namalsk\storage_1\data\dynamic_010.001"
 4:26:43.974 [CE][Storage] ver:25 stamp:110136, valid:yes, name:"C:\SERVICES\ni10839481_1_SHARE\ftproot\dayzstandalone\mpmissions\regular.namalsk\storage_1\data\dynamic_010.002"
 4:26:43.974 [CE][Storage] Restoring file "C:\SERVICES\ni10839481_1_SHARE\ftproot\dayzstandalone\mpmissions\regular.namalsk\storage_1\data\dynamic_010.bin" 34 items.
 4:26:44.58   34 items loaded. (0 failed)
 4:26:44.59 [CE][Storage] ver:25 stamp:111162, valid:yes, name:"C:\SERVICES\ni10839481_1_SHARE\ftproot\dayzstandalone\mpmissions\regular.namalsk\storage_1\data\dynamic_011.bin"
 4:26:44.61 [CE][Storage] ver:25 stamp:110138, valid:yes, name:"C:\SERVICES\ni10839481_1_SHARE\ftproot\dayzstandalone\mpmissions\regular.namalsk\storage_1\data\dynamic_011.001"
 4:26:44.63 [CE][Storage] ver:25 stamp:110136, valid:yes, name:"C:\SERVICES\ni10839481_1_SHARE\ftproot\dayzstandalone\mpmissions\regular.namalsk\storage_1\data\dynamic_011.002"
 4:26:44.63 [CE][Storage] Restoring file "C:\SERVICES\ni10839481_1_SHARE\ftproot\dayzstandalone\mpmissions\regular.namalsk\storage_1\data\dynamic_011.bin" 44 items.
 4:26:44.111   44 items loaded. (0 failed)
 4:26:44.113 [CE][Storage] ver:26 stamp:111162, valid:yes, name:"C:\SERVICES\ni10839481_1_SHARE\ftproot\dayzstandalone\mpmissions\regular.namalsk\storage_1\data\building.bin"
 4:26:44.115 [CE][Storage] ver:26 stamp:110138, valid:yes, name:"C:\SERVICES\ni10839481_1_SHARE\ftproot\dayzstandalone\mpmissions\regular.namalsk\storage_1\data\building.001"
 4:26:44.117 [CE][Storage] ver:26 stamp:110136, valid:yes, name:"C:\SERVICES\ni10839481_1_SHARE\ftproot\dayzstandalone\mpmissions\regular.namalsk\storage_1\data\building.002"
 4:26:44.117 [CE][Storage] Restoring file "C:\SERVICES\ni10839481_1_SHARE\ftproot\dayzstandalone\mpmissions\regular.namalsk\storage_1\data\building.bin" 0 items.
 4:26:44.117   0 items loaded. (0 failed)
 4:26:44.119 [CE][Storage] ver:25 stamp:111162, valid:yes, name:"C:\SERVICES\ni10839481_1_SHARE\ftproot\dayzstandalone\mpmissions\regular.namalsk\storage_1\data\vehicles.bin"
 4:26:44.121 [CE][Storage] ver:25 stamp:110138, valid:yes, name:"C:\SERVICES\ni10839481_1_SHARE\ftproot\dayzstandalone\mpmissions\regular.namalsk\storage_1\data\vehicles.001"
 4:26:44.123 [CE][Storage] ver:25 stamp:110136, valid:yes, name:"C:\SERVICES\ni10839481_1_SHARE\ftproot\dayzstandalone\mpmissions\regular.namalsk\storage_1\data\vehicles.002"
 4:26:44.123 [CE][Storage] Restoring file "C:\SERVICES\ni10839481_1_SHARE\ftproot\dayzstandalone\mpmissions\regular.namalsk\storage_1\data\vehicles.bin" 49 items.
 4:26:44.282   49 items loaded. (0 failed)
 4:26:44.304 [CE][Hive] :: Storage load took:6.92 seconds, recovery stamp:111162
 4:26:44.304   entity: 9807, building: 0
 4:26:44.304   no lifetime: 8
 4:26:44.304   pathgraph's: 451
 4:26:44.308 [CE][Hive] :: Initializing ... 
 4:26:44.346 [CE][InitializeMap] :: initialized: 0
 4:26:44.346 [CE][Hive] :: Initializing spawners ... 
 4:26:44.346 [CE][LootRespawner] (PRIDummy) :: Initially (re)spawned:0, Nominal:6458, Total in Map: 5967 at 0 (sec)
 4:26:44.346   tests:0, repeats:0 fails:0, overtime:0
 4:26:47.973 [CE][DynEvent] :: 23 types
 4:26:47.973 [00] Loot
 4:26:47.973   Primary Spawner: "Loot", active: yes, repeat: 2
 4:26:47.973 [01] StaticMedDrop
 4:26:47.973   Primary Spawner: "Static", active: yes, repeat: 1
 4:26:47.973 [02] StaticLifeboat
 4:26:47.973   Primary Spawner: "Static", active: yes, repeat: 1
 4:26:47.973 [03] ItemWoodenPlanks
 4:26:47.973   Primary Spawner: "Item", active: yes, repeat: 1
 4:26:47.973 [04] TrajectoryStones
 4:26:47.973   Primary Spawner: "Trajectory", active: yes, repeat: 1
 4:26:47.973 [05] InfectedSanta
 4:26:47.973   Primary Spawner: "Infected", active: yes, repeat: 1
 4:26:47.973 [06] InfectedArmy
 4:26:47.973   Primary Spawner: "Infected", active: yes, repeat: 1
 4:26:47.973 [07] InfectedIndustrial
 4:26:47.973   Primary Spawner: "Infected", active: yes, repeat: 1
 4:26:47.973 [08] InfectedCivil
 4:26:47.973   Primary Spawner: "Infected", active: yes, repeat: 1
 4:26:47.973 [09] InfectedMedic
 4:26:47.973   Primary Spawner: "Infected", active: yes, repeat: 1
 4:26:47.973 [10] AnimalGoat
 4:26:47.973   Primary Spawner: "Animal", active: yes, repeat: 1
 4:26:47.973 [11] AnimalSheep
 4:26:47.973   Primary Spawner: "Animal", active: yes, repeat: 1
 4:26:47.973 [12] AnimalReindeer
 4:26:47.973   Primary Spawner: "Animal", active: yes, repeat: 1
 4:26:47.973 [13] AnimalWildBoar
 4:26:47.973   Primary Spawner: "Animal", active: yes, repeat: 1
 4:26:47.973 [14] AnimalWolf
 4:26:47.973   Primary Spawner: "Animal", active: yes, repeat: 1
 4:26:47.973 [15] AnimalBrownBear
 4:26:47.973   Primary Spawner: "Animal", active: yes, repeat: 1
 4:26:47.973 [16] AnimalPolarBear
 4:26:47.973   Primary Spawner: "Animal", active: yes, repeat: 1
 4:26:47.973 [17] AmbientFox
 4:26:47.973   Primary Spawner: "Ambient", active: yes, repeat: 1
 4:26:47.974 [18] AmbientHare
 4:26:47.974   Primary Spawner: "Ambient", active: yes, repeat: 1
 4:26:47.974 [19] VehicleRubberBoats
 4:26:47.974   Primary Spawner: "Vehicle", active: yes, repeat: 1
 4:26:47.974 [20] VehicleCivilianCars
 4:26:47.974   Primary Spawner: "Vehicle", active: yes, repeat: 1
 4:26:47.974 [21] VehicleTrucks
 4:26:47.974   Primary Spawner: "Vehicle", active: yes, repeat: 1
 4:26:47.974 [22] VehicleMilitary
 4:26:47.974   Primary Spawner: "Vehicle", active: yes, repeat: 1
 4:26:47.974 [CE][Hive] :: Initializing of spawners done.
 4:26:47.990 [CE][Hive] :: Init sequence finished.
 4:26:47.990 Player connect enabled
 4:26:49.366 [IdleMode] Entering IN - save processed
11:09:53.508 [Shutdown] Shutting down in 5400 seconds (90 minutes).
11:40:46.353 [Shutdown] Shutting down in 3600 seconds (60 minutes).
11:56:12.75 [Shutdown] Shutting down in 2700 seconds (45 minutes).
12:11:38.478 [Shutdown] Shutting down in 1800 seconds (30 minutes).
12:21:57.94 [Shutdown] Shutting down in 1200 seconds (20 minutes).
12:27:06.157 [Shutdown] Shutting down in 900 seconds (15 minutes).
12:32:14.959 [Shutdown] Shutting down in 600 seconds (10 minutes).
12:37:23.441 [Shutdown] Shutting down in 300 seconds (5 minutes).
12:38:25.295 [Shutdown] Shutting down in 240 seconds (4 minutes).
12:39:27.41 [Shutdown] Shutting down in 180 seconds (3 minutes).
12:40:28.804 [Shutdown] Shutting down in 120 seconds (2 minutes).
12:41:30.839 [Shutdown] Shutting down in 60 seconds (1 minutes).
12:41:30.924 [Shutdown] Saving players, locking server and kicking all players.
12:42:32.586 [Server] :: termination in: 5
12:42:33.587 [Server] :: termination in: 4
12:42:34.587 [Server] :: termination in: 3
12:42:35.587 [Server] :: termination in: 2
12:42:36.588 [Server] :: termination in: 1
12:42:48.392  --- Termination successfully completed --- 
