=====================================================================
== C:\SERVICES\ni10839481_1_SHARE\ftproot\dayzstandalone\DayZServer_x64.exe
== "C:\SERVICES\ni10839481_1_SHARE\ftproot\dayzstandalone\DayZServer_x64.exe" -ip=85.190.162.236 -port=11200 -cpuCount=4 -limitFPS=100 -config=serverDZ.cfg "-mod=@Namalsk Survival;@Namalsk Island;@Zens Zombie Door Bangers;@Ear-Plugs;@Code Lock" -profiles=C:\SERVICES\ni10839481_1_SHARE\ftproot\dayzstandalone/config -BEPath=C:\SERVICES\ni10839481_1_SHARE\ftproot\dayzstandalone\battleye -noFilePatching -nologs -adminlog -freezecheck
=====================================================================
Exe timestamp: 2025/04/04 00:49:20
Current time:  2025/05/27 04:25:13
Version 1.27.159674
=====================================================================

 4:25:13.83 [Inputs] Loading inputs default "bin/constants.xml"
 4:25:13.93 [Inputs] Loading inputs default "bin/specific.xml"
 4:25:13.96 [Inputs] Loading inputs default "EarPlugs/data/inputs.xml"
 4:25:13.98 [Inputs] Loading inputs default "nst/ns_dayz/scripts/Data/Inputs.xml"
 4:25:13.101 [Inputs] Loading inputs cfg "C:\SERVICES\ni10839481_1_SHARE\ftproot\dayzstandalone/config\Users\Survivor\Server.core.xml"
 4:25:13.118 [Inputs] Exporting inputs cfg "C:\SERVICES\ni10839481_1_SHARE\ftproot\dayzstandalone/config\Users\Survivor\Server.core.xml"
 4:25:40.328 Hostname of server: "Aid Station | Namalsk | PVE"
 4:26:00.697 [CE][Hive] :: Initializing OFFLINE
 4:26:00.698 [StorageDirs] :: Selected storage directory: C:\SERVICES\ni10839481_1_SHARE\ftproot\dayzstandalone\mpmissions\regular.namalsk\storage_1\
 4:26:00.703 [CE][Hive] :: Loading core data ... 
 4:26:00.707 [CE][CoreData] :: 8 root classes, 0 defaults, 0 updaters...
 4:26:09.474 [CE] :: WARNING :: Preset map "headsFirefighter" is EMPTY.
 4:26:09.478 [CE][TypeSetup] :: 599 classes setuped...
 4:26:10.133 [CE][RegisterBind] :: 0 classes binded...
 4:26:10.134 [CE][RegisterConfig] :: 5794 config classes registered, 0 sub-counters...
 4:26:10.134 [CE][Hive] :: Loading map data ... 
 4:26:10.215 [CE][LoadPrototype] :: loaded 256 prototypes
 4:26:10.215   404 containers, 7415 points
 4:26:10.215   1 dispatches, 1 proxies
 4:26:10.215 !!! [CE][LoadPrototype] 1 groups have wrong points...
 4:26:10.215 [CE][LoadPrototype] :: last group name: land_frozen_person...
 4:26:10.226 [CE][LoadPrototype] :: loaded 0 prototypes
 4:26:10.226   38 containers, 66 points
 4:26:10.226   0 dispatches, 0 proxies
 4:26:10.226 [CE][LoadPrototype] :: last group name: StoneLoc38...
 4:26:10.335 [CE][LoadMap] "Group" :: loaded 1445 groups, groups failed: 0, largest group range: 36.4
 4:26:10.342 [CE][LoadMap] "Dirt" :: loaded 0 groups, groups failed: 0, largest group range: 36.4
 4:26:10.348 [CE][Links] found 472 total links between groups, of 1445
 4:26:10.348 [CE][LoadClusters] "Cluster" :: Loading files...
 4:26:10.367 [CE][LoadClusters] :: file: "mapgroupcluster.xml", 1 types, 2418 instances
 4:26:10.370 [CE][Storage] ver:21 stamp:121387, valid:yes, name:"C:\SERVICES\ni10839481_1_SHARE\ftproot\dayzstandalone\mpmissions\regular.namalsk\storage_1\data\types.bin"
 4:26:10.372 [CE][Storage] ver:21 stamp:121309, valid:yes, name:"C:\SERVICES\ni10839481_1_SHARE\ftproot\dayzstandalone\mpmissions\regular.namalsk\storage_1\data\types.001"
 4:26:10.375 [CE][Storage] ver:21 stamp:121310, valid:yes, name:"C:\SERVICES\ni10839481_1_SHARE\ftproot\dayzstandalone\mpmissions\regular.namalsk\storage_1\data\types.002"
 4:26:10.375 [CE][Storage] Restoring file "C:\SERVICES\ni10839481_1_SHARE\ftproot\dayzstandalone\mpmissions\regular.namalsk\storage_1\data\types.bin".
 4:26:10.442 [CE][offlineDB] :: Loaded 23 dynamic events 177 total types.
 4:26:10.480 !!! [CE][offlineDB] :: Type 'ChristmasTree' will be ignored. (Not spawnable. (Scope is not public?))
 4:26:10.511 [CE][DE][SPAWNS] :: Total positions: 711
 4:26:10.511 [CE][DE][GROUPS] :: Total eventgroups defined: 0, Eventgroups in use: 0
 4:26:10.513 [CE][Storage] ver:25 stamp:121387, valid:yes, name:"C:\SERVICES\ni10839481_1_SHARE\ftproot\dayzstandalone\mpmissions\regular.namalsk\storage_1\data\events.bin"
 4:26:10.515 [CE][Storage] ver:25 stamp:121309, valid:yes, name:"C:\SERVICES\ni10839481_1_SHARE\ftproot\dayzstandalone\mpmissions\regular.namalsk\storage_1\data\events.001"
 4:26:10.517 [CE][Storage] ver:25 stamp:121310, valid:yes, name:"C:\SERVICES\ni10839481_1_SHARE\ftproot\dayzstandalone\mpmissions\regular.namalsk\storage_1\data\events.002"
 4:26:10.517 [CE][Storage] Restoring file "C:\SERVICES\ni10839481_1_SHARE\ftproot\dayzstandalone\mpmissions\regular.namalsk\storage_1\data\events.bin".
 4:26:10.517 [CE][DynamicEvent] Load  Events:[23] Primary spawners: 23 Secondary spawners: 0
 4:26:10.519 [CE][Storage] ver:25 stamp:121387, valid:yes, name:"C:\SERVICES\ni10839481_1_SHARE\ftproot\dayzstandalone\mpmissions\regular.namalsk\storage_1\data\dynamic_000.bin"
 4:26:10.521 [CE][Storage] ver:25 stamp:121309, valid:yes, name:"C:\SERVICES\ni10839481_1_SHARE\ftproot\dayzstandalone\mpmissions\regular.namalsk\storage_1\data\dynamic_000.001"
 4:26:10.523 [CE][Storage] ver:25 stamp:121310, valid:yes, name:"C:\SERVICES\ni10839481_1_SHARE\ftproot\dayzstandalone\mpmissions\regular.namalsk\storage_1\data\dynamic_000.002"
 4:26:10.523 [CE][Storage] Restoring file "C:\SERVICES\ni10839481_1_SHARE\ftproot\dayzstandalone\mpmissions\regular.namalsk\storage_1\data\dynamic_000.bin" 1 items.
 4:26:10.526   1 items loaded. (0 failed)
 4:26:10.528 [CE][Storage] ver:25 stamp:121387, valid:yes, name:"C:\SERVICES\ni10839481_1_SHARE\ftproot\dayzstandalone\mpmissions\regular.namalsk\storage_1\data\dynamic_001.bin"
 4:26:10.530 [CE][Storage] ver:25 stamp:121309, valid:yes, name:"C:\SERVICES\ni10839481_1_SHARE\ftproot\dayzstandalone\mpmissions\regular.namalsk\storage_1\data\dynamic_001.001"
 4:26:10.532 [CE][Storage] ver:25 stamp:121310, valid:yes, name:"C:\SERVICES\ni10839481_1_SHARE\ftproot\dayzstandalone\mpmissions\regular.namalsk\storage_1\data\dynamic_001.002"
 4:26:10.532 [CE][Storage] Restoring file "C:\SERVICES\ni10839481_1_SHARE\ftproot\dayzstandalone\mpmissions\regular.namalsk\storage_1\data\dynamic_001.bin" 30 items.
 4:26:10.636   30 items loaded. (0 failed)
 4:26:10.639 [CE][Storage] ver:25 stamp:121387, valid:yes, name:"C:\SERVICES\ni10839481_1_SHARE\ftproot\dayzstandalone\mpmissions\regular.namalsk\storage_1\data\dynamic_002.bin"
 4:26:10.641 [CE][Storage] ver:25 stamp:121309, valid:yes, name:"C:\SERVICES\ni10839481_1_SHARE\ftproot\dayzstandalone\mpmissions\regular.namalsk\storage_1\data\dynamic_002.001"
 4:26:10.643 [CE][Storage] ver:25 stamp:121310, valid:yes, name:"C:\SERVICES\ni10839481_1_SHARE\ftproot\dayzstandalone\mpmissions\regular.namalsk\storage_1\data\dynamic_002.002"
 4:26:10.643 [CE][Storage] Restoring file "C:\SERVICES\ni10839481_1_SHARE\ftproot\dayzstandalone\mpmissions\regular.namalsk\storage_1\data\dynamic_002.bin" 68 items.
 4:26:10.805   68 items loaded. (0 failed)
 4:26:10.808 [CE][Storage] ver:25 stamp:121387, valid:yes, name:"C:\SERVICES\ni10839481_1_SHARE\ftproot\dayzstandalone\mpmissions\regular.namalsk\storage_1\data\dynamic_003.bin"
 4:26:10.811 [CE][Storage] ver:25 stamp:121309, valid:yes, name:"C:\SERVICES\ni10839481_1_SHARE\ftproot\dayzstandalone\mpmissions\regular.namalsk\storage_1\data\dynamic_003.001"
 4:26:10.813 [CE][Storage] ver:25 stamp:121310, valid:yes, name:"C:\SERVICES\ni10839481_1_SHARE\ftproot\dayzstandalone\mpmissions\regular.namalsk\storage_1\data\dynamic_003.002"
 4:26:10.814 [CE][Storage] Restoring file "C:\SERVICES\ni10839481_1_SHARE\ftproot\dayzstandalone\mpmissions\regular.namalsk\storage_1\data\dynamic_003.bin" 712 items.
 4:26:11.792   712 items loaded. (0 failed)
 4:26:11.795 [CE][Storage] ver:25 stamp:121387, valid:yes, name:"C:\SERVICES\ni10839481_1_SHARE\ftproot\dayzstandalone\mpmissions\regular.namalsk\storage_1\data\dynamic_004.bin"
 4:26:11.797 [CE][Storage] ver:25 stamp:121309, valid:yes, name:"C:\SERVICES\ni10839481_1_SHARE\ftproot\dayzstandalone\mpmissions\regular.namalsk\storage_1\data\dynamic_004.001"
 4:26:11.800 [CE][Storage] ver:25 stamp:121310, valid:yes, name:"C:\SERVICES\ni10839481_1_SHARE\ftproot\dayzstandalone\mpmissions\regular.namalsk\storage_1\data\dynamic_004.002"
 4:26:11.800 [CE][Storage] Restoring file "C:\SERVICES\ni10839481_1_SHARE\ftproot\dayzstandalone\mpmissions\regular.namalsk\storage_1\data\dynamic_004.bin" 1644 items.
 4:26:13.461   1644 items loaded. (0 failed)
 4:26:13.464 [CE][Storage] ver:25 stamp:121387, valid:yes, name:"C:\SERVICES\ni10839481_1_SHARE\ftproot\dayzstandalone\mpmissions\regular.namalsk\storage_1\data\dynamic_005.bin"
 4:26:13.467 [CE][Storage] ver:25 stamp:121309, valid:yes, name:"C:\SERVICES\ni10839481_1_SHARE\ftproot\dayzstandalone\mpmissions\regular.namalsk\storage_1\data\dynamic_005.001"
 4:26:13.469 [CE][Storage] ver:25 stamp:121310, valid:yes, name:"C:\SERVICES\ni10839481_1_SHARE\ftproot\dayzstandalone\mpmissions\regular.namalsk\storage_1\data\dynamic_005.002"
 4:26:13.469 [CE][Storage] Restoring file "C:\SERVICES\ni10839481_1_SHARE\ftproot\dayzstandalone\mpmissions\regular.namalsk\storage_1\data\dynamic_005.bin" 869 items.
 4:26:15.928   869 items loaded. (0 failed)
 4:26:15.931 [CE][Storage] ver:25 stamp:121387, valid:yes, name:"C:\SERVICES\ni10839481_1_SHARE\ftproot\dayzstandalone\mpmissions\regular.namalsk\storage_1\data\dynamic_006.bin"
 4:26:15.933 [CE][Storage] ver:25 stamp:121309, valid:yes, name:"C:\SERVICES\ni10839481_1_SHARE\ftproot\dayzstandalone\mpmissions\regular.namalsk\storage_1\data\dynamic_006.001"
 4:26:15.936 [CE][Storage] ver:25 stamp:121310, valid:yes, name:"C:\SERVICES\ni10839481_1_SHARE\ftproot\dayzstandalone\mpmissions\regular.namalsk\storage_1\data\dynamic_006.002"
 4:26:15.936 [CE][Storage] Restoring file "C:\SERVICES\ni10839481_1_SHARE\ftproot\dayzstandalone\mpmissions\regular.namalsk\storage_1\data\dynamic_006.bin" 1688 items.
 4:26:17.104   1688 items loaded. (0 failed)
 4:26:17.107 [CE][Storage] ver:25 stamp:121387, valid:yes, name:"C:\SERVICES\ni10839481_1_SHARE\ftproot\dayzstandalone\mpmissions\regular.namalsk\storage_1\data\dynamic_007.bin"
 4:26:17.109 [CE][Storage] ver:25 stamp:121309, valid:yes, name:"C:\SERVICES\ni10839481_1_SHARE\ftproot\dayzstandalone\mpmissions\regular.namalsk\storage_1\data\dynamic_007.001"
 4:26:17.112 [CE][Storage] ver:25 stamp:121310, valid:yes, name:"C:\SERVICES\ni10839481_1_SHARE\ftproot\dayzstandalone\mpmissions\regular.namalsk\storage_1\data\dynamic_007.002"
 4:26:17.112 [CE][Storage] Restoring file "C:\SERVICES\ni10839481_1_SHARE\ftproot\dayzstandalone\mpmissions\regular.namalsk\storage_1\data\dynamic_007.bin" 606 items.
 4:26:17.492   606 items loaded. (0 failed)
 4:26:17.494 [CE][Storage] ver:25 stamp:121387, valid:yes, name:"C:\SERVICES\ni10839481_1_SHARE\ftproot\dayzstandalone\mpmissions\regular.namalsk\storage_1\data\dynamic_008.bin"
 4:26:17.496 [CE][Storage] ver:25 stamp:121309, valid:yes, name:"C:\SERVICES\ni10839481_1_SHARE\ftproot\dayzstandalone\mpmissions\regular.namalsk\storage_1\data\dynamic_008.001"
 4:26:17.498 [CE][Storage] ver:25 stamp:121310, valid:yes, name:"C:\SERVICES\ni10839481_1_SHARE\ftproot\dayzstandalone\mpmissions\regular.namalsk\storage_1\data\dynamic_008.002"
 4:26:17.498 [CE][Storage] Restoring file "C:\SERVICES\ni10839481_1_SHARE\ftproot\dayzstandalone\mpmissions\regular.namalsk\storage_1\data\dynamic_008.bin" 134 items.
 4:26:17.602   134 items loaded. (0 failed)
 4:26:17.604 [CE][Storage] ver:25 stamp:121387, valid:yes, name:"C:\SERVICES\ni10839481_1_SHARE\ftproot\dayzstandalone\mpmissions\regular.namalsk\storage_1\data\dynamic_009.bin"
 4:26:17.606 [CE][Storage] ver:25 stamp:121309, valid:yes, name:"C:\SERVICES\ni10839481_1_SHARE\ftproot\dayzstandalone\mpmissions\regular.namalsk\storage_1\data\dynamic_009.001"
 4:26:17.607 [CE][Storage] ver:25 stamp:121310, valid:yes, name:"C:\SERVICES\ni10839481_1_SHARE\ftproot\dayzstandalone\mpmissions\regular.namalsk\storage_1\data\dynamic_009.002"
 4:26:17.608 [CE][Storage] Restoring file "C:\SERVICES\ni10839481_1_SHARE\ftproot\dayzstandalone\mpmissions\regular.namalsk\storage_1\data\dynamic_009.bin" 0 items.
 4:26:17.608   0 items loaded. (0 failed)
 4:26:17.609 [CE][Storage] ver:25 stamp:121387, valid:yes, name:"C:\SERVICES\ni10839481_1_SHARE\ftproot\dayzstandalone\mpmissions\regular.namalsk\storage_1\data\dynamic_010.bin"
 4:26:17.611 [CE][Storage] ver:25 stamp:121309, valid:yes, name:"C:\SERVICES\ni10839481_1_SHARE\ftproot\dayzstandalone\mpmissions\regular.namalsk\storage_1\data\dynamic_010.001"
 4:26:17.613 [CE][Storage] ver:25 stamp:121310, valid:yes, name:"C:\SERVICES\ni10839481_1_SHARE\ftproot\dayzstandalone\mpmissions\regular.namalsk\storage_1\data\dynamic_010.002"
 4:26:17.613 [CE][Storage] Restoring file "C:\SERVICES\ni10839481_1_SHARE\ftproot\dayzstandalone\mpmissions\regular.namalsk\storage_1\data\dynamic_010.bin" 40 items.
 4:26:17.721   40 items loaded. (0 failed)
 4:26:17.723 [CE][Storage] ver:25 stamp:121387, valid:yes, name:"C:\SERVICES\ni10839481_1_SHARE\ftproot\dayzstandalone\mpmissions\regular.namalsk\storage_1\data\dynamic_011.bin"
 4:26:17.726 [CE][Storage] ver:25 stamp:121309, valid:yes, name:"C:\SERVICES\ni10839481_1_SHARE\ftproot\dayzstandalone\mpmissions\regular.namalsk\storage_1\data\dynamic_011.001"
 4:26:17.728 [CE][Storage] ver:25 stamp:121310, valid:yes, name:"C:\SERVICES\ni10839481_1_SHARE\ftproot\dayzstandalone\mpmissions\regular.namalsk\storage_1\data\dynamic_011.002"
 4:26:17.729 [CE][Storage] Restoring file "C:\SERVICES\ni10839481_1_SHARE\ftproot\dayzstandalone\mpmissions\regular.namalsk\storage_1\data\dynamic_011.bin" 48 items.
 4:26:17.772   48 items loaded. (0 failed)
 4:26:17.775 [CE][Storage] ver:26 stamp:121387, valid:yes, name:"C:\SERVICES\ni10839481_1_SHARE\ftproot\dayzstandalone\mpmissions\regular.namalsk\storage_1\data\building.bin"
 4:26:17.777 [CE][Storage] ver:26 stamp:121309, valid:yes, name:"C:\SERVICES\ni10839481_1_SHARE\ftproot\dayzstandalone\mpmissions\regular.namalsk\storage_1\data\building.001"
 4:26:17.779 [CE][Storage] ver:26 stamp:121310, valid:yes, name:"C:\SERVICES\ni10839481_1_SHARE\ftproot\dayzstandalone\mpmissions\regular.namalsk\storage_1\data\building.002"
 4:26:17.779 [CE][Storage] Restoring file "C:\SERVICES\ni10839481_1_SHARE\ftproot\dayzstandalone\mpmissions\regular.namalsk\storage_1\data\building.bin" 0 items.
 4:26:17.779   0 items loaded. (0 failed)
 4:26:17.782 [CE][Storage] ver:25 stamp:121387, valid:yes, name:"C:\SERVICES\ni10839481_1_SHARE\ftproot\dayzstandalone\mpmissions\regular.namalsk\storage_1\data\vehicles.bin"
 4:26:17.784 [CE][Storage] ver:25 stamp:121309, valid:yes, name:"C:\SERVICES\ni10839481_1_SHARE\ftproot\dayzstandalone\mpmissions\regular.namalsk\storage_1\data\vehicles.001"
 4:26:17.787 [CE][Storage] ver:25 stamp:121310, valid:yes, name:"C:\SERVICES\ni10839481_1_SHARE\ftproot\dayzstandalone\mpmissions\regular.namalsk\storage_1\data\vehicles.002"
 4:26:17.787 [CE][Storage] Restoring file "C:\SERVICES\ni10839481_1_SHARE\ftproot\dayzstandalone\mpmissions\regular.namalsk\storage_1\data\vehicles.bin" 55 items.
 4:26:17.995   55 items loaded. (0 failed)
 4:26:18.27 [CE][Hive] :: Storage load took:7.52 seconds, recovery stamp:121387
 4:26:18.27   entity: 9843, building: 0
 4:26:18.27   no lifetime: 14
 4:26:18.27   pathgraph's: 448
 4:26:18.32 [CE][Hive] :: Initializing ... 
 4:26:18.99 [CE][InitializeMap] :: initialized: 0
 4:26:18.99 [CE][Hive] :: Initializing spawners ... 
 4:26:18.100 [CE][LootRespawner] (PRIDummy) :: Initially (re)spawned:0, Nominal:6458, Total in Map: 5939 at 0 (sec)
 4:26:18.100   tests:0, repeats:0 fails:0, overtime:0
 4:26:22.262 [CE][DynEvent] :: 23 types
 4:26:22.262 [00] Loot
 4:26:22.262   Primary Spawner: "Loot", active: yes, repeat: 2
 4:26:22.262 [01] StaticMedDrop
 4:26:22.262   Primary Spawner: "Static", active: yes, repeat: 1
 4:26:22.262 [02] StaticLifeboat
 4:26:22.262   Primary Spawner: "Static", active: yes, repeat: 1
 4:26:22.262 [03] ItemWoodenPlanks
 4:26:22.262   Primary Spawner: "Item", active: yes, repeat: 1
 4:26:22.262 [04] TrajectoryStones
 4:26:22.262   Primary Spawner: "Trajectory", active: yes, repeat: 1
 4:26:22.262 [05] InfectedSanta
 4:26:22.262   Primary Spawner: "Infected", active: yes, repeat: 1
 4:26:22.262 [06] InfectedArmy
 4:26:22.262   Primary Spawner: "Infected", active: yes, repeat: 1
 4:26:22.262 [07] InfectedIndustrial
 4:26:22.262   Primary Spawner: "Infected", active: yes, repeat: 1
 4:26:22.262 [08] InfectedCivil
 4:26:22.262   Primary Spawner: "Infected", active: yes, repeat: 1
 4:26:22.262 [09] InfectedMedic
 4:26:22.262   Primary Spawner: "Infected", active: yes, repeat: 1
 4:26:22.262 [10] AnimalGoat
 4:26:22.262   Primary Spawner: "Animal", active: yes, repeat: 1
 4:26:22.262 [11] AnimalSheep
 4:26:22.262   Primary Spawner: "Animal", active: yes, repeat: 1
 4:26:22.262 [12] AnimalReindeer
 4:26:22.262   Primary Spawner: "Animal", active: yes, repeat: 1
 4:26:22.262 [13] AnimalWildBoar
 4:26:22.262   Primary Spawner: "Animal", active: yes, repeat: 1
 4:26:22.262 [14] AnimalWolf
 4:26:22.262   Primary Spawner: "Animal", active: yes, repeat: 1
 4:26:22.262 [15] AnimalBrownBear
 4:26:22.262   Primary Spawner: "Animal", active: yes, repeat: 1
 4:26:22.262 [16] AnimalPolarBear
 4:26:22.262   Primary Spawner: "Animal", active: yes, repeat: 1
 4:26:22.262 [17] AmbientFox
 4:26:22.262   Primary Spawner: "Ambient", active: yes, repeat: 1
 4:26:22.262 [18] AmbientHare
 4:26:22.262   Primary Spawner: "Ambient", active: yes, repeat: 1
 4:26:22.262 [19] VehicleRubberBoats
 4:26:22.262   Primary Spawner: "Vehicle", active: yes, repeat: 1
 4:26:22.262 [20] VehicleCivilianCars
 4:26:22.262   Primary Spawner: "Vehicle", active: yes, repeat: 1
 4:26:22.262 [21] VehicleTrucks
 4:26:22.262   Primary Spawner: "Vehicle", active: yes, repeat: 1
 4:26:22.262 [22] VehicleMilitary
 4:26:22.262   Primary Spawner: "Vehicle", active: yes, repeat: 1
 4:26:22.263 [CE][Hive] :: Initializing of spawners done.
 4:26:22.273 [CE][Hive] :: Init sequence finished.
 4:26:22.273 Player connect enabled
 4:26:22.836 [IdleMode] Entering IN - save processed
11:09:54.422 [Shutdown] Shutting down in 5400 seconds (90 minutes).
11:40:48.832 [Shutdown] Shutting down in 3600 seconds (60 minutes).
11:56:15.514 [Shutdown] Shutting down in 2700 seconds (45 minutes).
12:11:42.477 [Shutdown] Shutting down in 1800 seconds (30 minutes).
12:22:01.342 [Shutdown] Shutting down in 1200 seconds (20 minutes).
12:27:11.196 [Shutdown] Shutting down in 900 seconds (15 minutes).
12:32:20.538 [Shutdown] Shutting down in 600 seconds (10 minutes).
12:37:30.44 [Shutdown] Shutting down in 300 seconds (5 minutes).
12:38:31.980 [Shutdown] Shutting down in 240 seconds (4 minutes).
12:39:33.859 [Shutdown] Shutting down in 180 seconds (3 minutes).
12:40:35.721 [Shutdown] Shutting down in 120 seconds (2 minutes).
12:41:37.659 [Shutdown] Shutting down in 60 seconds (1 minutes).
12:41:37.755 [Shutdown] Saving players, locking server and kicking all players.
12:42:39.510 [Server] :: termination in: 5
12:42:40.511 [Server] :: termination in: 4
12:42:41.511 [Server] :: termination in: 3
12:42:42.512 [Server] :: termination in: 2
12:42:43.512 [Server] :: termination in: 1
12:42:52.834  --- Termination successfully completed --- 
